Archive member included to satisfy reference by file (symbol)

c:/stm32/gnu mcu eclipse/arm embedded gcc/8.2.1-1.4-20190214-0604/bin/../lib/gcc/arm-none-eabi/8.2.1/../../../../arm-none-eabi/lib/thumb/v7e-m+fp/hard\libc_nano.a(lib_a-exit.o)
                              c:/stm32/gnu mcu eclipse/arm embedded gcc/8.2.1-1.4-20190214-0604/bin/../lib/gcc/arm-none-eabi/8.2.1/../../../../arm-none-eabi/lib/thumb/v7e-m+fp/hard/crt0.o (exit)
c:/stm32/gnu mcu eclipse/arm embedded gcc/8.2.1-1.4-20190214-0604/bin/../lib/gcc/arm-none-eabi/8.2.1/../../../../arm-none-eabi/lib/thumb/v7e-m+fp/hard\libc_nano.a(lib_a-impure.o)
                              c:/stm32/gnu mcu eclipse/arm embedded gcc/8.2.1-1.4-20190214-0604/bin/../lib/gcc/arm-none-eabi/8.2.1/../../../../arm-none-eabi/lib/thumb/v7e-m+fp/hard\libc_nano.a(lib_a-exit.o) (_global_impure_ptr)
c:/stm32/gnu mcu eclipse/arm embedded gcc/8.2.1-1.4-20190214-0604/bin/../lib/gcc/arm-none-eabi/8.2.1/../../../../arm-none-eabi/lib/thumb/v7e-m+fp/hard\libc_nano.a(lib_a-init.o)
                              c:/stm32/gnu mcu eclipse/arm embedded gcc/8.2.1-1.4-20190214-0604/bin/../lib/gcc/arm-none-eabi/8.2.1/../../../../arm-none-eabi/lib/thumb/v7e-m+fp/hard/crt0.o (__libc_init_array)
c:/stm32/gnu mcu eclipse/arm embedded gcc/8.2.1-1.4-20190214-0604/bin/../lib/gcc/arm-none-eabi/8.2.1/../../../../arm-none-eabi/lib/thumb/v7e-m+fp/hard\libc_nano.a(lib_a-malloc.o)
                              build/usbd_msc.o (malloc)
c:/stm32/gnu mcu eclipse/arm embedded gcc/8.2.1-1.4-20190214-0604/bin/../lib/gcc/arm-none-eabi/8.2.1/../../../../arm-none-eabi/lib/thumb/v7e-m+fp/hard\libc_nano.a(lib_a-memcmp.o)
                              build/lv_obj.o (memcmp)
c:/stm32/gnu mcu eclipse/arm embedded gcc/8.2.1-1.4-20190214-0604/bin/../lib/gcc/arm-none-eabi/8.2.1/../../../../arm-none-eabi/lib/thumb/v7e-m+fp/hard\libc_nano.a(lib_a-memcpy-stub.o)
                              build/XPT2046_lv.o (memcpy)
c:/stm32/gnu mcu eclipse/arm embedded gcc/8.2.1-1.4-20190214-0604/bin/../lib/gcc/arm-none-eabi/8.2.1/../../../../arm-none-eabi/lib/thumb/v7e-m+fp/hard\libc_nano.a(lib_a-memset.o)
                              c:/stm32/gnu mcu eclipse/arm embedded gcc/8.2.1-1.4-20190214-0604/bin/../lib/gcc/arm-none-eabi/8.2.1/../../../../arm-none-eabi/lib/thumb/v7e-m+fp/hard/crt0.o (memset)
c:/stm32/gnu mcu eclipse/arm embedded gcc/8.2.1-1.4-20190214-0604/bin/../lib/gcc/arm-none-eabi/8.2.1/../../../../arm-none-eabi/lib/thumb/v7e-m+fp/hard\libc_nano.a(lib_a-nano-freer.o)
                              c:/stm32/gnu mcu eclipse/arm embedded gcc/8.2.1-1.4-20190214-0604/bin/../lib/gcc/arm-none-eabi/8.2.1/../../../../arm-none-eabi/lib/thumb/v7e-m+fp/hard\libc_nano.a(lib_a-malloc.o) (_free_r)
c:/stm32/gnu mcu eclipse/arm embedded gcc/8.2.1-1.4-20190214-0604/bin/../lib/gcc/arm-none-eabi/8.2.1/../../../../arm-none-eabi/lib/thumb/v7e-m+fp/hard\libc_nano.a(lib_a-nano-mallocr.o)
                              c:/stm32/gnu mcu eclipse/arm embedded gcc/8.2.1-1.4-20190214-0604/bin/../lib/gcc/arm-none-eabi/8.2.1/../../../../arm-none-eabi/lib/thumb/v7e-m+fp/hard\libc_nano.a(lib_a-malloc.o) (_malloc_r)
c:/stm32/gnu mcu eclipse/arm embedded gcc/8.2.1-1.4-20190214-0604/bin/../lib/gcc/arm-none-eabi/8.2.1/../../../../arm-none-eabi/lib/thumb/v7e-m+fp/hard\libc_nano.a(lib_a-puts.o)
                              build/lv_ex_btn_1.o (puts)
c:/stm32/gnu mcu eclipse/arm embedded gcc/8.2.1-1.4-20190214-0604/bin/../lib/gcc/arm-none-eabi/8.2.1/../../../../arm-none-eabi/lib/thumb/v7e-m+fp/hard\libc_nano.a(lib_a-sbrkr.o)
                              c:/stm32/gnu mcu eclipse/arm embedded gcc/8.2.1-1.4-20190214-0604/bin/../lib/gcc/arm-none-eabi/8.2.1/../../../../arm-none-eabi/lib/thumb/v7e-m+fp/hard\libc_nano.a(lib_a-nano-mallocr.o) (_sbrk_r)
c:/stm32/gnu mcu eclipse/arm embedded gcc/8.2.1-1.4-20190214-0604/bin/../lib/gcc/arm-none-eabi/8.2.1/../../../../arm-none-eabi/lib/thumb/v7e-m+fp/hard\libc_nano.a(lib_a-strcmp.o)
                              build/lv_btnmatrix.o (strcmp)
c:/stm32/gnu mcu eclipse/arm embedded gcc/8.2.1-1.4-20190214-0604/bin/../lib/gcc/arm-none-eabi/8.2.1/../../../../arm-none-eabi/lib/thumb/v7e-m+fp/hard\libc_nano.a(lib_a-strcpy.o)
                              build/lv_calendar.o (strcpy)
c:/stm32/gnu mcu eclipse/arm embedded gcc/8.2.1-1.4-20190214-0604/bin/../lib/gcc/arm-none-eabi/8.2.1/../../../../arm-none-eabi/lib/thumb/v7e-m+fp/hard\libc_nano.a(lib_a-strlen.o)
                              build/lv_dropdown.o (strlen)
c:/stm32/gnu mcu eclipse/arm embedded gcc/8.2.1-1.4-20190214-0604/bin/../lib/gcc/arm-none-eabi/8.2.1/../../../../arm-none-eabi/lib/thumb/v7e-m+fp/hard\libc_nano.a(lib_a-strncpy.o)
                              build/lv_chart.o (strncpy)
c:/stm32/gnu mcu eclipse/arm embedded gcc/8.2.1-1.4-20190214-0604/bin/../lib/gcc/arm-none-eabi/8.2.1/../../../../arm-none-eabi/lib/thumb/v7e-m+fp/hard\libc_nano.a(lib_a-wbuf.o)
[...]
Memory Configuration

Name             Origin             Length             Attributes
RAM              0x0000000020000000 0x0000000000020000 xrw
CCMRAM           0x0000000010000000 0x0000000000010000 xrw
FLASH            0x0000000008000000 0x0000000000080000 xr
*default*        0x0000000000000000 0xffffffffffffffff

Linker script and memory map

LOAD c:/stm32/gnu mcu eclipse/arm embedded gcc/8.2.1-1.4-20190214-0604/bin/../lib/gcc/arm-none-eabi/8.2.1/thumb/v7e-m+fp/hard/crti.o
LOAD c:/stm32/gnu mcu eclipse/arm embedded gcc/8.2.1-1.4-20190214-0604/bin/../lib/gcc/arm-none-eabi/8.2.1/thumb/v7e-m+fp/hard/crtbegin.o
LOAD c:/stm32/gnu mcu eclipse/arm embedded gcc/8.2.1-1.4-20190214-0604/bin/../lib/gcc/arm-none-eabi/8.2.1/../../../../arm-none-eabi/lib/thumb/v7e-m+fp/hard/crt0.o
LOAD build/main.o
LOAD build/ILI9341_GFX.o
LOAD build/ILI9341_STM32_Driver.o
LOAD build/XPT2046_lv.o
LOAD build/touchpad.o
LOAD build/lv_demo_widgets.o
LOAD build/lv_ex_btn_1.o
LOAD build/lv_demo_benchmark.o
LOAD build/lv_font_montserrat_28_compr_az.o
LOAD build/lv_font_montserrat_16_compr_az.o
LOAD build/lv_font_montserrat_12_compr_az.o
LOAD build/img_cogwheel_alpha16.o
LOAD build/img_cogwheel_argb.o
LOAD build/img_cogwheel_rgb.o
LOAD build/img_cogwheel_indexed16.o
LOAD build/img_cogwheel_chroma_keyed.o
LOAD build/lv_gpu_stm32_dma2d.o
LOAD build/lv_fs.o
LOAD build/lv_theme_material.o
LOAD build/lv_indev.o
LOAD build/lv_hal_indev.o
LOAD build/lv_printf.o
LOAD build/lv_arc.o
LOAD build/lv_bar.o
LOAD build/lv_btn.o
LOAD build/lv_btnmatrix.o
LOAD build/lv_calendar.o
LOAD build/lv_canvas.o
LOAD build/lv_chart.o
LOAD build/lv_checkbox.o
LOAD build/lv_cont.o
LOAD build/lv_cpicker.o
LOAD build/lv_dropdown.o
LOAD build/lv_gauge.o
LOAD build/lv_img.o
LOAD build/lv_imgbtn.o
LOAD build/lv_keyboard.o
LOAD build/lv_label.o
LOAD build/lv_led.o
LOAD build/lv_line.o
LOAD build/lv_linemeter.o
LOAD build/lv_list.o
LOAD build/lv_msgbox.o
LOAD build/lv_objmask.o
LOAD build/lv_objx_templ.o
LOAD build/lv_page.o
LOAD build/lv_roller.o
LOAD build/lv_slider.o
LOAD build/lv_spinbox.o
LOAD build/lv_spinner.o
LOAD build/lv_switch.o
LOAD build/lv_table.o
LOAD build/lv_tabview.o
LOAD build/lv_textarea.o
LOAD build/lv_tileview.o
LOAD build/lv_win.o
LOAD build/lv_group.o
LOAD build/lv_obj.o
LOAD build/lv_refr.o
LOAD build/lv_style.o
LOAD build/lv_disp.o
LOAD build/lv_hal_tick.o
LOAD build/lv_hal_disp.o
LOAD build/lv_gc.o
LOAD build/lv_debug.o
LOAD build/lv_task.o
LOAD build/lv_mem.o
LOAD build/lv_ll.o
LOAD build/lv_txt.o
LOAD build/lv_math.o
LOAD build/lv_area.o
LOAD build/lv_color.o
LOAD build/lv_anim.o
LOAD build/lv_utils.o
LOAD build/lv_theme.o
LOAD build/lv_draw_rect.o
LOAD build/lv_draw_blend.o
LOAD build/lv_draw_mask.o
LOAD build/lv_draw_arc.o
LOAD build/lv_draw_img.o
LOAD build/lv_draw_label.o
LOAD build/lv_draw_line.o
LOAD build/lv_draw_triangle.o
LOAD build/lv_img_buf.o
LOAD build/lv_img_cache.o
LOAD build/lv_img_decoder.o
LOAD build/lv_font.o
LOAD build/lv_font_fmt_txt.o
LOAD build/lv_font_montserrat_8.o
LOAD build/lv_font_montserrat_10.o
LOAD build/lv_font_montserrat_12.o
LOAD build/lv_font_montserrat_14.o
LOAD build/lv_font_montserrat_20.o
LOAD build/lv_font_montserrat_24.o
LOAD build/lv_font_montserrat_16.o
LOAD build/lv_font_montserrat_30.o
LOAD build/usb_device.o
LOAD build/usbd_conf.o
LOAD build/usbd_desc.o
LOAD build/usbd_storage_if.o
LOAD build/stm32f4xx_it.o
LOAD build/stm32f4xx_hal_msp.o
LOAD build/stm32f4xx_hal_pcd.o
LOAD build/stm32f4xx_hal_pcd_ex.o
LOAD build/stm32f4xx_ll_usb.o
LOAD build/stm32f4xx_hal_rcc.o
LOAD build/stm32f4xx_hal_rcc_ex.o
LOAD build/stm32f4xx_hal_flash.o
LOAD build/stm32f4xx_hal_flash_ex.o
LOAD build/stm32f4xx_hal_flash_ramfunc.o
LOAD build/stm32f4xx_hal_gpio.o
LOAD build/stm32f4xx_hal_dma_ex.o
LOAD build/stm32f4xx_hal_dma.o
LOAD build/stm32f4xx_hal_pwr.o
LOAD build/stm32f4xx_hal_pwr_ex.o
LOAD build/stm32f4xx_hal_cortex.o
LOAD build/stm32f4xx_hal.o
LOAD build/stm32f4xx_hal_exti.o
LOAD build/stm32f4xx_ll_fsmc.o
LOAD build/stm32f4xx_hal_sram.o
LOAD build/stm32f4xx_hal_rng.o
LOAD build/stm32f4xx_ll_sdmmc.o
LOAD build/stm32f4xx_hal_sd.o
LOAD build/stm32f4xx_hal_spi.o
LOAD build/stm32f4xx_hal_tim.o
LOAD build/stm32f4xx_hal_tim_ex.o
LOAD build/system_stm32f4xx.o
LOAD build/usbd_core.o
LOAD build/usbd_ctlreq.o
LOAD build/usbd_ioreq.o
LOAD build/usbd_msc.o
LOAD build/usbd_msc_bot.o
LOAD build/usbd_msc_data.o
LOAD build/usbd_msc_scsi.o
LOAD build/startup_stm32f407xx.o
LOAD c:/stm32/gnu mcu eclipse/arm embedded gcc/8.2.1-1.4-20190214-0604/bin/../lib/gcc/arm-none-eabi/8.2.1/../../../../arm-none-eabi/lib/thumb/v7e-m+fp/hard\libc_nano.a
LOAD c:/stm32/gnu mcu eclipse/arm embedded gcc/8.2.1-1.4-20190214-0604/bin/../lib/gcc/arm-none-eabi/8.2.1/../../../../arm-none-eabi/lib/thumb/v7e-m+fp/hard\libm.a
LOAD c:/stm32/gnu mcu eclipse/arm embedded gcc/8.2.1-1.4-20190214-0604/bin/../lib/gcc/arm-none-eabi/8.2.1/../../../../arm-none-eabi/lib/thumb/v7e-m+fp/hard\libnosys.a
START GROUP
LOAD c:/stm32/gnu mcu eclipse/arm embedded gcc/8.2.1-1.4-20190214-0604/bin/../lib/gcc/arm-none-eabi/8.2.1/thumb/v7e-m+fp/hard\libgcc.a
LOAD c:/stm32/gnu mcu eclipse/arm embedded gcc/8.2.1-1.4-20190214-0604/bin/../lib/gcc/arm-none-eabi/8.2.1/../../../../arm-none-eabi/lib/thumb/v7e-m+fp/hard\libc_nano.a
END GROUP
START GROUP
LOAD c:/stm32/gnu mcu eclipse/arm embedded gcc/8.2.1-1.4-20190214-0604/bin/../lib/gcc/arm-none-eabi/8.2.1/thumb/v7e-m+fp/hard\libgcc.a
LOAD c:/stm32/gnu mcu eclipse/arm embedded gcc/8.2.1-1.4-20190214-0604/bin/../lib/gcc/arm-none-eabi/8.2.1/../../../../arm-none-eabi/lib/thumb/v7e-m+fp/hard\libc_nano.a
END GROUP
LOAD c:/stm32/gnu mcu eclipse/arm embedded gcc/8.2.1-1.4-20190214-0604/bin/../lib/gcc/arm-none-eabi/8.2.1/thumb/v7e-m+fp/hard/crtend.o
LOAD c:/stm32/gnu mcu eclipse/arm embedded gcc/8.2.1-1.4-20190214-0604/bin/../lib/gcc/arm-none-eabi/8.2.1/thumb/v7e-m+fp/hard/crtn.o
                0x0000000020020000                _estack = 0x20020000
                0x0000000000002000                _Min_Heap_Size = 0x2000
                0x0000000000002000                _Min_Stack_Size = 0x2000

.isr_vector     0x0000000008000000      0x188
                0x0000000008000000                . = ALIGN (0x4)
 *(.isr_vector)
 .isr_vector    0x0000000008000000      0x188 build/startup_stm32f407xx.o
                0x0000000008000000                g_pfnVectors
                0x0000000008000188                . = ALIGN (0x4)

.text           0x0000000008000188    0x357d4
                0x0000000008000188                . = ALIGN (0x4)
 *(.text)
 .text          0x0000000008000188       0x14 c:/stm32/gnu mcu eclipse/arm embedded gcc/8.2.1-1.4-20190214-0604/bin/../lib/gcc/arm-none-eabi/8.2.1/../../../../arm-none-eabi/lib/thumb/v7e-m+fp/hard\libc_nano.a(lib_a-strcmp.o)
                0x0000000008000188                strcmp
 .text          0x000000000800019c       0x10 c:/stm32/gnu mcu eclipse/arm embedded gcc/8.2.1-1.4-20190214-0604/bin/../lib/gcc/arm-none-eabi/8.2.1/../../../../arm-none-eabi/lib/thumb/v7e-m+fp/hard\libc_nano.a(lib_a-strlen.o)
                0x000000000800019c                strlen
 .text          0x00000000080001ac       0x30 c:/stm32/gnu mcu eclipse/arm embedded gcc/8.2.1-1.4-20190214-0604/bin/../lib/gcc/arm-none-eabi/8.2.1/thumb/v7e-m+fp/hard\libgcc.a(_aeabi_uldivmod.o)
                0x00000000080001ac                __aeabi_uldivmod
 .text          0x00000000080001dc        0x4 c:/stm32/gnu mcu eclipse/arm embedded gcc/8.2.1-1.4-20190214-0604/bin/../lib/gcc/arm-none-eabi/8.2.1/thumb/v7e-m+fp/hard\libgcc.a(_dvmd_tls.o)
                0x00000000080001dc                __aeabi_idiv0
                0x00000000080001dc                __aeabi_ldiv0
 *(.text*)
 .text.deregister_tm_clones
                0x00000000080001e0       0x1c c:/stm32/gnu mcu eclipse/arm embedded gcc/8.2.1-1.4-20190214-0604/bin/../lib/gcc/arm-none-eabi/8.2.1/thumb/v7e-m+fp/hard/crtbegin.o
 .text.register_tm_clones
                0x00000000080001fc       0x24 c:/stm32/gnu mcu eclipse/arm embedded gcc/8.2.1-1.4-20190214-0604/bin/../lib/gcc/arm-none-eabi/8.2.1/thumb/v7e-m+fp/hard/crtbegin.o
 .text.__do_global_dtors_aux
                0x0000000008000220       0x28 c:/stm32/gnu mcu eclipse/arm embedded gcc/8.2.1-1.4-20190214-0604/bin/../lib/gcc/arm-none-eabi/8.2.1/thumb/v7e-m+fp/hard/crtbegin.o
 .text.frame_dummy
                0x0000000008000248       0x24 c:/stm32/gnu mcu eclipse/arm embedded gcc/8.2.1-1.4-20190214-0604/bin/../lib/gcc/arm-none-eabi/8.2.1/thumb/v7e-m+fp/hard/crtbegin.o
 .text.MX_GPIO_Init
                0x000000000800026c      0x18c build/main.o
 .text.MX_FSMC_Init
                0x00000000080003f8       0x5c build/main.o
 .text.MX_RNG_Init
                0x0000000008000454       0x18 build/main.o
 .text.MX_SDIO_SD_Init
                0x000000000800046c       0x34 build/main.o
 .text.MX_SPI2_Init
                0x00000000080004a0       0x3c build/main.o
 .text.MX_SPI3_Init
                0x00000000080004dc       0x38 build/main.o
 .text.SystemClock_Config
                0x0000000008000514       0x98 build/main.o
                0x0000000008000514                SystemClock_Config
 .text.main     0x00000000080005ac       0x48 build/main.o
                0x00000000080005ac                main
 .text.HAL_GPIO_EXTI_Callback
                0x00000000080005f4       0x20 build/main.o
                0x00000000080005f4                HAL_GPIO_EXTI_Callback
 .text.Error_Handler
                0x0000000008000614        0x2 build/main.o
                0x0000000008000614                Error_Handler
 *fill*         0x0000000008000616        0x2 
 .text.monitor_cb
                0x0000000008000618        0xc build/ILI9341_STM32_Driver.o
                0x0000000008000618                monitor_cb
 .text.DMA_TransferError
                0x0000000008000624        0x2 build/ILI9341_STM32_Driver.o
 *fill*         0x0000000008000626        0x2 
 .text.ILI9341_Write_Command
                0x0000000008000628        0xc build/ILI9341_STM32_Driver.o
                0x0000000008000628                ILI9341_Write_Command
 .text.lcdDelay
                0x0000000008000634        0x8 build/ILI9341_STM32_Driver.o
                0x0000000008000634                lcdDelay
 .text.ILI9341_Write_Data
                0x000000000800063c        0xc build/ILI9341_STM32_Driver.o
                0x000000000800063c                ILI9341_Write_Data
 .text.ILI9341_Set_Address
                0x0000000008000648       0x4e build/ILI9341_STM32_Driver.o
                0x0000000008000648                ILI9341_Set_Address
 *fill*         0x0000000008000696        0x2 
 .text.DMA_TransferComplete
                0x0000000008000698       0x84 build/ILI9341_STM32_Driver.o
 .text.tft_flush_cb
                0x000000000800071c       0x94 build/ILI9341_STM32_Driver.o
 .text.ILI9341_Reset
                0x00000000080007b0       0x2c build/ILI9341_STM32_Driver.o
                0x00000000080007b0                ILI9341_Reset
 .text.ILI9341_Set_Rotation
                0x00000000080007dc       0x7c build/ILI9341_STM32_Driver.o
                0x00000000080007dc                ILI9341_Set_Rotation
 .text.DMA_Init
                0x0000000008000858       0x9c build/ILI9341_STM32_Driver.o
                0x0000000008000858                DMA_Init
 .text.LV_tft_init
                0x00000000080008f4       0x40 build/ILI9341_STM32_Driver.o
                0x00000000080008f4                LV_tft_init
 .text.ILI9341_Fill_Screen
                0x0000000008000934       0x40 build/ILI9341_STM32_Driver.o
                0x0000000008000934                ILI9341_Fill_Screen
 .text.ILI9341_Init
                0x0000000008000974      0x20e build/ILI9341_STM32_Driver.o
                0x0000000008000974                ILI9341_Init
 *fill*         0x0000000008000b82        0x2 
 .text._spi_init
                0x0000000008000b84       0x44 build/XPT2046_lv.o
 .text._XPT2046_TouchSelect
                0x0000000008000bc8       0x14 build/XPT2046_lv.o
 .text._XPT2046_TouchUnselect
                0x0000000008000bdc       0x14 build/XPT2046_lv.o
 .text.XPT2046_init
                0x0000000008000bf0        0xc build/XPT2046_lv.o
                0x0000000008000bf0                XPT2046_init
 .text.xpt2046_lv_init
                0x0000000008000bfc       0x18 build/XPT2046_lv.o
                0x0000000008000bfc                xpt2046_lv_init
 .text.XPT2046_TouchPressed
                0x0000000008000c14       0x18 build/XPT2046_lv.o
                0x0000000008000c14                XPT2046_TouchPressed
 .text.xpt2046_getXY
                0x0000000008000c2c      0x198 build/XPT2046_lv.o
                0x0000000008000c2c                xpt2046_getXY
 .text.xpt2046_read
                0x0000000008000dc4       0x38 build/XPT2046_lv.o
                0x0000000008000dc4                xpt2046_read
 .text.lv_touchpad_init
                0x0000000008000dfc       0x30 build/touchpad.o
                0x0000000008000dfc                lv_touchpad_init
 .text.color_chg_event_cb
                0x0000000008000e2c       0x5a build/lv_demo_widgets.o
 *fill*         0x0000000008000e86        0x2 
 .text.ta_event_cb
                0x0000000008000e88       0x90 build/lv_demo_widgets.o
 .text.kb_event_cb
                0x0000000008000f18       0x44 build/lv_demo_widgets.o
 .text.slider_event_cb
                0x0000000008000f5c       0x78 build/lv_demo_widgets.o
 .text.controls_create
                0x0000000008000fd4      0x3a4 build/lv_demo_widgets.o
 .text.bar_anim
                0x0000000008001378       0x60 build/lv_demo_widgets.o
 .text.arc_anim
                0x00000000080013d8       0x48 build/lv_demo_widgets.o
 .text.linemeter_anim
                0x0000000008001420       0x44 build/lv_demo_widgets.o
 .text.gauge_anim
                0x0000000008001464       0x50 build/lv_demo_widgets.o
 .text.visuals_create
                0x00000000080014b4      0x728 build/lv_demo_widgets.o
 .text.table_event_cb
                0x0000000008001bdc       0x5c build/lv_demo_widgets.o
 .text.selectors_create
                0x0000000008001c38      0x4e8 build/lv_demo_widgets.o
 .text.lv_demo_widgets
                0x0000000008002120      0x1ec build/lv_demo_widgets.o
                0x0000000008002120                lv_demo_widgets
 .text.theme_apply
                0x000000000800230c      0x6d4 build/lv_theme_material.o
 .text.style_init_reset
                0x00000000080029e0       0x18 build/lv_theme_material.o
 .text.bar_init
                0x00000000080029f8      0x1bc build/lv_theme_material.o
 .text.slider_init
                0x0000000008002bb4      0x274 build/lv_theme_material.o
 .text.switch_init
                0x0000000008002e28      0x110 build/lv_theme_material.o
 .text.linemeter_init
                0x0000000008002f38      0x214 build/lv_theme_material.o
 .text.gauge_init
                0x000000000800314c      0x48c build/lv_theme_material.o
 .text.arc_init
                0x00000000080035d8      0x158 build/lv_theme_material.o
 .text.chart_init
                0x0000000008003730      0x234 build/lv_theme_material.o
 .text.calendar_init
                0x0000000008003964      0x708 build/lv_theme_material.o
 .text.cpicker_init
                0x000000000800406c      0x26c build/lv_theme_material.o
 .text.checkbox_init
                0x00000000080042d8      0x2dc build/lv_theme_material.o
 .text.keyboard_init
                0x00000000080045b4      0x1c8 build/lv_theme_material.o
 .text.msgbox_init
                0x000000000800477c       0x8c build/lv_theme_material.o
 .text.page_init
                0x0000000008004808      0x158 build/lv_theme_material.o
 .text.textarea_init
                0x0000000008004960      0x118 build/lv_theme_material.o
 .text.spinbox_init
                0x0000000008004a78       0xc4 build/lv_theme_material.o
 .text.list_init
                0x0000000008004b3c      0x770 build/lv_theme_material.o
 .text.ddlist_init
                0x00000000080052ac      0x120 build/lv_theme_material.o
 .text.roller_init
                0x00000000080053cc       0x94 build/lv_theme_material.o
 .text.table_init
                0x0000000008005460      0x254 build/lv_theme_material.o
 .text.tabview_win_shared_init
                0x00000000080056b4      0x578 build/lv_theme_material.o
 .text.led_init
                0x0000000008005c2c       0xf0 build/lv_theme_material.o
 .text.basic_init
                0x0000000008005d1c     0x14e8 build/lv_theme_material.o
 .text.lv_theme_material_init
                0x0000000008007204       0xc0 build/lv_theme_material.o
                0x0000000008007204                lv_theme_material_init
 .text.indev_proc_reset_query_handler
                0x00000000080072c4       0x58 build/lv_indev.o
 .text.indev_reset_check
                0x000000000800731c       0x1c build/lv_indev.o
 .text.get_dragged_obj
                0x0000000008007338       0x1e build/lv_indev.o
 *fill*         0x0000000008007356        0x2 
 .text.indev_drag_throw
                0x0000000008007358      0x1ac build/lv_indev.o
 .text.indev_proc_release
                0x0000000008007504      0x190 build/lv_indev.o
 .text.indev_click_focus
                0x0000000008007694      0x16c build/lv_indev.o
 .text.indev_drag
                0x0000000008007800      0x2d4 build/lv_indev.o
 .text.indev_gesture
                0x0000000008007ad4       0xe8 build/lv_indev.o
 .text.indev_keypad_proc
                0x0000000008007bbc      0x2f8 build/lv_indev.o
 .text.indev_encoder_proc
                0x0000000008007eb4      0x444 build/lv_indev.o
 .text.lv_indev_get_act
                0x00000000080082f8        0xc build/lv_indev.o
                0x00000000080082f8                lv_indev_get_act
 .text.lv_indev_get_type
                0x0000000008008304        0xa build/lv_indev.o
                0x0000000008008304                lv_indev_get_type
 *fill*         0x000000000800830e        0x2 
 .text.lv_indev_reset
                0x0000000008008310       0x78 build/lv_indev.o
                0x0000000008008310                lv_indev_reset
 .text._lv_indev_init
                0x0000000008008388        0xc build/lv_indev.o
                0x0000000008008388                _lv_indev_init
 .text.lv_indev_reset_long_press
                0x0000000008008394       0x1e build/lv_indev.o
                0x0000000008008394                lv_indev_reset_long_press
 .text.lv_indev_get_point
                0x00000000080083b2       0x2e build/lv_indev.o
                0x00000000080083b2                lv_indev_get_point
 .text.lv_indev_is_dragging
                0x00000000080083e0       0x20 build/lv_indev.o
                0x00000000080083e0                lv_indev_is_dragging
 .text.lv_indev_get_vect
                0x0000000008008400       0x2c build/lv_indev.o
                0x0000000008008400                lv_indev_get_vect
 .text.lv_indev_finish_drag
                0x000000000800842c       0x5a build/lv_indev.o
                0x000000000800842c                lv_indev_finish_drag
 .text.lv_indev_wait_release
                0x0000000008008486       0x10 build/lv_indev.o
                0x0000000008008486                lv_indev_wait_release
 *fill*         0x0000000008008496        0x2 
 .text.lv_indev_get_obj_act
                0x0000000008008498        0xc build/lv_indev.o
                0x0000000008008498                lv_indev_get_obj_act
 .text.lv_indev_search_obj
                0x00000000080084a4       0x72 build/lv_indev.o
                0x00000000080084a4                lv_indev_search_obj
 *fill*         0x0000000008008516        0x2 
 .text.indev_proc_press
                0x0000000008008518      0x360 build/lv_indev.o
 .text.indev_pointer_proc
                0x0000000008008878       0x52 build/lv_indev.o
 .text.indev_button_proc
                0x00000000080088ca       0x7a build/lv_indev.o
 .text._lv_indev_read_task
                0x0000000008008944       0xc4 build/lv_indev.o
                0x0000000008008944                _lv_indev_read_task
 .text.lv_indev_drv_init
                0x0000000008008a08       0x28 build/lv_hal_indev.o
                0x0000000008008a08                lv_indev_drv_init
 .text.lv_indev_drv_register
                0x0000000008008a30       0x78 build/lv_hal_indev.o
                0x0000000008008a30                lv_indev_drv_register
 .text.lv_indev_get_next
                0x0000000008008aa8       0x1c build/lv_hal_indev.o
                0x0000000008008aa8                lv_indev_get_next
 .text._lv_indev_read
                0x0000000008008ac4       0x48 build/lv_hal_indev.o
                0x0000000008008ac4                _lv_indev_read
 .text._out_buffer
                0x0000000008008b0c        0x8 build/lv_printf.o
 .text._out_null
                0x0000000008008b14        0x2 build/lv_printf.o
 .text._atoi    0x0000000008008b16       0x24 build/lv_printf.o
 .text._out_rev
                0x0000000008008b3a       0x72 build/lv_printf.o
 .text._ntoa_format
                0x0000000008008bac      0x11a build/lv_printf.o
 .text._ntoa_long
                0x0000000008008cc6       0x96 build/lv_printf.o
 .text._ntoa_long_long
                0x0000000008008d5c       0xb8 build/lv_printf.o
 .text._vsnprintf
                0x0000000008008e14      0x628 build/lv_printf.o
 .text.lv_snprintf
                0x000000000800943c       0x28 build/lv_printf.o
                0x000000000800943c                lv_snprintf
 .text.lv_vsnprintf
                0x0000000008009464       0x1c build/lv_printf.o
                0x0000000008009464                lv_vsnprintf
 .text.lv_arc_get_style
                0x0000000008009480       0x40 build/lv_arc.o
 .text.get_center
                0x00000000080094c0       0xa6 build/lv_arc.o
 .text.get_knob_area
                0x0000000008009566      0x134 build/lv_arc.o
 .text.lv_arc_design
                0x000000000800969a      0x154 build/lv_arc.o
 *fill*         0x00000000080097ee        0x2 
 .text.inv_arc_area
                0x00000000080097f0      0x640 build/lv_arc.o
 .text.lv_arc_set_start_angle
                0x0000000008009e30       0x94 build/lv_arc.o
                0x0000000008009e30                lv_arc_set_start_angle
 .text.lv_arc_set_end_angle
                0x0000000008009ec4       0x90 build/lv_arc.o
                0x0000000008009ec4                lv_arc_set_end_angle
 .text.value_update
                0x0000000008009f54       0xe0 build/lv_arc.o
 .text.lv_arc_set_angles
                0x000000000800a034       0x5c build/lv_arc.o
                0x000000000800a034                lv_arc_set_angles
 .text.lv_arc_set_bg_angles
                0x000000000800a090       0x60 build/lv_arc.o
                0x000000000800a090                lv_arc_set_bg_angles
 .text.lv_arc_set_rotation
                0x000000000800a0f0       0x2c build/lv_arc.o
                0x000000000800a0f0                lv_arc_set_rotation
 .text.lv_arc_set_value
                0x000000000800a11c       0x50 build/lv_arc.o
                0x000000000800a11c                lv_arc_set_value
 .text.lv_arc_create
                0x000000000800a16c      0x1e0 build/lv_arc.o
                0x000000000800a16c                lv_arc_create
 .text.lv_arc_get_value
                0x000000000800a34c       0x28 build/lv_arc.o
                0x000000000800a34c                lv_arc_get_value
 .text.lv_arc_signal
                0x000000000800a374      0x33c build/lv_arc.o
 .text.lv_area_get_width
                0x000000000800a6b0        0xe build/lv_bar.o
 .text.lv_area_get_height
                0x000000000800a6be        0xe build/lv_bar.o
 .text.lv_bar_init_anim
                0x000000000800a6cc       0x10 build/lv_bar.o
 .text.lv_bar_get_style
                0x000000000800a6dc       0x38 build/lv_bar.o
 .text.draw_indic
                0x000000000800a714      0x4cc build/lv_bar.o
 .text.draw_bg  0x000000000800abe0       0x3e build/lv_bar.o
 *fill*         0x000000000800ac1e        0x2 
 .text.lv_bar_design
                0x000000000800ac20       0xac build/lv_bar.o
 .text.lv_bar_signal
                0x000000000800accc       0x94 build/lv_bar.o
 .text.lv_bar_anim_ready
                0x000000000800ad60       0x38 build/lv_bar.o
 .text.lv_bar_anim
                0x000000000800ad98        0xc build/lv_bar.o
 .text.lv_bar_set_value_with_anim
                0x000000000800ada4       0x78 build/lv_bar.o
 .text.lv_bar_set_value
                0x000000000800ae1c       0x64 build/lv_bar.o
                0x000000000800ae1c                lv_bar_set_value
 .text.lv_bar_create
                0x000000000800ae80      0x154 build/lv_bar.o
                0x000000000800ae80                lv_bar_create
 .text.lv_bar_set_start_value
                0x000000000800afd4       0x64 build/lv_bar.o
                0x000000000800afd4                lv_bar_set_start_value
 .text.lv_bar_set_type
                0x000000000800b038       0x44 build/lv_bar.o
                0x000000000800b038                lv_bar_set_type
 .text.lv_bar_get_value
                0x000000000800b07c       0x38 build/lv_bar.o
                0x000000000800b07c                lv_bar_get_value
 .text.lv_bar_get_start_value
                0x000000000800b0b4       0x48 build/lv_bar.o
                0x000000000800b0b4                lv_bar_get_start_value
 .text.lv_bar_get_max_value
                0x000000000800b0fc       0x28 build/lv_bar.o
                0x000000000800b0fc                lv_bar_get_max_value
 .text.lv_bar_get_type
                0x000000000800b124       0x2c build/lv_bar.o
                0x000000000800b124                lv_bar_get_type
 .text.lv_bar_set_range
                0x000000000800b150       0x7c build/lv_bar.o
                0x000000000800b150                lv_bar_set_range
 .text.lv_btn_design
                0x000000000800b1cc       0x30 build/lv_btn.o
 .text.lv_btn_create
                0x000000000800b1fc       0xe0 build/lv_btn.o
                0x000000000800b1fc                lv_btn_create
 .text.lv_btn_set_checkable
                0x000000000800b2dc       0x2c build/lv_btn.o
                0x000000000800b2dc                lv_btn_set_checkable
 .text.lv_btn_set_state
                0x000000000800b308       0x90 build/lv_btn.o
                0x000000000800b308                lv_btn_set_state
 .text.lv_btn_toggle
                0x000000000800b398       0x3c build/lv_btn.o
                0x000000000800b398                lv_btn_toggle
 .text.lv_btn_get_checkable
                0x000000000800b3d4       0x28 build/lv_btn.o
                0x000000000800b3d4                lv_btn_get_checkable
 .text.lv_btn_signal
                0x000000000800b3fc       0xec build/lv_btn.o
 .text.get_button_width
                0x000000000800b4e8        0xa build/lv_btnmatrix.o
 .text.button_is_hidden
                0x000000000800b4f2        0x6 build/lv_btnmatrix.o
 .text.button_is_repeat_disabled
                0x000000000800b4f8        0x6 build/lv_btnmatrix.o
 .text.button_is_inactive
                0x000000000800b4fe        0x6 build/lv_btnmatrix.o
 .text.button_is_click_trig
                0x000000000800b504        0x6 build/lv_btnmatrix.o
 .text.button_is_tgl_enabled
                0x000000000800b50a        0x6 build/lv_btnmatrix.o
 .text.button_get_tgl_state
                0x000000000800b510        0x6 build/lv_btnmatrix.o
 *fill*         0x000000000800b516        0x2 
 .text.lv_btnmatrix_get_style
                0x000000000800b518       0x38 build/lv_btnmatrix.o
 .text.get_button_from_point
                0x000000000800b550      0x1b0 build/lv_btnmatrix.o
 .text.invalidate_button_area
                0x000000000800b700       0x72 build/lv_btnmatrix.o
 *fill*         0x000000000800b772        0x2 
 .text.allocate_btn_areas_and_controls
                0x000000000800b774       0xa8 build/lv_btnmatrix.o
 .text.lv_btnmatrix_set_map
                0x000000000800b81c      0x2d4 build/lv_btnmatrix.o
                0x000000000800b81c                lv_btnmatrix_set_map
 .text.lv_btnmatrix_set_ctrl_map
                0x000000000800baf0       0x3c build/lv_btnmatrix.o
                0x000000000800baf0                lv_btnmatrix_set_ctrl_map
 .text.lv_btnmatrix_create
                0x000000000800bb2c      0x114 build/lv_btnmatrix.o
                0x000000000800bb2c                lv_btnmatrix_create
 .text.lv_btnmatrix_set_focused_btn
                0x000000000800bc40       0x40 build/lv_btnmatrix.o
                0x000000000800bc40                lv_btnmatrix_set_focused_btn
 .text.lv_btnmatrix_clear_btn_ctrl
                0x000000000800bc80       0x44 build/lv_btnmatrix.o
                0x000000000800bc80                lv_btnmatrix_clear_btn_ctrl
 .text.lv_btnmatrix_clear_btn_ctrl_all
                0x000000000800bcc4       0x40 build/lv_btnmatrix.o
                0x000000000800bcc4                lv_btnmatrix_clear_btn_ctrl_all
 .text.lv_btnmatrix_set_btn_ctrl
                0x000000000800bd04       0x5c build/lv_btnmatrix.o
                0x000000000800bd04                lv_btnmatrix_set_btn_ctrl
 .text.lv_btnmatrix_set_btn_ctrl_all
                0x000000000800bd60       0x40 build/lv_btnmatrix.o
                0x000000000800bd60                lv_btnmatrix_set_btn_ctrl_all
 .text.lv_btnmatrix_get_map_array
                0x000000000800bda0       0x24 build/lv_btnmatrix.o
                0x000000000800bda0                lv_btnmatrix_get_map_array
 .text.lv_btnmatrix_get_active_btn
                0x000000000800bdc4       0x24 build/lv_btnmatrix.o
                0x000000000800bdc4                lv_btnmatrix_get_active_btn
 .text.lv_btnmatrix_get_focused_btn
                0x000000000800bde8       0x24 build/lv_btnmatrix.o
                0x000000000800bde8                lv_btnmatrix_get_focused_btn
 .text.lv_btnmatrix_get_btn_text
                0x000000000800be0c       0x74 build/lv_btnmatrix.o
                0x000000000800be0c                lv_btnmatrix_get_btn_text
 .text.lv_btnmatrix_get_active_btn_text
                0x000000000800be80       0x38 build/lv_btnmatrix.o
                0x000000000800be80                lv_btnmatrix_get_active_btn_text
 .text.lv_btnmatrix_get_btn_ctrl
                0x000000000800beb8       0x40 build/lv_btnmatrix.o
                0x000000000800beb8                lv_btnmatrix_get_btn_ctrl
 .text.make_one_button_toggled
                0x000000000800bef8       0x26 build/lv_btnmatrix.o
 *fill*         0x000000000800bf1e        0x2 
 .text.lv_btnmatrix_signal
                0x000000000800bf20      0x590 build/lv_btnmatrix.o
 .text.lv_btnmatrix_get_align
                0x000000000800c4b0       0x30 build/lv_btnmatrix.o
                0x000000000800c4b0                lv_btnmatrix_get_align
 .text.lv_btnmatrix_design
                0x000000000800c4e0      0x44c build/lv_btnmatrix.o
 .text.is_leap_year
                0x000000000800c92c       0x3c build/lv_calendar.o
 .text.get_month_length
                0x000000000800c968       0x50 build/lv_calendar.o
 .text.get_month_name
                0x000000000800c9b8       0x28 build/lv_calendar.o
 .text.get_day_name
                0x000000000800c9e0       0x20 build/lv_calendar.o
 .text.is_pressed
                0x000000000800ca00       0x68 build/lv_calendar.o
 .text.is_highlighted
                0x000000000800ca68       0x74 build/lv_calendar.o
 .text.lv_calendar_get_style
                0x000000000800cadc       0x44 build/lv_calendar.o
 .text.draw_header
                0x000000000800cb20      0x1f8 build/lv_calendar.o
 .text.get_day_names_height
                0x000000000800cd18       0x36 build/lv_calendar.o
 .text.get_header_height
                0x000000000800cd4e       0x58 build/lv_calendar.o
 *fill*         0x000000000800cda6        0x2 
 .text.draw_day_names
                0x000000000800cda8      0x1c8 build/lv_calendar.o
 .text.lv_calendar_create
                0x000000000800cf70      0x168 build/lv_calendar.o
                0x000000000800cf70                lv_calendar_create
 .text.lv_calendar_set_highlighted_dates
                0x000000000800d0d8       0x44 build/lv_calendar.o
                0x000000000800d0d8                lv_calendar_set_highlighted_dates
 .text.lv_calendar_get_day_of_week
                0x000000000800d11c       0x64 build/lv_calendar.o
                0x000000000800d11c                lv_calendar_get_day_of_week
 .text.draw_dates
                0x000000000800d180      0x334 build/lv_calendar.o
 .text.lv_calendar_design
                0x000000000800d4b4       0x4c build/lv_calendar.o
 .text.calculate_touched_day
                0x000000000800d500      0x1b8 build/lv_calendar.o
 .text.lv_calendar_signal
                0x000000000800d6b8      0x240 build/lv_calendar.o
 .text.create_axis_label_iter
                0x000000000800d8f8       0x3e build/lv_chart.o
 *fill*         0x000000000800d936        0x2 
 .text.lv_chart_get_style
                0x000000000800d938       0x44 build/lv_chart.o
 .text.draw_series_bg
                0x000000000800d97c      0x148 build/lv_chart.o
 .text.get_next_axis_label
                0x000000000800dac4       0x7a build/lv_chart.o
 *fill*         0x000000000800db3e        0x2 
 .text.draw_y_ticks
                0x000000000800db40      0x318 build/lv_chart.o
 .text.draw_x_ticks
                0x000000000800de58      0x2a0 build/lv_chart.o
 .text.draw_axes
                0x000000000800e0f8       0x26 build/lv_chart.o
 *fill*         0x000000000800e11e        0x2 
 .text.draw_series_column
                0x000000000800e120      0x1ac build/lv_chart.o
 .text.draw_series_line
                0x000000000800e2cc      0x354 build/lv_chart.o
 .text.draw_cursors
                0x000000000800e620      0x1c6 build/lv_chart.o
 *fill*         0x000000000800e7e6        0x2 
 .text.lv_chart_signal
                0x000000000800e7e8       0xa8 build/lv_chart.o
 .text.lv_chart_create
                0x000000000800e890      0x208 build/lv_chart.o
                0x000000000800e890                lv_chart_create
 .text.lv_chart_add_series
                0x000000000800ea98       0xa0 build/lv_chart.o
                0x000000000800ea98                lv_chart_add_series
 .text.lv_chart_set_div_line_count
                0x000000000800eb38       0x44 build/lv_chart.o
                0x000000000800eb38                lv_chart_set_div_line_count
 .text.lv_chart_set_x_tick_length
                0x000000000800eb7c       0x30 build/lv_chart.o
                0x000000000800eb7c                lv_chart_set_x_tick_length
 .text.lv_chart_set_y_tick_length
                0x000000000800ebac       0x30 build/lv_chart.o
                0x000000000800ebac                lv_chart_set_y_tick_length
 .text.lv_chart_set_x_tick_texts
                0x000000000800ebdc       0x48 build/lv_chart.o
                0x000000000800ebdc                lv_chart_set_x_tick_texts
 .text.lv_chart_set_y_tick_texts
                0x000000000800ec24       0x48 build/lv_chart.o
                0x000000000800ec24                lv_chart_set_y_tick_texts
 .text.lv_chart_get_series_area
                0x000000000800ec6c       0x66 build/lv_chart.o
                0x000000000800ec6c                lv_chart_get_series_area
 *fill*         0x000000000800ecd2        0x2 
 .text.lv_chart_design
                0x000000000800ecd4       0x9c build/lv_chart.o
 .text.invalidate_lines
                0x000000000800ed70      0x108 build/lv_chart.o
 .text.invalidate_columns
                0x000000000800ee78       0x76 build/lv_chart.o
 *fill*         0x000000000800eeee        0x2 
 .text.lv_chart_refresh
                0x000000000800eef0       0x24 build/lv_chart.o
                0x000000000800eef0                lv_chart_refresh
 .text.lv_chart_set_type
                0x000000000800ef14       0x38 build/lv_chart.o
                0x000000000800ef14                lv_chart_set_type
 .text.lv_chart_set_point_count
                0x000000000800ef4c      0x130 build/lv_chart.o
                0x000000000800ef4c                lv_chart_set_point_count
 .text.lv_chart_set_next
                0x000000000800f07c       0xa8 build/lv_chart.o
                0x000000000800f07c                lv_chart_set_next
 .text.lv_checkbox_get_style
                0x000000000800f124       0x24 build/lv_checkbox.o
 .text.lv_checkbox_signal
                0x000000000800f148      0x11c build/lv_checkbox.o
 .text.lv_checkbox_set_text
                0x000000000800f264       0x2c build/lv_checkbox.o
                0x000000000800f264                lv_checkbox_set_text
 .text.lv_checkbox_create
                0x000000000800f290       0xf0 build/lv_checkbox.o
                0x000000000800f290                lv_checkbox_create
 .text.lv_cont_get_style
                0x000000000800f380        0xa build/lv_cont.o
 .text.lv_cont_layout_center
                0x000000000800f38a       0xde build/lv_cont.o
 .text.lv_cont_layout_grid
                0x000000000800f468       0xc2 build/lv_cont.o
 *fill*         0x000000000800f52a        0x2 
 .text.lv_cont_refr_autofit
                0x000000000800f52c      0x3dc build/lv_cont.o
 .text.lv_cont_create
                0x000000000800f908      0x104 build/lv_cont.o
                0x000000000800f908                lv_cont_create
 .text.lv_cont_set_layout
                0x000000000800fa0c       0x40 build/lv_cont.o
                0x000000000800fa0c                lv_cont_set_layout
 .text.lv_cont_set_fit4
                0x000000000800fa4c       0x80 build/lv_cont.o
                0x000000000800fa4c                lv_cont_set_fit4
 .text.lv_cont_get_layout
                0x000000000800facc       0x28 build/lv_cont.o
                0x000000000800facc                lv_cont_get_layout
 .text.lv_cont_layout_col
                0x000000000800faf4      0x100 build/lv_cont.o
 .text.lv_cont_layout_row
                0x000000000800fbf4      0x138 build/lv_cont.o
 .text.lv_cont_layout_pretty
                0x000000000800fd2c      0x320 build/lv_cont.o
 .text.lv_cont_refr_layout
                0x000000000801004c       0x70 build/lv_cont.o
 .text.lv_cont_signal
                0x00000000080100bc       0xc0 build/lv_cont.o
 .text.lv_cont_get_fit_left
                0x000000000801017c       0x28 build/lv_cont.o
                0x000000000801017c                lv_cont_get_fit_left
 .text.lv_cont_get_fit_right
                0x00000000080101a4       0x28 build/lv_cont.o
                0x00000000080101a4                lv_cont_get_fit_right
 .text.lv_cont_get_fit_top
                0x00000000080101cc       0x28 build/lv_cont.o
                0x00000000080101cc                lv_cont_get_fit_top
 .text.lv_dropdown_get_style
                0x00000000080101f4       0x4c build/lv_dropdown.o
 .text.get_label
                0x0000000008010240       0x16 build/lv_dropdown.o
 .text.position_to_selected
                0x0000000008010256       0x70 build/lv_dropdown.o
 .text.get_id_on_point
                0x00000000080102c6       0x5a build/lv_dropdown.o
 .text.page_press_handler
                0x0000000008010320       0x4c build/lv_dropdown.o
 .text.draw_box
                0x000000000801036c       0xbc build/lv_dropdown.o
 .text.draw_box_label
                0x0000000008010428       0xfa build/lv_dropdown.o
 *fill*         0x0000000008010522        0x2 
 .text.lv_dropdown_page_design
                0x0000000008010524       0xc8 build/lv_dropdown.o
 .text.lv_dropdown_set_options
                0x00000000080105ec       0xb4 build/lv_dropdown.o
                0x00000000080105ec                lv_dropdown_set_options
 .text.lv_dropdown_set_options_static
                0x00000000080106a0       0x80 build/lv_dropdown.o
                0x00000000080106a0                lv_dropdown_set_options_static
 .text.lv_dropdown_get_options
                0x0000000008010720       0x24 build/lv_dropdown.o
                0x0000000008010720                lv_dropdown_get_options
 .text.lv_dropdown_create
                0x0000000008010744      0x1f4 build/lv_dropdown.o
                0x0000000008010744                lv_dropdown_create
 .text.lv_dropdown_get_selected_str
                0x0000000008010938       0x74 build/lv_dropdown.o
                0x0000000008010938                lv_dropdown_get_selected_str
 .text.lv_dropdown_design
                0x00000000080109ac      0x20c build/lv_dropdown.o
 .text.lv_dropdown_open
                0x0000000008010bb8      0x33c build/lv_dropdown.o
                0x0000000008010bb8                lv_dropdown_open
 .text.lv_dropdown_close
                0x0000000008010ef4       0x1c build/lv_dropdown.o
                0x0000000008010ef4                lv_dropdown_close
 .text.lv_dropdown_signal
                0x0000000008010f10      0x240 build/lv_dropdown.o
 .text.page_release_handler
                0x0000000008011150       0x9e build/lv_dropdown.o
 *fill*         0x00000000080111ee        0x2 
 .text.lv_dropdown_page_scrl_signal
                0x00000000080111f0       0xb0 build/lv_dropdown.o
 .text.lv_dropdown_page_signal
                0x00000000080112a0       0xa8 build/lv_dropdown.o
 .text.lv_gauge_get_style
                0x0000000008011348       0x40 build/lv_gauge.o
 .text.lv_gauge_draw_labels
                0x0000000008011388      0x1dc build/lv_gauge.o
 .text.lv_gauge_draw_needle
                0x0000000008011564      0x27c build/lv_gauge.o
 .text.lv_gauge_design
                0x00000000080117e0       0x5c build/lv_gauge.o
 .text.lv_gauge_signal
                0x000000000801183c       0x78 build/lv_gauge.o
 .text.lv_gauge_set_needle_count
                0x00000000080118b4       0x88 build/lv_gauge.o
                0x00000000080118b4                lv_gauge_set_needle_count
 .text.lv_gauge_set_value
                0x000000000801193c      0x23c build/lv_gauge.o
                0x000000000801193c                lv_gauge_set_value
 .text.lv_gauge_set_scale
                0x0000000008011b78       0x3c build/lv_gauge.o
                0x0000000008011b78                lv_gauge_set_scale
 .text.lv_gauge_create
                0x0000000008011bb4      0x158 build/lv_gauge.o
                0x0000000008011bb4                lv_gauge_create
 .text.lv_img_get_style
                0x0000000008011d0c        0xa build/lv_img.o
 .text.lv_img_design
                0x0000000008011d16      0x5e2 build/lv_img.o
 .text.lv_img_get_src
                0x00000000080122f8       0x24 build/lv_img.o
                0x00000000080122f8                lv_img_get_src
 .text.lv_img_get_auto_size
                0x000000000801231c       0x28 build/lv_img.o
                0x000000000801231c                lv_img_get_auto_size
 .text.lv_img_set_src
                0x0000000008012344      0x1a8 build/lv_img.o
                0x0000000008012344                lv_img_set_src
 .text.lv_img_create
                0x00000000080124ec      0x154 build/lv_img.o
                0x00000000080124ec                lv_img_create
 .text.lv_img_signal
                0x0000000008012640      0x284 build/lv_img.o
 .text.lv_keyboard_signal
                0x00000000080128c4       0x7c build/lv_keyboard.o
 .text.lv_keyboard_create
                0x0000000008012940      0x158 build/lv_keyboard.o
                0x0000000008012940                lv_keyboard_create
 .text.lv_keyboard_set_textarea
                0x0000000008012a98       0x6c build/lv_keyboard.o
                0x0000000008012a98                lv_keyboard_set_textarea
 .text.lv_keyboard_def_event_cb
                0x0000000008012b04      0x24c build/lv_keyboard.o
                0x0000000008012b04                lv_keyboard_def_event_cb
 .text.lv_label_get_dot_tmp
                0x0000000008012d50       0x16 build/lv_label.o
 .text.lv_label_dot_tmp_free
                0x0000000008012d66       0x26 build/lv_label.o
 .text.lv_label_revert_dots
                0x0000000008012d8c       0x60 build/lv_label.o
 .text.get_txt_coords
                0x0000000008012dec       0x58 build/lv_label.o
 .text.lv_label_set_dot_tmp
                0x0000000008012e44       0x56 build/lv_label.o
 .text.lv_label_set_offset_y
                0x0000000008012e9a       0x14 build/lv_label.o
 .text.lv_label_set_offset_x
                0x0000000008012eae       0x14 build/lv_label.o
 *fill*         0x0000000008012ec2        0x2 
 .text.lv_label_set_align
                0x0000000008012ec4       0x3c build/lv_label.o
                0x0000000008012ec4                lv_label_set_align
 .text.lv_label_get_text
                0x0000000008012f00       0x24 build/lv_label.o
                0x0000000008012f00                lv_label_get_text
 .text.lv_label_get_long_mode
                0x0000000008012f24       0x28 build/lv_label.o
                0x0000000008012f24                lv_label_get_long_mode
 .text.lv_label_get_align
                0x0000000008012f4c       0x30 build/lv_label.o
                0x0000000008012f4c                lv_label_get_align
 .text.lv_label_get_recolor
                0x0000000008012f7c       0x28 build/lv_label.o
                0x0000000008012f7c                lv_label_get_recolor
 .text.lv_label_get_letter_pos
                0x0000000008012fa4      0x22c build/lv_label.o
                0x0000000008012fa4                lv_label_get_letter_pos
 .text.lv_label_get_letter_on
                0x00000000080131d0      0x260 build/lv_label.o
                0x00000000080131d0                lv_label_get_letter_on
 .text.lv_label_get_text_sel_start
                0x0000000008013430       0x20 build/lv_label.o
                0x0000000008013430                lv_label_get_text_sel_start
 .text.lv_label_get_text_sel_end
                0x0000000008013450       0x20 build/lv_label.o
                0x0000000008013450                lv_label_get_text_sel_end
 .text.lv_label_design
                0x0000000008013470      0x262 build/lv_label.o
 .text.lv_label_get_style
                0x00000000080136d2        0xa build/lv_label.o
                0x00000000080136d2                lv_label_get_style
 .text.lv_label_refr_text
                0x00000000080136dc      0x4e8 build/lv_label.o
                0x00000000080136dc                lv_label_refr_text
 .text.lv_label_signal
                0x0000000008013bc4       0xc8 build/lv_label.o
 .text.lv_label_set_text
                0x0000000008013c8c       0xd0 build/lv_label.o
                0x0000000008013c8c                lv_label_set_text
 .text.lv_label_ins_text
                0x0000000008013d5c       0xb4 build/lv_label.o
                0x0000000008013d5c                lv_label_ins_text
 .text.lv_label_set_text_fmt
                0x0000000008013e10       0x88 build/lv_label.o
                0x0000000008013e10                lv_label_set_text_fmt
 .text.lv_label_set_text_static
                0x0000000008013e98       0x4c build/lv_label.o
                0x0000000008013e98                lv_label_set_text_static
 .text.lv_label_set_long_mode
                0x0000000008013ee4       0xa0 build/lv_label.o
                0x0000000008013ee4                lv_label_set_long_mode
 .text.lv_label_set_recolor
                0x0000000008013f84       0x44 build/lv_label.o
                0x0000000008013f84                lv_label_set_recolor
 .text.lv_label_create
                0x0000000008013fc8      0x1cc build/lv_label.o
                0x0000000008013fc8                lv_label_create
 .text.lv_led_signal
                0x0000000008014194       0x38 build/lv_led.o
 .text.lv_led_design
                0x00000000080141cc      0x1f0 build/lv_led.o
 .text.lv_led_create
                0x00000000080143bc       0xc0 build/lv_led.o
                0x00000000080143bc                lv_led_create
 .text.lv_led_set_bright
                0x000000000801447c       0x38 build/lv_led.o
                0x000000000801447c                lv_led_set_bright
 .text.lv_led_on
                0x00000000080144b4       0x24 build/lv_led.o
                0x00000000080144b4                lv_led_on
 .text.lv_led_off
                0x00000000080144d8       0x24 build/lv_led.o
                0x00000000080144d8                lv_led_off
 .text.lv_linemeter_signal
                0x00000000080144fc       0x44 build/lv_linemeter.o
 .text.lv_linemeter_create
                0x0000000008014540       0xdc build/lv_linemeter.o
                0x0000000008014540                lv_linemeter_create
 .text.lv_linemeter_set_value
                0x000000000801461c       0x68 build/lv_linemeter.o
                0x000000000801461c                lv_linemeter_set_value
 .text.lv_linemeter_set_scale
                0x0000000008014684       0x3c build/lv_linemeter.o
                0x0000000008014684                lv_linemeter_set_scale
 .text.lv_linemeter_get_min_value
                0x00000000080146c0       0x24 build/lv_linemeter.o
                0x00000000080146c0                lv_linemeter_get_min_value
 .text.lv_linemeter_get_max_value
                0x00000000080146e4       0x24 build/lv_linemeter.o
                0x00000000080146e4                lv_linemeter_get_max_value
 .text.lv_linemeter_get_scale_angle
                0x0000000008014708       0x24 build/lv_linemeter.o
                0x0000000008014708                lv_linemeter_get_scale_angle
 .text.lv_linemeter_get_angle_offset
                0x000000000801472c        0xa build/lv_linemeter.o
                0x000000000801472c                lv_linemeter_get_angle_offset
 *fill*         0x0000000008014736        0x2 
 .text.lv_linemeter_draw_scale
                0x0000000008014738      0x480 build/lv_linemeter.o
                0x0000000008014738                lv_linemeter_draw_scale
 .text.lv_linemeter_design
                0x0000000008014bb8       0x42 build/lv_linemeter.o
 *fill*         0x0000000008014bfa        0x2 
 .text.lv_list_get_style
                0x0000000008014bfc       0x4c build/lv_list.o
 .text.lv_list_is_list_label
                0x0000000008014c48       0x40 build/lv_list.o
 .text.lv_list_is_list_img
                0x0000000008014c88       0x40 build/lv_list.o
 .text.lv_list_is_list_btn
                0x0000000008014cc8       0x40 build/lv_list.o
 .text.lv_list_focus_btn
                0x0000000008014d08       0x60 build/lv_list.o
                0x0000000008014d08                lv_list_focus_btn
 .text.lv_list_get_btn_label
                0x0000000008014d68       0x40 build/lv_list.o
                0x0000000008014d68                lv_list_get_btn_label
 .text.lv_list_get_btn_text
                0x0000000008014da8       0x30 build/lv_list.o
                0x0000000008014da8                lv_list_get_btn_text
 .text.lv_list_get_btn_img
                0x0000000008014dd8       0x40 build/lv_list.o
                0x0000000008014dd8                lv_list_get_btn_img
 .text.lv_list_get_prev_btn
                0x0000000008014e18       0x48 build/lv_list.o
                0x0000000008014e18                lv_list_get_prev_btn
 .text.lv_list_get_next_btn
                0x0000000008014e60       0x48 build/lv_list.o
                0x0000000008014e60                lv_list_get_next_btn
 .text.lv_list_signal
                0x0000000008014ea8      0x278 build/lv_list.o
 .text.lv_list_get_btn_selected
                0x0000000008015120       0x24 build/lv_list.o
                0x0000000008015120                lv_list_get_btn_selected
 .text.lv_list_btn_signal
                0x0000000008015144      0x140 build/lv_list.o
 .text.lv_list_get_layout
                0x0000000008015284       0x28 build/lv_list.o
                0x0000000008015284                lv_list_get_layout
 .text.lv_list_add_btn
                0x00000000080152ac      0x1f0 build/lv_list.o
                0x00000000080152ac                lv_list_add_btn
 .text.lv_list_create
                0x000000000801549c      0x108 build/lv_list.o
                0x000000000801549c                lv_list_create
 .text.lv_msgbox_close_ready_cb
                0x00000000080155a4        0xa build/lv_msgbox.o
 *fill*         0x00000000080155ae        0x2 
 .text.lv_msgbox_get_style
                0x00000000080155b0       0x58 build/lv_msgbox.o
 .text.mbox_realign
                0x0000000008015608       0xba build/lv_msgbox.o
 *fill*         0x00000000080156c2        0x2 
 .text.lv_msgbox_signal
                0x00000000080156c4      0x1d8 build/lv_msgbox.o
 .text.lv_msgbox_btnm_event_cb
                0x000000000801589c       0x36 build/lv_msgbox.o
 *fill*         0x00000000080158d2        0x2 
 .text.lv_msgbox_create
                0x00000000080158d4      0x19c build/lv_msgbox.o
                0x00000000080158d4                lv_msgbox_create
 .text.lv_msgbox_add_btns
                0x0000000008015a70       0xa8 build/lv_msgbox.o
                0x0000000008015a70                lv_msgbox_add_btns
 .text.lv_msgbox_get_active_btn
                0x0000000008015b18       0x44 build/lv_msgbox.o
                0x0000000008015b18                lv_msgbox_get_active_btn
 .text.lv_msgbox_get_anim_time
                0x0000000008015b5c       0x24 build/lv_msgbox.o
                0x0000000008015b5c                lv_msgbox_get_anim_time
 .text.lv_msgbox_start_auto_close
                0x0000000008015b80       0xb8 build/lv_msgbox.o
                0x0000000008015b80                lv_msgbox_start_auto_close
 .text.lv_msgbox_default_event_cb
                0x0000000008015c38       0x20 build/lv_msgbox.o
 .text.lv_msgbox_get_btnmatrix
                0x0000000008015c58       0x24 build/lv_msgbox.o
                0x0000000008015c58                lv_msgbox_get_btnmatrix
 .text.get_edge_flash_area
                0x0000000008015c7c       0xfe build/lv_page.o
 *fill*         0x0000000008015d7a        0x2 
 .text.lv_page_design
                0x0000000008015d7c      0x194 build/lv_page.o
 .text.lv_page_get_style
                0x0000000008015f10       0x50 build/lv_page.o
 .text.refr_ext_draw_pad
                0x0000000008015f60       0x32 build/lv_page.o
 .text.edge_flash_anim_end
                0x0000000008015f92       0x32 build/lv_page.o
 .text.edge_flash_anim
                0x0000000008015fc4       0x24 build/lv_page.o
 .text.scrl_def_event_cb
                0x0000000008015fe8       0x3e build/lv_page.o
 .text.scrlbar_refresh
                0x0000000008016026      0x488 build/lv_page.o
 *fill*         0x00000000080164ae        0x2 
 .text.lv_page_set_scrollbar_mode
                0x00000000080164b0       0x90 build/lv_page.o
                0x00000000080164b0                lv_page_set_scrollbar_mode
 .text.lv_page_create
                0x0000000008016540      0x1b4 build/lv_page.o
                0x0000000008016540                lv_page_create
 .text.lv_page_set_anim_time
                0x00000000080166f4       0x28 build/lv_page.o
                0x00000000080166f4                lv_page_set_anim_time
 .text.lv_page_set_scroll_propagation
                0x000000000801671c       0x48 build/lv_page.o
                0x000000000801671c                lv_page_set_scroll_propagation
 .text.lv_page_set_edge_flash
                0x0000000008016764       0x30 build/lv_page.o
                0x0000000008016764                lv_page_set_edge_flash
 .text.lv_page_get_scrollable
                0x0000000008016794       0x24 build/lv_page.o
                0x0000000008016794                lv_page_get_scrollable
 .text.lv_page_get_anim_time
                0x00000000080167b8       0x24 build/lv_page.o
                0x00000000080167b8                lv_page_get_anim_time
 .text.lv_page_get_edge_flash
                0x00000000080167dc       0x2c build/lv_page.o
                0x00000000080167dc                lv_page_get_edge_flash
 .text.lv_page_get_width_fit
                0x0000000008016808       0x74 build/lv_page.o
                0x0000000008016808                lv_page_get_width_fit
 .text.lv_page_get_height_fit
                0x000000000801687c       0x74 build/lv_page.o
                0x000000000801687c                lv_page_get_height_fit
 .text.lv_page_get_width_grid
                0x00000000080168f0       0x32 build/lv_page.o
                0x00000000080168f0                lv_page_get_width_grid
 .text.lv_page_get_height_grid
                0x0000000008016922       0x32 build/lv_page.o
                0x0000000008016922                lv_page_get_height_grid
 .text.lv_page_on_edge
                0x0000000008016954       0xb8 build/lv_page.o
                0x0000000008016954                lv_page_on_edge
 .text.lv_page_glue_obj
                0x0000000008016a0c       0x14 build/lv_page.o
                0x0000000008016a0c                lv_page_glue_obj
 .text.lv_page_focus
                0x0000000008016a20      0x274 build/lv_page.o
                0x0000000008016a20                lv_page_focus
 .text.lv_page_scroll_hor
                0x0000000008016c94       0x4c build/lv_page.o
                0x0000000008016c94                lv_page_scroll_hor
 .text.lv_page_scroll_ver
                0x0000000008016ce0       0x4c build/lv_page.o
                0x0000000008016ce0                lv_page_scroll_ver
 .text.lv_page_signal
                0x0000000008016d2c      0x390 build/lv_page.o
 .text.lv_page_start_edge_flash
                0x00000000080170bc       0xc4 build/lv_page.o
                0x00000000080170bc                lv_page_start_edge_flash
 .text.scrl_reposition
                0x0000000008017180      0x186 build/lv_page.o
 *fill*         0x0000000008017306        0x2 
 .text.lv_page_scrollable_signal
                0x0000000008017308      0x3c4 build/lv_page.o
 .text.lv_roller_get_style
                0x00000000080176cc       0x38 build/lv_roller.o
 .text.lv_roller_label_design
                0x0000000008017704      0x11c build/lv_roller.o
 .text.draw_bg  0x0000000008017820      0x134 build/lv_roller.o
 .text.get_label
                0x0000000008017954       0x16 build/lv_roller.o
 *fill*         0x000000000801796a        0x2 
 .text.inf_normalize
                0x000000000801796c       0xbc build/lv_roller.o
 .text.scroll_anim_ready_cb
                0x0000000008017a28        0xa build/lv_roller.o
 *fill*         0x0000000008017a32        0x2 
 .text.refr_position
                0x0000000008017a34       0xc8 build/lv_roller.o
 .text.refr_height
                0x0000000008017afc       0x48 build/lv_roller.o
 .text.lv_roller_set_selected
                0x0000000008017b44       0x7c build/lv_roller.o
                0x0000000008017b44                lv_roller_set_selected
 .text.release_handler
                0x0000000008017bc0       0xfc build/lv_roller.o
 .text.lv_roller_set_visible_row_count
                0x0000000008017cbc       0x58 build/lv_roller.o
                0x0000000008017cbc                lv_roller_set_visible_row_count
 .text.lv_roller_get_align
                0x0000000008017d14       0x28 build/lv_roller.o
                0x0000000008017d14                lv_roller_get_align
 .text.lv_roller_design
                0x0000000008017d3c      0x270 build/lv_roller.o
 .text.lv_roller_get_auto_fit
                0x0000000008017fac       0x2c build/lv_roller.o
                0x0000000008017fac                lv_roller_get_auto_fit
 .text.refr_width
                0x0000000008017fd8       0xf6 build/lv_roller.o
 *fill*         0x00000000080180ce        0x2 
 .text.lv_roller_scrl_signal
                0x00000000080180d0      0x138 build/lv_roller.o
 .text.lv_roller_signal
                0x0000000008018208      0x1c8 build/lv_roller.o
 .text.lv_roller_set_options
                0x00000000080183d0      0x114 build/lv_roller.o
                0x00000000080183d0                lv_roller_set_options
 .text.lv_roller_create
                0x00000000080184e4      0x1d8 build/lv_roller.o
                0x00000000080184e4                lv_roller_create
 .text.lv_roller_set_align
                0x00000000080186bc       0x34 build/lv_roller.o
                0x00000000080186bc                lv_roller_set_align
 .text.lv_roller_set_auto_fit
                0x00000000080186f0       0x38 build/lv_roller.o
                0x00000000080186f0                lv_roller_set_auto_fit
 .text.lv_slider_get_style
                0x0000000008018728       0x40 build/lv_slider.o
 .text.lv_slider_position_knob
                0x0000000008018768       0x96 build/lv_slider.o
 .text.lv_slider_draw_knob
                0x00000000080187fe       0x28 build/lv_slider.o
 *fill*         0x0000000008018826        0x2 
 .text.lv_slider_design
                0x0000000008018828      0x19c build/lv_slider.o
 .text.lv_slider_create
                0x00000000080189c4      0x140 build/lv_slider.o
                0x00000000080189c4                lv_slider_create
 .text.lv_slider_get_value
                0x0000000008018b04       0x24 build/lv_slider.o
                0x0000000008018b04                lv_slider_get_value
 .text.lv_slider_signal
                0x0000000008018b28      0x554 build/lv_slider.o
 .text.lv_switch_get_style
                0x000000000801907c       0x40 build/lv_switch.o
 .text.lv_switch_design
                0x00000000080190bc      0x14c build/lv_switch.o
 .text.lv_switch_create
                0x0000000008019208      0x14c build/lv_switch.o
                0x0000000008019208                lv_switch_create
 .text.lv_switch_on
                0x0000000008019354       0x3c build/lv_switch.o
                0x0000000008019354                lv_switch_on
 .text.lv_switch_off
                0x0000000008019390       0x3c build/lv_switch.o
                0x0000000008019390                lv_switch_off
 .text.lv_switch_signal
                0x00000000080193cc      0x174 build/lv_switch.o
 .text.lv_table_get_style
                0x0000000008019540       0x40 build/lv_table.o
 .text.get_row_height
                0x0000000008019580      0x142 build/lv_table.o
 *fill*         0x00000000080196c2        0x2 
 .text.lv_table_design
                0x00000000080196c4      0x5d8 build/lv_table.o
 .text.refr_size
                0x0000000008019c9c      0x176 build/lv_table.o
 *fill*         0x0000000008019e12        0x2 
 .text.lv_table_signal
                0x0000000008019e14       0xbc build/lv_table.o
 .text.lv_table_set_row_cnt
                0x0000000008019ed0       0xbc build/lv_table.o
                0x0000000008019ed0                lv_table_set_row_cnt
 .text.lv_table_set_cell_value
                0x0000000008019f8c       0xf4 build/lv_table.o
                0x0000000008019f8c                lv_table_set_cell_value
 .text.lv_table_set_col_cnt
                0x000000000801a080       0x90 build/lv_table.o
                0x000000000801a080                lv_table_set_col_cnt
 .text.lv_table_create
                0x000000000801a110      0x120 build/lv_table.o
                0x000000000801a110                lv_table_create
 .text.lv_table_set_col_width
                0x000000000801a230       0x3c build/lv_table.o
                0x000000000801a230                lv_table_set_col_width
 .text.lv_table_set_cell_type
                0x000000000801a26c       0xd0 build/lv_table.o
                0x000000000801a26c                lv_table_set_cell_type
 .text.lv_table_get_cell_type
                0x000000000801a33c       0x54 build/lv_table.o
                0x000000000801a33c                lv_table_get_cell_type
 .text.lv_table_get_pressed_cell
                0x000000000801a390       0xd2 build/lv_table.o
                0x000000000801a390                lv_table_get_pressed_cell
 *fill*         0x000000000801a462        0x2 
 .text.lv_tabview_get_style
                0x000000000801a464       0x6c build/lv_tabview.o
 .text.refr_btns_size
                0x000000000801a4d0      0x10a build/lv_tabview.o
 *fill*         0x000000000801a5da        0x2 
 .text.refr_content_size
                0x000000000801a5dc       0xd4 build/lv_tabview.o
 .text.refr_indic_size
                0x000000000801a6b0       0x96 build/lv_tabview.o
 .text.refr_align
                0x000000000801a746       0xf2 build/lv_tabview.o
 .text.lv_tabview_get_tab_act
                0x000000000801a838       0x24 build/lv_tabview.o
                0x000000000801a838                lv_tabview_get_tab_act
 .text.lv_tabview_get_tab
                0x000000000801a85c       0x68 build/lv_tabview.o
                0x000000000801a85c                lv_tabview_get_tab
 .text.lv_tabview_get_anim_time
                0x000000000801a8c4       0x24 build/lv_tabview.o
                0x000000000801a8c4                lv_tabview_get_anim_time
 .text.lv_tabview_set_tab_act
                0x000000000801a8e8      0x1fc build/lv_tabview.o
                0x000000000801a8e8                lv_tabview_set_tab_act
 .text.tab_btnm_event_cb
                0x000000000801aae4       0x86 build/lv_tabview.o
 *fill*         0x000000000801ab6a        0x2 
 .text.tabview_scrl_signal
                0x000000000801ab6c      0x150 build/lv_tabview.o
 .text.tabview_realign
                0x000000000801acbc       0x2e build/lv_tabview.o
 *fill*         0x000000000801acea        0x2 
 .text.lv_tabview_signal
                0x000000000801acec      0x218 build/lv_tabview.o
 .text.lv_tabview_add_tab
                0x000000000801af04      0x1cc build/lv_tabview.o
                0x000000000801af04                lv_tabview_add_tab
 .text.lv_tabview_create
                0x000000000801b0d0      0x2e0 build/lv_tabview.o
                0x000000000801b0d0                lv_tabview_create
 .text.lv_textarea_design
                0x000000000801b3b0       0x30 build/lv_textarea.o
 .text.pwd_char_hider_anim
                0x000000000801b3e0        0x2 build/lv_textarea.o
 *fill*         0x000000000801b3e2        0x2 
 .text.lv_textarea_get_style
                0x000000000801b3e4       0x4c build/lv_textarea.o
 .text.cursor_blink_anim
                0x000000000801b430       0x80 build/lv_textarea.o
 .text.lv_textarea_scrollable_design
                0x000000000801b4b0      0x1a8 build/lv_textarea.o
 .text.lv_textarea_set_placeholder_text
                0x000000000801b658       0x94 build/lv_textarea.o
                0x000000000801b658                lv_textarea_set_placeholder_text
 .text.lv_textarea_get_text
                0x000000000801b6ec       0x38 build/lv_textarea.o
                0x000000000801b6ec                lv_textarea_get_text
 .text.char_is_accepted
                0x000000000801b724       0x68 build/lv_textarea.o
 .text.lv_textarea_get_label
                0x000000000801b78c       0x24 build/lv_textarea.o
                0x000000000801b78c                lv_textarea_get_label
 .text.lv_textarea_get_cursor_pos
                0x000000000801b7b0       0x24 build/lv_textarea.o
                0x000000000801b7b0                lv_textarea_get_cursor_pos
 .text.refr_cursor_area
                0x000000000801b7d4      0x234 build/lv_textarea.o
 .text.pwd_char_hider
                0x000000000801ba08       0xac build/lv_textarea.o
 .text.pwd_char_hider_anim_ready
                0x000000000801bab4        0xa build/lv_textarea.o
 *fill*         0x000000000801babe        0x2 
 .text.lv_textarea_set_cursor_pos
                0x000000000801bac0      0x1f0 build/lv_textarea.o
                0x000000000801bac0                lv_textarea_set_cursor_pos
 .text.update_cursor_position_on_click
                0x000000000801bcb0       0xb0 build/lv_textarea.o
 .text.lv_textarea_scrollable_signal
                0x000000000801bd60       0xf4 build/lv_textarea.o
 .text.lv_textarea_set_cursor_hidden
                0x000000000801be54       0x38 build/lv_textarea.o
                0x000000000801be54                lv_textarea_set_cursor_hidden
 .text.lv_textarea_set_text_align
                0x000000000801be8c       0x9c build/lv_textarea.o
                0x000000000801be8c                lv_textarea_set_text_align
 .text.lv_textarea_set_one_line
                0x000000000801bf28      0x11c build/lv_textarea.o
                0x000000000801bf28                lv_textarea_set_one_line
 .text.lv_textarea_create
                0x000000000801c044      0x304 build/lv_textarea.o
                0x000000000801c044                lv_textarea_create
 .text.lv_textarea_get_one_line
                0x000000000801c348       0x2c build/lv_textarea.o
                0x000000000801c348                lv_textarea_get_one_line
 .text.lv_textarea_get_accepted_chars
                0x000000000801c374       0x24 build/lv_textarea.o
                0x000000000801c374                lv_textarea_get_accepted_chars
 .text.lv_textarea_get_max_length
                0x000000000801c398       0x24 build/lv_textarea.o
                0x000000000801c398                lv_textarea_get_max_length
 .text.lv_textarea_clear_selection
                0x000000000801c3bc       0x1c build/lv_textarea.o
                0x000000000801c3bc                lv_textarea_clear_selection
 .text.lv_textarea_add_text
                0x000000000801c3d8      0x1b4 build/lv_textarea.o
                0x000000000801c3d8                lv_textarea_add_text
 .text.insert_handler
                0x000000000801c58c       0x44 build/lv_textarea.o
 .text.lv_textarea_add_char
                0x000000000801c5d0      0x188 build/lv_textarea.o
                0x000000000801c5d0                lv_textarea_add_char
 .text.lv_textarea_del_char
                0x000000000801c758      0x118 build/lv_textarea.o
                0x000000000801c758                lv_textarea_del_char
 .text.lv_textarea_del_char_forward
                0x000000000801c870       0x40 build/lv_textarea.o
                0x000000000801c870                lv_textarea_del_char_forward
 .text.lv_textarea_set_text
                0x000000000801c8b0      0x19c build/lv_textarea.o
                0x000000000801c8b0                lv_textarea_set_text
 .text.lv_textarea_set_pwd_mode
                0x000000000801ca4c       0xa8 build/lv_textarea.o
                0x000000000801ca4c                lv_textarea_set_pwd_mode
 .text.lv_textarea_cursor_right
                0x000000000801caf4       0x2c build/lv_textarea.o
                0x000000000801caf4                lv_textarea_cursor_right
 .text.lv_textarea_cursor_left
                0x000000000801cb20       0x30 build/lv_textarea.o
                0x000000000801cb20                lv_textarea_cursor_left
 .text.lv_textarea_cursor_down
                0x000000000801cb50       0x98 build/lv_textarea.o
                0x000000000801cb50                lv_textarea_cursor_down
 .text.lv_textarea_cursor_up
                0x000000000801cbe8       0x88 build/lv_textarea.o
                0x000000000801cbe8                lv_textarea_cursor_up
 .text.lv_textarea_signal
                0x000000000801cc70      0x238 build/lv_textarea.o
 .text.obj_to_foreground
                0x000000000801cea8       0x24 build/lv_group.o
 .text.focus_next_core
                0x000000000801cecc       0xd4 build/lv_group.o
 .text._lv_group_init
                0x000000000801cfa0       0x10 build/lv_group.o
                0x000000000801cfa0                _lv_group_init
 .text.lv_group_focus_next
                0x000000000801cfb0       0x14 build/lv_group.o
                0x000000000801cfb0                lv_group_focus_next
 .text.lv_group_focus_prev
                0x000000000801cfc4       0x14 build/lv_group.o
                0x000000000801cfc4                lv_group_focus_prev
 .text.lv_group_refocus
                0x000000000801cfd8       0x2a build/lv_group.o
 *fill*         0x000000000801d002        0x2 
 .text.lv_group_add_obj
                0x000000000801d004       0x70 build/lv_group.o
                0x000000000801d004                lv_group_add_obj
 .text.lv_group_remove_obj
                0x000000000801d074       0x8e build/lv_group.o
                0x000000000801d074                lv_group_remove_obj
 .text.lv_group_get_focused
                0x000000000801d102       0x12 build/lv_group.o
                0x000000000801d102                lv_group_get_focused
 .text.lv_group_send_data
                0x000000000801d114       0x2e build/lv_group.o
                0x000000000801d114                lv_group_send_data
 .text.lv_group_set_editing
                0x000000000801d142       0x44 build/lv_group.o
                0x000000000801d142                lv_group_set_editing
 .text.lv_group_focus_obj
                0x000000000801d186       0xa4 build/lv_group.o
                0x000000000801d186                lv_group_focus_obj
 .text.lv_group_get_editing
                0x000000000801d22a        0xe build/lv_group.o
                0x000000000801d22a                lv_group_get_editing
 .text.lv_event_mark_deleted
                0x000000000801d238       0x1c build/lv_obj.o
 .text.style_prop_is_cacheble
                0x000000000801d254      0x114 build/lv_obj.o
 .text.refresh_children_position
                0x000000000801d368       0x46 build/lv_obj.o
 .text.style_snapshot_compare
                0x000000000801d3ae      0x15c build/lv_obj.o
 *fill*         0x000000000801d50a        0x2 
 .text.lv_init  0x000000000801d50c       0xb4 build/lv_obj.o
                0x000000000801d50c                lv_init
 .text.lv_obj_set_ext_click_area
                0x000000000801d5c0       0x3c build/lv_obj.o
                0x000000000801d5c0                lv_obj_set_ext_click_area
 .text.lv_obj_set_adv_hittest
                0x000000000801d5fc       0x34 build/lv_obj.o
                0x000000000801d5fc                lv_obj_set_adv_hittest
 .text.lv_obj_set_click
                0x000000000801d630       0x2c build/lv_obj.o
                0x000000000801d630                lv_obj_set_click
 .text.lv_obj_set_drag
                0x000000000801d65c       0x38 build/lv_obj.o
                0x000000000801d65c                lv_obj_set_drag
 .text.lv_obj_set_drag_dir
                0x000000000801d694       0x3c build/lv_obj.o
                0x000000000801d694                lv_obj_set_drag_dir
 .text.lv_obj_set_drag_throw
                0x000000000801d6d0       0x2c build/lv_obj.o
                0x000000000801d6d0                lv_obj_set_drag_throw
 .text.lv_obj_set_drag_parent
                0x000000000801d6fc       0x2c build/lv_obj.o
                0x000000000801d6fc                lv_obj_set_drag_parent
 .text.lv_obj_add_protect
                0x000000000801d728       0x28 build/lv_obj.o
                0x000000000801d728                lv_obj_add_protect
 .text.lv_obj_clear_protect
                0x000000000801d750       0x2c build/lv_obj.o
                0x000000000801d750                lv_obj_clear_protect
 .text.lv_obj_set_event_cb
                0x000000000801d77c       0x20 build/lv_obj.o
                0x000000000801d77c                lv_obj_set_event_cb
 .text.lv_event_send_func
                0x000000000801d79c       0xb0 build/lv_obj.o
                0x000000000801d79c                lv_event_send_func
 .text.lv_event_send
                0x000000000801d84c       0x34 build/lv_obj.o
                0x000000000801d84c                lv_event_send
 .text.lv_event_get_data
                0x000000000801d880        0xc build/lv_obj.o
                0x000000000801d880                lv_event_get_data
 .text.lv_obj_set_signal_cb
                0x000000000801d88c       0x20 build/lv_obj.o
                0x000000000801d88c                lv_obj_set_signal_cb
 .text.lv_signal_send
                0x000000000801d8ac       0x14 build/lv_obj.o
                0x000000000801d8ac                lv_signal_send
 .text.lv_obj_set_design_cb
                0x000000000801d8c0       0x20 build/lv_obj.o
                0x000000000801d8c0                lv_obj_set_design_cb
 .text.lv_obj_allocate_ext_attr
                0x000000000801d8e0       0x30 build/lv_obj.o
                0x000000000801d8e0                lv_obj_allocate_ext_attr
 .text.lv_obj_refresh_ext_draw_pad
                0x000000000801d910       0x28 build/lv_obj.o
                0x000000000801d910                lv_obj_refresh_ext_draw_pad
 .text.lv_obj_get_parent
                0x000000000801d938       0x20 build/lv_obj.o
                0x000000000801d938                lv_obj_get_parent
 .text.lv_obj_get_screen
                0x000000000801d958       0x2c build/lv_obj.o
                0x000000000801d958                lv_obj_get_screen
 .text.lv_obj_get_disp
                0x000000000801d984       0x60 build/lv_obj.o
                0x000000000801d984                lv_obj_get_disp
 .text.lv_obj_get_child
                0x000000000801d9e4       0x30 build/lv_obj.o
                0x000000000801d9e4                lv_obj_get_child
 .text.base_dir_refr_children
                0x000000000801da14       0x3a build/lv_obj.o
 .text.lv_obj_set_base_dir
                0x000000000801da4e       0x26 build/lv_obj.o
                0x000000000801da4e                lv_obj_set_base_dir
 .text.lv_obj_get_child_back
                0x000000000801da74       0x30 build/lv_obj.o
                0x000000000801da74                lv_obj_get_child_back
 .text.lv_obj_get_coords
                0x000000000801daa4       0x34 build/lv_obj.o
                0x000000000801daa4                lv_obj_get_coords
 .text.lv_obj_get_x
                0x000000000801dad8       0x34 build/lv_obj.o
                0x000000000801dad8                lv_obj_get_x
 .text.lv_obj_get_y
                0x000000000801db0c       0x34 build/lv_obj.o
                0x000000000801db0c                lv_obj_get_y
 .text.lv_obj_get_width
                0x000000000801db40       0x28 build/lv_obj.o
                0x000000000801db40                lv_obj_get_width
 .text.lv_obj_get_height
                0x000000000801db68       0x28 build/lv_obj.o
                0x000000000801db68                lv_obj_get_height
 .text.lv_obj_get_auto_realign
                0x000000000801db90       0x24 build/lv_obj.o
                0x000000000801db90                lv_obj_get_auto_realign
 .text.lv_obj_get_style_list
                0x000000000801dbb4       0x2a build/lv_obj.o
                0x000000000801dbb4                lv_obj_get_style_list
 *fill*         0x000000000801dbde        0x2 
 .text.trans_del
                0x000000000801dbe0       0x78 build/lv_obj.o
 .text.lv_obj_clean_style_list
                0x000000000801dc58       0x1e build/lv_obj.o
                0x000000000801dc58                lv_obj_clean_style_list
 .text._lv_obj_disable_style_caching
                0x000000000801dc76       0x44 build/lv_obj.o
                0x000000000801dc76                _lv_obj_disable_style_caching
 *fill*         0x000000000801dcba        0x2 
 .text.trans_anim_ready_cb
                0x000000000801dcbc       0x64 build/lv_obj.o
 .text.lv_obj_get_hidden
                0x000000000801dd20       0x24 build/lv_obj.o
                0x000000000801dd20                lv_obj_get_hidden
 .text.lv_obj_area_is_visible
                0x000000000801dd44       0xdc build/lv_obj.o
                0x000000000801dd44                lv_obj_area_is_visible
 .text.lv_obj_invalidate_area
                0x000000000801de20       0x50 build/lv_obj.o
                0x000000000801de20                lv_obj_invalidate_area
 .text.lv_obj_invalidate
                0x000000000801de70       0x70 build/lv_obj.o
                0x000000000801de70                lv_obj_invalidate
 .text.lv_obj_move_foreground
                0x000000000801dee0       0x54 build/lv_obj.o
                0x000000000801dee0                lv_obj_move_foreground
 .text.lv_obj_set_pos
                0x000000000801df34       0xa8 build/lv_obj.o
                0x000000000801df34                lv_obj_set_pos
 .text.lv_obj_set_x
                0x000000000801dfdc       0x30 build/lv_obj.o
                0x000000000801dfdc                lv_obj_set_x
 .text.lv_obj_set_y
                0x000000000801e00c       0x30 build/lv_obj.o
                0x000000000801e00c                lv_obj_set_y
 .text.obj_align_core
                0x000000000801e03c       0x76 build/lv_obj.o
 *fill*         0x000000000801e0b2        0x2 
 .text.lv_obj_align
                0x000000000801e0b4       0x7c build/lv_obj.o
                0x000000000801e0b4                lv_obj_align
 .text.obj_align_mid_core
                0x000000000801e130      0x2ec build/lv_obj.o
 .text.lv_obj_align_mid
                0x000000000801e41c       0x7c build/lv_obj.o
                0x000000000801e41c                lv_obj_align_mid
 .text.lv_obj_realign
                0x000000000801e498       0x58 build/lv_obj.o
                0x000000000801e498                lv_obj_realign
 .text.refresh_children_style
                0x000000000801e4f0       0x38 build/lv_obj.o
 .text.lv_obj_set_hidden
                0x000000000801e528       0x64 build/lv_obj.o
                0x000000000801e528                lv_obj_set_hidden
 .text.lv_obj_is_visible
                0x000000000801e58c       0x70 build/lv_obj.o
                0x000000000801e58c                lv_obj_is_visible
 .text.lv_obj_get_click
                0x000000000801e5fc       0x24 build/lv_obj.o
                0x000000000801e5fc                lv_obj_get_click
 .text.lv_obj_get_drag
                0x000000000801e620       0x24 build/lv_obj.o
                0x000000000801e620                lv_obj_get_drag
 .text.lv_obj_get_drag_dir
                0x000000000801e644       0x24 build/lv_obj.o
                0x000000000801e644                lv_obj_get_drag_dir
 .text.lv_obj_get_drag_throw
                0x000000000801e668       0x24 build/lv_obj.o
                0x000000000801e668                lv_obj_get_drag_throw
 .text.lv_obj_get_drag_parent
                0x000000000801e68c        0xa build/lv_obj.o
                0x000000000801e68c                lv_obj_get_drag_parent
 .text.lv_obj_get_gesture_parent
                0x000000000801e696        0xa build/lv_obj.o
                0x000000000801e696                lv_obj_get_gesture_parent
 .text.lv_obj_get_focus_parent
                0x000000000801e6a0        0xa build/lv_obj.o
                0x000000000801e6a0                lv_obj_get_focus_parent
 *fill*         0x000000000801e6aa        0x2 
 .text.lv_obj_get_base_dir
                0x000000000801e6ac       0x20 build/lv_obj.o
                0x000000000801e6ac                lv_obj_get_base_dir
 .text.lv_obj_create
                0x000000000801e6cc      0x3d0 build/lv_obj.o
                0x000000000801e6cc                lv_obj_create
 .text.lv_obj_set_parent
                0x000000000801ea9c       0xd4 build/lv_obj.o
                0x000000000801ea9c                lv_obj_set_parent
 .text.lv_obj_set_size
                0x000000000801eb70       0xc8 build/lv_obj.o
                0x000000000801eb70                lv_obj_set_size
 .text.lv_obj_set_width
                0x000000000801ec38       0x30 build/lv_obj.o
                0x000000000801ec38                lv_obj_set_width
 .text.lv_obj_set_height
                0x000000000801ec68       0x30 build/lv_obj.o
                0x000000000801ec68                lv_obj_set_height
 .text.lv_obj_is_protected
                0x000000000801ec98       0x2c build/lv_obj.o
                0x000000000801ec98                lv_obj_is_protected
 .text.lv_obj_get_state
                0x000000000801ecc4       0x44 build/lv_obj.o
                0x000000000801ecc4                lv_obj_get_state
 .text._lv_obj_get_style_color
                0x000000000801ed08       0x78 build/lv_obj.o
                0x000000000801ed08                _lv_obj_get_style_color
 .text._lv_obj_get_style_int
                0x000000000801ed80      0x1c0 build/lv_obj.o
                0x000000000801ed80                _lv_obj_get_style_int
 .text.lv_obj_get_width_fit
                0x000000000801ef40       0x44 build/lv_obj.o
                0x000000000801ef40                lv_obj_get_width_fit
 .text.lv_obj_get_height_fit
                0x000000000801ef84       0x44 build/lv_obj.o
                0x000000000801ef84                lv_obj_get_height_fit
 .text.lv_obj_set_width_margin
                0x000000000801efc8       0x2a build/lv_obj.o
                0x000000000801efc8                lv_obj_set_width_margin
 .text.lv_obj_set_height_margin
                0x000000000801eff2       0x2a build/lv_obj.o
                0x000000000801eff2                lv_obj_set_height_margin
 .text.lv_obj_get_width_grid
                0x000000000801f01c       0x32 build/lv_obj.o
                0x000000000801f01c                lv_obj_get_width_grid
 *fill*         0x000000000801f04e        0x2 
 .text.lv_obj_get_inner_coords
                0x000000000801f050       0x64 build/lv_obj.o
                0x000000000801f050                lv_obj_get_inner_coords
 .text.update_style_cache
                0x000000000801f0b4      0x36c build/lv_obj.o
 .text._lv_obj_get_style_opa
                0x000000000801f420       0xea build/lv_obj.o
                0x000000000801f420                _lv_obj_get_style_opa
 *fill*         0x000000000801f50a        0x2 
 .text._lv_obj_get_style_ptr
                0x000000000801f50c       0xd4 build/lv_obj.o
                0x000000000801f50c                _lv_obj_get_style_ptr
 .text.update_style_cache_children
                0x000000000801f5e0       0xfc build/lv_obj.o
 .text.invalidate_style_cache
                0x000000000801f6dc       0x68 build/lv_obj.o
 .text.lv_obj_refresh_style
                0x000000000801f744       0xe4 build/lv_obj.o
                0x000000000801f744                lv_obj_refresh_style
 .text.lv_obj_add_style
                0x000000000801f828       0x30 build/lv_obj.o
                0x000000000801f828                lv_obj_add_style
 .text.lv_obj_reset_style_list
                0x000000000801f858       0x16 build/lv_obj.o
                0x000000000801f858                lv_obj_reset_style_list
 .text._lv_obj_set_style_local_int
                0x000000000801f86e       0x30 build/lv_obj.o
                0x000000000801f86e                _lv_obj_set_style_local_int
 .text._lv_obj_set_style_local_color
                0x000000000801f89e       0x30 build/lv_obj.o
                0x000000000801f89e                _lv_obj_set_style_local_color
 .text._lv_obj_set_style_local_opa
                0x000000000801f8ce       0x30 build/lv_obj.o
                0x000000000801f8ce                _lv_obj_set_style_local_opa
 .text._lv_obj_set_style_local_ptr
                0x000000000801f8fe       0x30 build/lv_obj.o
                0x000000000801f8fe                _lv_obj_set_style_local_ptr
 .text.report_style_mod_core
                0x000000000801f92e       0x92 build/lv_obj.o
 .text.lv_obj_report_style_mod
                0x000000000801f9c0       0x3e build/lv_obj.o
                0x000000000801f9c0                lv_obj_report_style_mod
 .text.trans_anim_cb
                0x000000000801f9fe      0x11a build/lv_obj.o
 .text.trans_anim_start_cb
                0x000000000801fb18       0x60 build/lv_obj.o
 .text.trans_create
                0x000000000801fb78      0x2c8 build/lv_obj.o
 .text.lv_obj_get_signal_cb
                0x000000000801fe40       0x20 build/lv_obj.o
                0x000000000801fe40                lv_obj_get_signal_cb
 .text.lv_obj_get_design_cb
                0x000000000801fe60       0x20 build/lv_obj.o
                0x000000000801fe60                lv_obj_get_design_cb
 .text.lv_obj_get_ext_attr
                0x000000000801fe80       0x20 build/lv_obj.o
                0x000000000801fe80                lv_obj_get_ext_attr
 .text.lv_obj_get_type
                0x000000000801fea0       0x90 build/lv_obj.o
                0x000000000801fea0                lv_obj_get_type
 .text.lv_obj_get_group
                0x000000000801ff30       0x20 build/lv_obj.o
                0x000000000801ff30                lv_obj_get_group
 .text.obj_del_core
                0x000000000801ff50       0xd4 build/lv_obj.o
 .text.lv_obj_del
                0x0000000008020024       0x64 build/lv_obj.o
                0x0000000008020024                lv_obj_del
 .text.lv_obj_is_focused
                0x0000000008020088       0x34 build/lv_obj.o
                0x0000000008020088                lv_obj_is_focused
 .text.lv_obj_is_point_on_coords
                0x00000000080200bc       0x3a build/lv_obj.o
                0x00000000080200bc                lv_obj_is_point_on_coords
 .text.lv_obj_hittest
                0x00000000080200f6       0x2c build/lv_obj.o
                0x00000000080200f6                lv_obj_hittest
 .text.lv_obj_handle_get_type_signal
                0x0000000008020122       0x1a build/lv_obj.o
                0x0000000008020122                lv_obj_handle_get_type_signal
 .text.lv_obj_init_draw_rect_dsc
                0x000000000802013c      0x334 build/lv_obj.o
                0x000000000802013c                lv_obj_init_draw_rect_dsc
 .text.lv_obj_design
                0x0000000008020470      0x2b4 build/lv_obj.o
 .text.lv_obj_init_draw_label_dsc
                0x0000000008020724       0xc0 build/lv_obj.o
                0x0000000008020724                lv_obj_init_draw_label_dsc
 .text.lv_obj_init_draw_img_dsc
                0x00000000080207e4       0x9c build/lv_obj.o
                0x00000000080207e4                lv_obj_init_draw_img_dsc
 .text.lv_obj_init_draw_line_dsc
                0x0000000008020880       0x9e build/lv_obj.o
                0x0000000008020880                lv_obj_init_draw_line_dsc
 .text.style_snapshot
                0x000000000802091e      0x1ee build/lv_obj.o
 .text.lv_obj_set_state
                0x0000000008020b0c      0x1f0 build/lv_obj.o
                0x0000000008020b0c                lv_obj_set_state
 .text.lv_obj_add_state
                0x0000000008020cfc       0x34 build/lv_obj.o
                0x0000000008020cfc                lv_obj_add_state
 .text.lv_obj_clear_state
                0x0000000008020d30       0x38 build/lv_obj.o
                0x0000000008020d30                lv_obj_clear_state
 .text.lv_obj_get_draw_rect_ext_pad_size
                0x0000000008020d68      0x1f0 build/lv_obj.o
                0x0000000008020d68                lv_obj_get_draw_rect_ext_pad_size
 .text.lv_obj_get_focused_obj
                0x0000000008020f58       0x20 build/lv_obj.o
                0x0000000008020f58                lv_obj_get_focused_obj
 .text.lv_obj_signal
                0x0000000008020f78       0xfc build/lv_obj.o
 .text.lv_obj_set_focus_parent
                0x0000000008021074       0x60 build/lv_obj.o
                0x0000000008021074                lv_obj_set_focus_parent
 .text.lv_refr_join_area
                0x00000000080210d4       0xe4 build/lv_refr.o
 .text.lv_refr_get_top_obj
                0x00000000080211b8       0x8c build/lv_refr.o
 .text.lv_refr_obj
                0x0000000008021244       0xec build/lv_refr.o
 .text.lv_refr_obj_and_children
                0x0000000008021330       0x6c build/lv_refr.o
 .text._lv_refr_init
                0x000000000802139c        0x2 build/lv_refr.o
                0x000000000802139c                _lv_refr_init
 .text._lv_inv_area
                0x000000000802139e       0xee build/lv_refr.o
                0x000000000802139e                _lv_inv_area
 .text._lv_refr_get_disp_refreshing
                0x000000000802148c        0xc build/lv_refr.o
                0x000000000802148c                _lv_refr_get_disp_refreshing
 .text.lv_refr_vdb_flush
                0x0000000008021498       0x80 build/lv_refr.o
 .text.lv_refr_area_part
                0x0000000008021518      0x138 build/lv_refr.o
 .text.lv_refr_area
                0x0000000008021650      0x198 build/lv_refr.o
 .text.lv_refr_areas
                0x00000000080217e8       0xb8 build/lv_refr.o
 .text._lv_disp_refr_task
                0x00000000080218a0      0x2d8 build/lv_refr.o
                0x00000000080218a0                _lv_disp_refr_task
 .text.lv_style_init
                0x0000000008021b78        0xa build/lv_style.o
                0x0000000008021b78                lv_style_init
 .text.lv_style_list_init
                0x0000000008021b82        0xa build/lv_style.o
                0x0000000008021b82                lv_style_list_init
 .text._lv_style_list_remove_style
                0x0000000008021b8c       0xb4 build/lv_style.o
                0x0000000008021b8c                _lv_style_list_remove_style
 .text._lv_style_list_add_style
                0x0000000008021c40       0x9c build/lv_style.o
                0x0000000008021c40                _lv_style_list_add_style
 .text.get_alloc_local_style
                0x0000000008021cdc       0x7c build/lv_style.o
 .text.lv_style_reset
                0x0000000008021d58       0x10 build/lv_style.o
                0x0000000008021d58                lv_style_reset
 .text._lv_style_get_mem_size
                0x0000000008021d68       0x4c build/lv_style.o
                0x0000000008021d68                _lv_style_get_mem_size
 .text.lv_style_copy
                0x0000000008021db4       0x26 build/lv_style.o
                0x0000000008021db4                lv_style_copy
 .text.lv_style_remove_prop
                0x0000000008021dda      0x124 build/lv_style.o
                0x0000000008021dda                lv_style_remove_prop
 *fill*         0x0000000008021efe        0x2 
 .text._lv_style_set_int
                0x0000000008021f00      0x17c build/lv_style.o
                0x0000000008021f00                _lv_style_set_int
 .text._lv_style_set_color
                0x000000000802207c      0x17c build/lv_style.o
                0x000000000802207c                _lv_style_set_color
 .text._lv_style_set_opa
                0x00000000080221f8      0x180 build/lv_style.o
                0x00000000080221f8                _lv_style_set_opa
 .text._lv_style_set_ptr
                0x0000000008022378      0x17c build/lv_style.o
                0x0000000008022378                _lv_style_set_ptr
 .text._lv_style_get_int
                0x00000000080224f4       0xfe build/lv_style.o
                0x00000000080224f4                _lv_style_get_int
 .text._lv_style_get_opa
                0x00000000080225f2       0xfe build/lv_style.o
                0x00000000080225f2                _lv_style_get_opa
 .text._lv_style_get_color
                0x00000000080226f0       0xfe build/lv_style.o
                0x00000000080226f0                _lv_style_get_color
 .text._lv_style_get_ptr
                0x00000000080227ee       0xfe build/lv_style.o
                0x00000000080227ee                _lv_style_get_ptr
 .text.lv_style_list_get_local_style