Archive member included to satisfy reference by file (symbol)

c:/stm32/gnu mcu eclipse/arm embedded gcc/8.2.1-1.4-20190214-0604/bin/../lib/gcc/arm-none-eabi/8.2.1/../../../../arm-none-eabi/lib/thumb/v7e-m+fp/hard\libc_nano.a(lib_a-exit.o)
                              c:/stm32/gnu mcu eclipse/arm embedded gcc/8.2.1-1.4-20190214-0604/bin/../lib/gcc/arm-none-eabi/8.2.1/../../../../arm-none-eabi/lib/thumb/v7e-m+fp/hard/crt0.o (exit)
c:/stm32/gnu mcu eclipse/arm embedded gcc/8.2.1-1.4-20190214-0604/bin/../lib/gcc/arm-none-eabi/8.2.1/../../../../arm-none-eabi/lib/thumb/v7e-m+fp/hard\libc_nano.a(lib_a-impure.o)
                              c:/stm32/gnu mcu eclipse/arm embedded gcc/8.2.1-1.4-20190214-0604/bin/../lib/gcc/arm-none-eabi/8.2.1/../../../../arm-none-eabi/lib/thumb/v7e-m+fp/hard\libc_nano.a(lib_a-exit.o) (_global_impure_ptr)
c:/stm32/gnu mcu eclipse/arm embedded gcc/8.2.1-1.4-20190214-0604/bin/../lib/gcc/arm-none-eabi/8.2.1/../../../../arm-none-eabi/lib/thumb/v7e-m+fp/hard\libc_nano.a(lib_a-init.o)
                              c:/stm32/gnu mcu eclipse/arm embedded gcc/8.2.1-1.4-20190214-0604/bin/../lib/gcc/arm-none-eabi/8.2.1/../../../../arm-none-eabi/lib/thumb/v7e-m+fp/hard/crt0.o (__libc_init_array)
c:/stm32/gnu mcu eclipse/arm embedded gcc/8.2.1-1.4-20190214-0604/bin/../lib/gcc/arm-none-eabi/8.2.1/../../../../arm-none-eabi/lib/thumb/v7e-m+fp/hard\libc_nano.a(lib_a-malloc.o)
                              build/usbd_msc.o (malloc)
c:/stm32/gnu mcu eclipse/arm embedded gcc/8.2.1-1.4-20190214-0604/bin/../lib/gcc/arm-none-eabi/8.2.1/../../../../arm-none-eabi/lib/thumb/v7e-m+fp/hard\libc_nano.a(lib_a-memcmp.o)
                              build/lv_obj.o (memcmp)
c:/stm32/gnu mcu eclipse/arm embedded gcc/8.2.1-1.4-20190214-0604/bin/../lib/gcc/arm-none-eabi/8.2.1/../../../../arm-none-eabi/lib/thumb/v7e-m+fp/hard\libc_nano.a(lib_a-memcpy-stub.o)
                              build/lv_demo_widgets.o (memcpy)
c:/stm32/gnu mcu eclipse/arm embedded gcc/8.2.1-1.4-20190214-0604/bin/../lib/gcc/arm-none-eabi/8.2.1/../../../../arm-none-eabi/lib/thumb/v7e-m+fp/hard\libc_nano.a(lib_a-memset.o)
                              c:/stm32/gnu mcu eclipse/arm embedded gcc/8.2.1-1.4-20190214-0604/bin/../lib/gcc/arm-none-eabi/8.2.1/../../../../arm-none-eabi/lib/thumb/v7e-m+fp/hard/crt0.o (memset)
c:/stm32/gnu mcu eclipse/arm embedded gcc/8.2.1-1.4-20190214-0604/bin/../lib/gcc/arm-none-eabi/8.2.1/../../../../arm-none-eabi/lib/thumb/v7e-m+fp/hard\libc_nano.a(lib_a-nano-freer.o)
                              c:/stm32/gnu mcu eclipse/arm embedded gcc/8.2.1-1.4-20190214-0604/bin/../lib/gcc/arm-none-eabi/8.2.1/../../../../arm-none-eabi/lib/thumb/v7e-m+fp/hard\libc_nano.a(lib_a-malloc.o) (_free_r)
c:/stm32/gnu mcu eclipse/arm embedded gcc/8.2.1-1.4-20190214-0604/bin/../lib/gcc/arm-none-eabi/8.2.1/../../../../arm-none-eabi/lib/thumb/v7e-m+fp/hard\libc_nano.a(lib_a-nano-mallocr.o)
                              c:/stm32/gnu mcu eclipse/arm embedded gcc/8.2.1-1.4-20190214-0604/bin/../lib/gcc/arm-none-eabi/8.2.1/../../../../arm-none-eabi/lib/thumb/v7e-m+fp/hard\libc_nano.a(lib_a-malloc.o) (_malloc_r)
c:/stm32/gnu mcu eclipse/arm embedded gcc/8.2.1-1.4-20190214-0604/bin/../lib/gcc/arm-none-eabi/8.2.1/../../../../arm-none-eabi/lib/thumb/v7e-m+fp/hard\libc_nano.a(lib_a-puts.o)
                              build/lv_ex_btn_1.o (puts)
c:/stm32/gnu mcu eclipse/arm embedded gcc/8.2.1-1.4-20190214-0604/bin/../lib/gcc/arm-none-eabi/8.2.1/../../../../arm-none-eabi/lib/thumb/v7e-m+fp/hard\libc_nano.a(lib_a-sbrkr.o)
                              c:/stm32/gnu mcu eclipse/arm embedded gcc/8.2.1-1.4-20190214-0604/bin/../lib/gcc/arm-none-eabi/8.2.1/../../../../arm-none-eabi/lib/thumb/v7e-m+fp/hard\libc_nano.a(lib_a-nano-mallocr.o) (_sbrk_r)
c:/stm32/gnu mcu eclipse/arm embedded gcc/8.2.1-1.4-20190214-0604/bin/../lib/gcc/arm-none-eabi/8.2.1/../../../../arm-none-eabi/lib/thumb/v7e-m+fp/hard\libc_nano.a(lib_a-strcmp.o)
                              build/lv_btnmatrix.o (strcmp)
c:/stm32/gnu mcu eclipse/arm embedded gcc/8.2.1-1.4-20190214-0604/bin/../lib/gcc/arm-none-eabi/8.2.1/../../../../arm-none-eabi/lib/thumb/v7e-m+fp/hard\libc_nano.a(lib_a-strcpy.o)
                              build/lv_calendar.o (strcpy)
c:/stm32/gnu mcu eclipse/arm embedded gcc/8.2.1-1.4-20190214-0604/bin/../lib/gcc/arm-none-eabi/8.2.1/../../../../arm-none-eabi/lib/thumb/v7e-m+fp/hard\libc_nano.a(lib_a-strlen.o)
                              build/lv_dropdown.o (strlen)
c:/stm32/gnu mcu eclipse/arm embedded gcc/8.2.1-1.4-20190214-0604/bin/../lib/gcc/arm-none-eabi/8.2.1/../../../../arm-none-eabi/lib/thumb/v7e-m+fp/hard\libc_nano.a(lib_a-strncpy.o)
                              build/lv_chart.o (strncpy)
c:/stm32/gnu mcu eclipse/arm embedded gcc/8.2.1-1.4-20190214-0604/bin/../lib/gcc/arm-none-eabi/8.2.1/../../../../arm-none-eabi/lib/thumb/v7e-m+fp/hard\libc_nano.a(lib_a-wbuf.o)
[...]
Memory Configuration

Name             Origin             Length             Attributes
RAM              0x0000000020000000 0x0000000000020000 xrw
CCMRAM           0x0000000010000000 0x0000000000010000 xrw
FLASH            0x0000000008000000 0x0000000000080000 xr
*default*        0x0000000000000000 0xffffffffffffffff

Linker script and memory map

LOAD c:/stm32/gnu mcu eclipse/arm embedded gcc/8.2.1-1.4-20190214-0604/bin/../lib/gcc/arm-none-eabi/8.2.1/thumb/v7e-m+fp/hard/crti.o
LOAD c:/stm32/gnu mcu eclipse/arm embedded gcc/8.2.1-1.4-20190214-0604/bin/../lib/gcc/arm-none-eabi/8.2.1/thumb/v7e-m+fp/hard/crtbegin.o
LOAD c:/stm32/gnu mcu eclipse/arm embedded gcc/8.2.1-1.4-20190214-0604/bin/../lib/gcc/arm-none-eabi/8.2.1/../../../../arm-none-eabi/lib/thumb/v7e-m+fp/hard/crt0.o
LOAD build/main.o
LOAD build/ILI9341_GFX.o
LOAD build/ILI9341_STM32_Driver.o
LOAD build/lv_demo_widgets.o
LOAD build/lv_ex_btn_1.o
LOAD build/lv_demo_benchmark.o
LOAD build/lv_font_montserrat_28_compr_az.o
LOAD build/lv_font_montserrat_16_compr_az.o
LOAD build/lv_font_montserrat_12_compr_az.o
LOAD build/img_cogwheel_alpha16.o
LOAD build/img_cogwheel_argb.o
LOAD build/img_cogwheel_rgb.o
LOAD build/img_cogwheel_indexed16.o
LOAD build/img_cogwheel_chroma_keyed.o
LOAD build/lv_gpu_stm32_dma2d.o
LOAD build/lv_fs.o
LOAD build/lv_theme_material.o
LOAD build/lv_indev.o
LOAD build/lv_hal_indev.o
LOAD build/lv_printf.o
LOAD build/lv_arc.o
LOAD build/lv_bar.o
LOAD build/lv_btn.o
LOAD build/lv_btnmatrix.o
LOAD build/lv_calendar.o
LOAD build/lv_canvas.o
LOAD build/lv_chart.o
LOAD build/lv_checkbox.o
LOAD build/lv_cont.o
LOAD build/lv_cpicker.o
LOAD build/lv_dropdown.o
LOAD build/lv_gauge.o
LOAD build/lv_img.o
LOAD build/lv_imgbtn.o
LOAD build/lv_keyboard.o
LOAD build/lv_label.o
LOAD build/lv_led.o
LOAD build/lv_line.o
LOAD build/lv_linemeter.o
LOAD build/lv_list.o
LOAD build/lv_msgbox.o
LOAD build/lv_objmask.o
LOAD build/lv_objx_templ.o
LOAD build/lv_page.o
LOAD build/lv_roller.o
LOAD build/lv_slider.o
LOAD build/lv_spinbox.o
LOAD build/lv_spinner.o
LOAD build/lv_switch.o
LOAD build/lv_table.o
LOAD build/lv_tabview.o
LOAD build/lv_textarea.o
LOAD build/lv_tileview.o
LOAD build/lv_win.o
LOAD build/lv_group.o
LOAD build/lv_obj.o
LOAD build/lv_refr.o
LOAD build/lv_style.o
LOAD build/lv_disp.o
LOAD build/lv_hal_tick.o
LOAD build/lv_hal_disp.o
LOAD build/lv_gc.o
LOAD build/lv_debug.o
LOAD build/lv_task.o
LOAD build/lv_mem.o
LOAD build/lv_ll.o
LOAD build/lv_txt.o
LOAD build/lv_math.o
LOAD build/lv_area.o
LOAD build/lv_color.o
LOAD build/lv_anim.o
LOAD build/lv_utils.o
LOAD build/lv_theme.o
LOAD build/lv_draw_rect.o
LOAD build/lv_draw_blend.o
LOAD build/lv_draw_mask.o
LOAD build/lv_draw_arc.o
LOAD build/lv_draw_img.o
LOAD build/lv_draw_label.o
LOAD build/lv_draw_line.o
LOAD build/lv_draw_triangle.o
LOAD build/lv_img_buf.o
LOAD build/lv_img_cache.o
LOAD build/lv_img_decoder.o
LOAD build/lv_font.o
LOAD build/lv_font_fmt_txt.o
LOAD build/lv_font_montserrat_14.o
LOAD build/lv_font_montserrat_20.o
LOAD build/lv_font_montserrat_24.o
LOAD build/lv_font_montserrat_16.o
LOAD build/lv_font_montserrat_30.o
LOAD build/usb_device.o
LOAD build/usbd_conf.o
LOAD build/usbd_desc.o
LOAD build/usbd_storage_if.o
LOAD build/stm32f4xx_it.o
LOAD build/stm32f4xx_hal_msp.o
LOAD build/stm32f4xx_hal_pcd.o
LOAD build/stm32f4xx_hal_pcd_ex.o
LOAD build/stm32f4xx_ll_usb.o
LOAD build/stm32f4xx_hal_rcc.o
LOAD build/stm32f4xx_hal_rcc_ex.o
LOAD build/stm32f4xx_hal_flash.o
LOAD build/stm32f4xx_hal_flash_ex.o
LOAD build/stm32f4xx_hal_flash_ramfunc.o
LOAD build/stm32f4xx_hal_gpio.o
LOAD build/stm32f4xx_hal_dma_ex.o
LOAD build/stm32f4xx_hal_dma.o
LOAD build/stm32f4xx_hal_pwr.o
LOAD build/stm32f4xx_hal_pwr_ex.o
LOAD build/stm32f4xx_hal_cortex.o
LOAD build/stm32f4xx_hal.o
LOAD build/stm32f4xx_hal_exti.o
LOAD build/stm32f4xx_ll_fsmc.o
LOAD build/stm32f4xx_hal_sram.o
LOAD build/stm32f4xx_hal_rng.o
LOAD build/stm32f4xx_ll_sdmmc.o
LOAD build/stm32f4xx_hal_sd.o
LOAD build/stm32f4xx_hal_spi.o
LOAD build/stm32f4xx_hal_tim.o
LOAD build/stm32f4xx_hal_tim_ex.o
LOAD build/system_stm32f4xx.o
LOAD build/usbd_core.o
LOAD build/usbd_ctlreq.o
LOAD build/usbd_ioreq.o
LOAD build/usbd_msc.o
LOAD build/usbd_msc_bot.o
LOAD build/usbd_msc_data.o
LOAD build/usbd_msc_scsi.o
LOAD build/startup_stm32f407xx.o
LOAD c:/stm32/gnu mcu eclipse/arm embedded gcc/8.2.1-1.4-20190214-0604/bin/../lib/gcc/arm-none-eabi/8.2.1/../../../../arm-none-eabi/lib/thumb/v7e-m+fp/hard\libc_nano.a
LOAD c:/stm32/gnu mcu eclipse/arm embedded gcc/8.2.1-1.4-20190214-0604/bin/../lib/gcc/arm-none-eabi/8.2.1/../../../../arm-none-eabi/lib/thumb/v7e-m+fp/hard\libm.a
LOAD c:/stm32/gnu mcu eclipse/arm embedded gcc/8.2.1-1.4-20190214-0604/bin/../lib/gcc/arm-none-eabi/8.2.1/../../../../arm-none-eabi/lib/thumb/v7e-m+fp/hard\libnosys.a
START GROUP
LOAD c:/stm32/gnu mcu eclipse/arm embedded gcc/8.2.1-1.4-20190214-0604/bin/../lib/gcc/arm-none-eabi/8.2.1/thumb/v7e-m+fp/hard\libgcc.a
LOAD c:/stm32/gnu mcu eclipse/arm embedded gcc/8.2.1-1.4-20190214-0604/bin/../lib/gcc/arm-none-eabi/8.2.1/../../../../arm-none-eabi/lib/thumb/v7e-m+fp/hard\libc_nano.a
END GROUP
START GROUP
LOAD c:/stm32/gnu mcu eclipse/arm embedded gcc/8.2.1-1.4-20190214-0604/bin/../lib/gcc/arm-none-eabi/8.2.1/thumb/v7e-m+fp/hard\libgcc.a
LOAD c:/stm32/gnu mcu eclipse/arm embedded gcc/8.2.1-1.4-20190214-0604/bin/../lib/gcc/arm-none-eabi/8.2.1/../../../../arm-none-eabi/lib/thumb/v7e-m+fp/hard\libc_nano.a
END GROUP
LOAD c:/stm32/gnu mcu eclipse/arm embedded gcc/8.2.1-1.4-20190214-0604/bin/../lib/gcc/arm-none-eabi/8.2.1/thumb/v7e-m+fp/hard/crtend.o
LOAD c:/stm32/gnu mcu eclipse/arm embedded gcc/8.2.1-1.4-20190214-0604/bin/../lib/gcc/arm-none-eabi/8.2.1/thumb/v7e-m+fp/hard/crtn.o
                0x0000000020020000                _estack = 0x20020000
                0x0000000000004000                _Min_Heap_Size = 0x4000
                0x0000000000002000                _Min_Stack_Size = 0x2000

.isr_vector     0x0000000008000000      0x188
                0x0000000008000000                . = ALIGN (0x4)
 *(.isr_vector)
 .isr_vector    0x0000000008000000      0x188 build/startup_stm32f407xx.o
                0x0000000008000000                g_pfnVectors
                0x0000000008000188                . = ALIGN (0x4)

.text           0x0000000008000188    0x3118c
                0x0000000008000188                . = ALIGN (0x4)
 *(.text)
 .text          0x0000000008000188       0x14 c:/stm32/gnu mcu eclipse/arm embedded gcc/8.2.1-1.4-20190214-0604/bin/../lib/gcc/arm-none-eabi/8.2.1/../../../../arm-none-eabi/lib/thumb/v7e-m+fp/hard\libc_nano.a(lib_a-strcmp.o)
                0x0000000008000188                strcmp
 .text          0x000000000800019c       0x10 c:/stm32/gnu mcu eclipse/arm embedded gcc/8.2.1-1.4-20190214-0604/bin/../lib/gcc/arm-none-eabi/8.2.1/../../../../arm-none-eabi/lib/thumb/v7e-m+fp/hard\libc_nano.a(lib_a-strlen.o)
                0x000000000800019c                strlen
 .text          0x00000000080001ac       0x30 c:/stm32/gnu mcu eclipse/arm embedded gcc/8.2.1-1.4-20190214-0604/bin/../lib/gcc/arm-none-eabi/8.2.1/thumb/v7e-m+fp/hard\libgcc.a(_aeabi_uldivmod.o)
                0x00000000080001ac                __aeabi_uldivmod
 .text          0x00000000080001dc        0x4 c:/stm32/gnu mcu eclipse/arm embedded gcc/8.2.1-1.4-20190214-0604/bin/../lib/gcc/arm-none-eabi/8.2.1/thumb/v7e-m+fp/hard\libgcc.a(_dvmd_tls.o)
                0x00000000080001dc                __aeabi_idiv0
                0x00000000080001dc                __aeabi_ldiv0
 *(.text*)
 .text.deregister_tm_clones
                0x00000000080001e0       0x1c c:/stm32/gnu mcu eclipse/arm embedded gcc/8.2.1-1.4-20190214-0604/bin/../lib/gcc/arm-none-eabi/8.2.1/thumb/v7e-m+fp/hard/crtbegin.o
 .text.register_tm_clones
                0x00000000080001fc       0x24 c:/stm32/gnu mcu eclipse/arm embedded gcc/8.2.1-1.4-20190214-0604/bin/../lib/gcc/arm-none-eabi/8.2.1/thumb/v7e-m+fp/hard/crtbegin.o
 .text.__do_global_dtors_aux
                0x0000000008000220       0x28 c:/stm32/gnu mcu eclipse/arm embedded gcc/8.2.1-1.4-20190214-0604/bin/../lib/gcc/arm-none-eabi/8.2.1/thumb/v7e-m+fp/hard/crtbegin.o
 .text.frame_dummy
                0x0000000008000248       0x24 c:/stm32/gnu mcu eclipse/arm embedded gcc/8.2.1-1.4-20190214-0604/bin/../lib/gcc/arm-none-eabi/8.2.1/thumb/v7e-m+fp/hard/crtbegin.o
 .text.MX_GPIO_Init
                0x000000000800026c       0xc8 build/main.o
 .text.MX_FSMC_Init
                0x0000000008000334       0x58 build/main.o
 .text.MX_RNG_Init
                0x000000000800038c       0x18 build/main.o
 .text.MX_SPI1_Init
                0x00000000080003a4       0x38 build/main.o
 .text.MX_SPI2_Init
                0x00000000080003dc       0x38 build/main.o
 .text.SystemClock_Config
                0x0000000008000414       0x98 build/main.o
                0x0000000008000414                SystemClock_Config
 .text.main     0x00000000080004ac       0x3c build/main.o
                0x00000000080004ac                main
 .text.Error_Handler
                0x00000000080004e8        0x2 build/main.o
                0x00000000080004e8                Error_Handler
 *fill*         0x00000000080004ea        0x2 
 .text.monitor_cb
                0x00000000080004ec        0xc build/ILI9341_STM32_Driver.o
                0x00000000080004ec                monitor_cb
 .text.DMA_TransferError
                0x00000000080004f8        0x2 build/ILI9341_STM32_Driver.o
 *fill*         0x00000000080004fa        0x2 
 .text.ILI9341_Write_Command
                0x00000000080004fc        0xc build/ILI9341_STM32_Driver.o
                0x00000000080004fc                ILI9341_Write_Command
 .text.lcdDelay
                0x0000000008000508        0x8 build/ILI9341_STM32_Driver.o
                0x0000000008000508                lcdDelay
 .text.ILI9341_Write_Data
                0x0000000008000510        0xc build/ILI9341_STM32_Driver.o
                0x0000000008000510                ILI9341_Write_Data
 .text.ILI9341_Set_Address
                0x000000000800051c       0x4e build/ILI9341_STM32_Driver.o
                0x000000000800051c                ILI9341_Set_Address
 *fill*         0x000000000800056a        0x2 
 .text.DMA_TransferComplete
                0x000000000800056c       0x84 build/ILI9341_STM32_Driver.o
 .text.tft_flush_cb
                0x00000000080005f0       0x94 build/ILI9341_STM32_Driver.o
 .text.ILI9341_Reset
                0x0000000008000684       0x2c build/ILI9341_STM32_Driver.o
                0x0000000008000684                ILI9341_Reset
 .text.ILI9341_Set_Rotation
                0x00000000080006b0       0x7c build/ILI9341_STM32_Driver.o
                0x00000000080006b0                ILI9341_Set_Rotation
 .text.DMA_Init
                0x000000000800072c       0x9c build/ILI9341_STM32_Driver.o
                0x000000000800072c                DMA_Init
 .text.LV_tft_init
                0x00000000080007c8       0x40 build/ILI9341_STM32_Driver.o
                0x00000000080007c8                LV_tft_init
 .text.ILI9341_Fill_Screen
                0x0000000008000808       0x40 build/ILI9341_STM32_Driver.o
                0x0000000008000808                ILI9341_Fill_Screen
 .text.ILI9341_Init
                0x0000000008000848      0x21c build/ILI9341_STM32_Driver.o
                0x0000000008000848                ILI9341_Init
 .text.color_chg_event_cb
                0x0000000008000a64       0x5a build/lv_demo_widgets.o
 *fill*         0x0000000008000abe        0x2 
 .text.ta_event_cb
                0x0000000008000ac0       0x90 build/lv_demo_widgets.o
 .text.kb_event_cb
                0x0000000008000b50       0x44 build/lv_demo_widgets.o
 .text.slider_event_cb
                0x0000000008000b94       0x78 build/lv_demo_widgets.o
 .text.controls_create
                0x0000000008000c0c      0x3a4 build/lv_demo_widgets.o
 .text.bar_anim
                0x0000000008000fb0       0x60 build/lv_demo_widgets.o
 .text.arc_anim
                0x0000000008001010       0x48 build/lv_demo_widgets.o
 .text.linemeter_anim
                0x0000000008001058       0x44 build/lv_demo_widgets.o
 .text.gauge_anim
                0x000000000800109c       0x50 build/lv_demo_widgets.o
 .text.visuals_create
                0x00000000080010ec      0x728 build/lv_demo_widgets.o
 .text.table_event_cb
                0x0000000008001814       0x5c build/lv_demo_widgets.o
 .text.selectors_create
                0x0000000008001870      0x4e8 build/lv_demo_widgets.o
 .text.lv_demo_widgets
                0x0000000008001d58      0x1ec build/lv_demo_widgets.o
                0x0000000008001d58                lv_demo_widgets
 .text.theme_apply
                0x0000000008001f44      0x6d4 build/lv_theme_material.o
 .text.style_init_reset
                0x0000000008002618       0x18 build/lv_theme_material.o
 .text.bar_init
                0x0000000008002630      0x1bc build/lv_theme_material.o
 .text.slider_init
                0x00000000080027ec      0x274 build/lv_theme_material.o
 .text.switch_init
                0x0000000008002a60      0x110 build/lv_theme_material.o
 .text.linemeter_init
                0x0000000008002b70      0x214 build/lv_theme_material.o
 .text.gauge_init
                0x0000000008002d84      0x48c build/lv_theme_material.o
 .text.arc_init
                0x0000000008003210      0x158 build/lv_theme_material.o
 .text.chart_init
                0x0000000008003368      0x234 build/lv_theme_material.o
 .text.calendar_init
                0x000000000800359c      0x708 build/lv_theme_material.o
 .text.cpicker_init
                0x0000000008003ca4      0x26c build/lv_theme_material.o
 .text.checkbox_init
                0x0000000008003f10      0x2dc build/lv_theme_material.o
 .text.keyboard_init
                0x00000000080041ec      0x1c8 build/lv_theme_material.o
 .text.msgbox_init
                0x00000000080043b4       0x8c build/lv_theme_material.o
 .text.page_init
                0x0000000008004440      0x158 build/lv_theme_material.o
 .text.textarea_init
                0x0000000008004598      0x118 build/lv_theme_material.o
 .text.spinbox_init
                0x00000000080046b0       0xc4 build/lv_theme_material.o
 .text.list_init
                0x0000000008004774      0x770 build/lv_theme_material.o
 .text.ddlist_init
                0x0000000008004ee4      0x120 build/lv_theme_material.o
 .text.roller_init
                0x0000000008005004       0x94 build/lv_theme_material.o
 .text.table_init
                0x0000000008005098      0x254 build/lv_theme_material.o
 .text.tabview_win_shared_init
                0x00000000080052ec      0x578 build/lv_theme_material.o
 .text.led_init
                0x0000000008005864       0xf0 build/lv_theme_material.o
 .text.basic_init
                0x0000000008005954     0x14e8 build/lv_theme_material.o
 .text.lv_theme_material_init
                0x0000000008006e3c       0xc0 build/lv_theme_material.o
                0x0000000008006e3c                lv_theme_material_init
 .text.get_dragged_obj
                0x0000000008006efc       0x1e build/lv_indev.o
 *fill*         0x0000000008006f1a        0x2 
 .text.lv_indev_get_act
                0x0000000008006f1c        0xc build/lv_indev.o
                0x0000000008006f1c                lv_indev_get_act
 .text.lv_indev_get_type
                0x0000000008006f28        0xa build/lv_indev.o
                0x0000000008006f28                lv_indev_get_type
 *fill*         0x0000000008006f32        0x2 
 .text.lv_indev_reset
                0x0000000008006f34       0x78 build/lv_indev.o
                0x0000000008006f34                lv_indev_reset
 .text._lv_indev_init
                0x0000000008006fac        0xc build/lv_indev.o
                0x0000000008006fac                _lv_indev_init
 .text.lv_indev_reset_long_press
                0x0000000008006fb8       0x1e build/lv_indev.o
                0x0000000008006fb8                lv_indev_reset_long_press
 .text.lv_indev_get_point
                0x0000000008006fd6       0x2e build/lv_indev.o
                0x0000000008006fd6                lv_indev_get_point
 .text.lv_indev_is_dragging
                0x0000000008007004       0x20 build/lv_indev.o
                0x0000000008007004                lv_indev_is_dragging
 .text.lv_indev_get_vect
                0x0000000008007024       0x2c build/lv_indev.o
                0x0000000008007024                lv_indev_get_vect
 .text.lv_indev_finish_drag
                0x0000000008007050       0x5a build/lv_indev.o
                0x0000000008007050                lv_indev_finish_drag
 .text.lv_indev_wait_release
                0x00000000080070aa       0x10 build/lv_indev.o
                0x00000000080070aa                lv_indev_wait_release
 *fill*         0x00000000080070ba        0x2 
 .text.lv_indev_get_obj_act
                0x00000000080070bc        0xc build/lv_indev.o
                0x00000000080070bc                lv_indev_get_obj_act
 .text.lv_indev_get_next
                0x00000000080070c8       0x1c build/lv_hal_indev.o
                0x00000000080070c8                lv_indev_get_next
 .text._out_buffer
                0x00000000080070e4        0x8 build/lv_printf.o
 .text._out_null
                0x00000000080070ec        0x2 build/lv_printf.o
 .text._atoi    0x00000000080070ee       0x24 build/lv_printf.o
 .text._out_rev
                0x0000000008007112       0x72 build/lv_printf.o
 .text._ntoa_format
                0x0000000008007184      0x11a build/lv_printf.o
 .text._ntoa_long
                0x000000000800729e       0x96 build/lv_printf.o
 .text._ntoa_long_long
                0x0000000008007334       0xb8 build/lv_printf.o
 .text._vsnprintf
                0x00000000080073ec      0x628 build/lv_printf.o
 .text.lv_snprintf
                0x0000000008007a14       0x28 build/lv_printf.o
                0x0000000008007a14                lv_snprintf
 .text.lv_vsnprintf
                0x0000000008007a3c       0x1c build/lv_printf.o
                0x0000000008007a3c                lv_vsnprintf
 .text.lv_arc_get_style
                0x0000000008007a58       0x40 build/lv_arc.o
 .text.get_center
                0x0000000008007a98       0xa6 build/lv_arc.o
 .text.get_knob_area
                0x0000000008007b3e      0x134 build/lv_arc.o
 .text.lv_arc_design
                0x0000000008007c72      0x154 build/lv_arc.o
 *fill*         0x0000000008007dc6        0x2 
 .text.inv_arc_area
                0x0000000008007dc8      0x640 build/lv_arc.o
 .text.lv_arc_set_start_angle
                0x0000000008008408       0x94 build/lv_arc.o
                0x0000000008008408                lv_arc_set_start_angle
 .text.lv_arc_set_end_angle
                0x000000000800849c       0x90 build/lv_arc.o
                0x000000000800849c                lv_arc_set_end_angle
 .text.value_update
                0x000000000800852c       0xe0 build/lv_arc.o
 .text.lv_arc_set_angles
                0x000000000800860c       0x5c build/lv_arc.o
                0x000000000800860c                lv_arc_set_angles
 .text.lv_arc_set_bg_angles
                0x0000000008008668       0x60 build/lv_arc.o
                0x0000000008008668                lv_arc_set_bg_angles
 .text.lv_arc_set_rotation
                0x00000000080086c8       0x2c build/lv_arc.o
                0x00000000080086c8                lv_arc_set_rotation
 .text.lv_arc_set_value
                0x00000000080086f4       0x50 build/lv_arc.o
                0x00000000080086f4                lv_arc_set_value
 .text.lv_arc_create
                0x0000000008008744      0x1e0 build/lv_arc.o
                0x0000000008008744                lv_arc_create
 .text.lv_arc_get_value
                0x0000000008008924       0x28 build/lv_arc.o
                0x0000000008008924                lv_arc_get_value
 .text.lv_arc_signal
                0x000000000800894c      0x33c build/lv_arc.o
 .text.lv_area_get_width
                0x0000000008008c88        0xe build/lv_bar.o
 .text.lv_area_get_height
                0x0000000008008c96        0xe build/lv_bar.o
 .text.lv_bar_init_anim
                0x0000000008008ca4       0x10 build/lv_bar.o
 .text.lv_bar_get_style
                0x0000000008008cb4       0x38 build/lv_bar.o
 .text.draw_indic
                0x0000000008008cec      0x4cc build/lv_bar.o
 .text.draw_bg  0x00000000080091b8       0x3e build/lv_bar.o
 *fill*         0x00000000080091f6        0x2 
 .text.lv_bar_design
                0x00000000080091f8       0xac build/lv_bar.o
 .text.lv_bar_signal
                0x00000000080092a4       0x94 build/lv_bar.o
 .text.lv_bar_anim_ready
                0x0000000008009338       0x38 build/lv_bar.o
 .text.lv_bar_anim
                0x0000000008009370        0xc build/lv_bar.o
 .text.lv_bar_set_value_with_anim
                0x000000000800937c       0x78 build/lv_bar.o
 .text.lv_bar_set_value
                0x00000000080093f4       0x64 build/lv_bar.o
                0x00000000080093f4                lv_bar_set_value
 .text.lv_bar_create
                0x0000000008009458      0x154 build/lv_bar.o
                0x0000000008009458                lv_bar_create
 .text.lv_bar_set_start_value
                0x00000000080095ac       0x64 build/lv_bar.o
                0x00000000080095ac                lv_bar_set_start_value
 .text.lv_bar_set_type
                0x0000000008009610       0x44 build/lv_bar.o
                0x0000000008009610                lv_bar_set_type
 .text.lv_bar_get_value
                0x0000000008009654       0x38 build/lv_bar.o
                0x0000000008009654                lv_bar_get_value
 .text.lv_bar_get_start_value
                0x000000000800968c       0x48 build/lv_bar.o
                0x000000000800968c                lv_bar_get_start_value
 .text.lv_bar_get_max_value
                0x00000000080096d4       0x28 build/lv_bar.o
                0x00000000080096d4                lv_bar_get_max_value
 .text.lv_bar_get_type
                0x00000000080096fc       0x2c build/lv_bar.o
                0x00000000080096fc                lv_bar_get_type
 .text.lv_bar_set_range
                0x0000000008009728       0x7c build/lv_bar.o
                0x0000000008009728                lv_bar_set_range
 .text.lv_btn_design
                0x00000000080097a4       0x30 build/lv_btn.o
 .text.lv_btn_create
                0x00000000080097d4       0xe0 build/lv_btn.o
                0x00000000080097d4                lv_btn_create
 .text.lv_btn_set_checkable
                0x00000000080098b4       0x2c build/lv_btn.o
                0x00000000080098b4                lv_btn_set_checkable
 .text.lv_btn_set_state
                0x00000000080098e0       0x90 build/lv_btn.o
                0x00000000080098e0                lv_btn_set_state
 .text.lv_btn_toggle
                0x0000000008009970       0x3c build/lv_btn.o
                0x0000000008009970                lv_btn_toggle
 .text.lv_btn_get_checkable
                0x00000000080099ac       0x28 build/lv_btn.o
                0x00000000080099ac                lv_btn_get_checkable
 .text.lv_btn_signal
                0x00000000080099d4       0xec build/lv_btn.o
 .text.get_button_width
                0x0000000008009ac0        0xa build/lv_btnmatrix.o
 .text.button_is_hidden
                0x0000000008009aca        0x6 build/lv_btnmatrix.o
 .text.button_is_repeat_disabled
                0x0000000008009ad0        0x6 build/lv_btnmatrix.o
 .text.button_is_inactive
                0x0000000008009ad6        0x6 build/lv_btnmatrix.o
 .text.button_is_click_trig
                0x0000000008009adc        0x6 build/lv_btnmatrix.o
 .text.button_is_tgl_enabled
                0x0000000008009ae2        0x6 build/lv_btnmatrix.o
 .text.button_get_tgl_state
                0x0000000008009ae8        0x6 build/lv_btnmatrix.o
 *fill*         0x0000000008009aee        0x2 
 .text.lv_btnmatrix_get_style
                0x0000000008009af0       0x38 build/lv_btnmatrix.o
 .text.get_button_from_point
                0x0000000008009b28      0x1b0 build/lv_btnmatrix.o
 .text.invalidate_button_area
                0x0000000008009cd8       0x72 build/lv_btnmatrix.o
 *fill*         0x0000000008009d4a        0x2 
 .text.allocate_btn_areas_and_controls
                0x0000000008009d4c       0xa8 build/lv_btnmatrix.o
 .text.lv_btnmatrix_set_map
                0x0000000008009df4      0x2d4 build/lv_btnmatrix.o
                0x0000000008009df4                lv_btnmatrix_set_map
 .text.lv_btnmatrix_set_ctrl_map
                0x000000000800a0c8       0x3c build/lv_btnmatrix.o
                0x000000000800a0c8                lv_btnmatrix_set_ctrl_map
 .text.lv_btnmatrix_create
                0x000000000800a104      0x114 build/lv_btnmatrix.o
                0x000000000800a104                lv_btnmatrix_create
 .text.lv_btnmatrix_set_focused_btn
                0x000000000800a218       0x40 build/lv_btnmatrix.o
                0x000000000800a218                lv_btnmatrix_set_focused_btn
 .text.lv_btnmatrix_clear_btn_ctrl
                0x000000000800a258       0x44 build/lv_btnmatrix.o
                0x000000000800a258                lv_btnmatrix_clear_btn_ctrl
 .text.lv_btnmatrix_clear_btn_ctrl_all
                0x000000000800a29c       0x40 build/lv_btnmatrix.o
                0x000000000800a29c                lv_btnmatrix_clear_btn_ctrl_all
 .text.lv_btnmatrix_set_btn_ctrl
                0x000000000800a2dc       0x5c build/lv_btnmatrix.o
                0x000000000800a2dc                lv_btnmatrix_set_btn_ctrl
 .text.lv_btnmatrix_set_btn_ctrl_all
                0x000000000800a338       0x40 build/lv_btnmatrix.o
                0x000000000800a338                lv_btnmatrix_set_btn_ctrl_all
 .text.lv_btnmatrix_get_map_array
                0x000000000800a378       0x24 build/lv_btnmatrix.o
                0x000000000800a378                lv_btnmatrix_get_map_array
 .text.lv_btnmatrix_get_active_btn
                0x000000000800a39c       0x24 build/lv_btnmatrix.o
                0x000000000800a39c                lv_btnmatrix_get_active_btn
 .text.lv_btnmatrix_get_focused_btn
                0x000000000800a3c0       0x24 build/lv_btnmatrix.o
                0x000000000800a3c0                lv_btnmatrix_get_focused_btn
 .text.lv_btnmatrix_get_btn_text
                0x000000000800a3e4       0x74 build/lv_btnmatrix.o
                0x000000000800a3e4                lv_btnmatrix_get_btn_text
 .text.lv_btnmatrix_get_active_btn_text
                0x000000000800a458       0x38 build/lv_btnmatrix.o
                0x000000000800a458                lv_btnmatrix_get_active_btn_text
 .text.lv_btnmatrix_get_btn_ctrl
                0x000000000800a490       0x40 build/lv_btnmatrix.o
                0x000000000800a490                lv_btnmatrix_get_btn_ctrl
 .text.make_one_button_toggled
                0x000000000800a4d0       0x26 build/lv_btnmatrix.o
 *fill*         0x000000000800a4f6        0x2 
 .text.lv_btnmatrix_signal
                0x000000000800a4f8      0x590 build/lv_btnmatrix.o
 .text.lv_btnmatrix_get_align
                0x000000000800aa88       0x30 build/lv_btnmatrix.o
                0x000000000800aa88                lv_btnmatrix_get_align
 .text.lv_btnmatrix_design
                0x000000000800aab8      0x44c build/lv_btnmatrix.o
 .text.is_leap_year
                0x000000000800af04       0x3c build/lv_calendar.o
 .text.get_month_length
                0x000000000800af40       0x50 build/lv_calendar.o
 .text.get_month_name
                0x000000000800af90       0x28 build/lv_calendar.o
 .text.get_day_name
                0x000000000800afb8       0x20 build/lv_calendar.o
 .text.is_pressed
                0x000000000800afd8       0x68 build/lv_calendar.o
 .text.is_highlighted
                0x000000000800b040       0x74 build/lv_calendar.o
 .text.lv_calendar_get_style
                0x000000000800b0b4       0x44 build/lv_calendar.o
 .text.draw_header
                0x000000000800b0f8      0x1f8 build/lv_calendar.o
 .text.get_day_names_height
                0x000000000800b2f0       0x36 build/lv_calendar.o
 .text.get_header_height
                0x000000000800b326       0x58 build/lv_calendar.o
 *fill*         0x000000000800b37e        0x2 
 .text.draw_day_names
                0x000000000800b380      0x1c8 build/lv_calendar.o
 .text.lv_calendar_create
                0x000000000800b548      0x168 build/lv_calendar.o
                0x000000000800b548                lv_calendar_create
 .text.lv_calendar_set_highlighted_dates
                0x000000000800b6b0       0x44 build/lv_calendar.o
                0x000000000800b6b0                lv_calendar_set_highlighted_dates
 .text.lv_calendar_get_day_of_week
                0x000000000800b6f4       0x64 build/lv_calendar.o
                0x000000000800b6f4                lv_calendar_get_day_of_week
 .text.draw_dates
                0x000000000800b758      0x334 build/lv_calendar.o
 .text.lv_calendar_design
                0x000000000800ba8c       0x4c build/lv_calendar.o
 .text.calculate_touched_day
                0x000000000800bad8      0x1b8 build/lv_calendar.o
 .text.lv_calendar_signal
                0x000000000800bc90      0x240 build/lv_calendar.o
 .text.create_axis_label_iter
                0x000000000800bed0       0x3e build/lv_chart.o
 *fill*         0x000000000800bf0e        0x2 
 .text.lv_chart_get_style
                0x000000000800bf10       0x44 build/lv_chart.o
 .text.draw_series_bg
                0x000000000800bf54      0x148 build/lv_chart.o
 .text.get_next_axis_label
                0x000000000800c09c       0x7a build/lv_chart.o
 *fill*         0x000000000800c116        0x2 
 .text.draw_y_ticks
                0x000000000800c118      0x318 build/lv_chart.o
 .text.draw_x_ticks
                0x000000000800c430      0x2a0 build/lv_chart.o
 .text.draw_axes
                0x000000000800c6d0       0x26 build/lv_chart.o
 *fill*         0x000000000800c6f6        0x2 
 .text.draw_series_column
                0x000000000800c6f8      0x1ac build/lv_chart.o
 .text.draw_series_line
                0x000000000800c8a4      0x354 build/lv_chart.o
 .text.draw_cursors
                0x000000000800cbf8      0x1c6 build/lv_chart.o
 *fill*         0x000000000800cdbe        0x2 
 .text.lv_chart_signal
                0x000000000800cdc0       0xa8 build/lv_chart.o
 .text.lv_chart_create
                0x000000000800ce68      0x208 build/lv_chart.o
                0x000000000800ce68                lv_chart_create
 .text.lv_chart_add_series
                0x000000000800d070       0xa0 build/lv_chart.o
                0x000000000800d070                lv_chart_add_series
 .text.lv_chart_set_div_line_count
                0x000000000800d110       0x44 build/lv_chart.o
                0x000000000800d110                lv_chart_set_div_line_count
 .text.lv_chart_set_x_tick_length
                0x000000000800d154       0x30 build/lv_chart.o
                0x000000000800d154                lv_chart_set_x_tick_length
 .text.lv_chart_set_y_tick_length
                0x000000000800d184       0x30 build/lv_chart.o
                0x000000000800d184                lv_chart_set_y_tick_length
 .text.lv_chart_set_x_tick_texts
                0x000000000800d1b4       0x48 build/lv_chart.o
                0x000000000800d1b4                lv_chart_set_x_tick_texts
 .text.lv_chart_set_y_tick_texts
                0x000000000800d1fc       0x48 build/lv_chart.o
                0x000000000800d1fc                lv_chart_set_y_tick_texts
 .text.lv_chart_get_series_area
                0x000000000800d244       0x66 build/lv_chart.o
                0x000000000800d244                lv_chart_get_series_area
 *fill*         0x000000000800d2aa        0x2 
 .text.lv_chart_design
                0x000000000800d2ac       0x9c build/lv_chart.o
 .text.invalidate_lines
                0x000000000800d348      0x108 build/lv_chart.o
 .text.invalidate_columns
                0x000000000800d450       0x76 build/lv_chart.o
 *fill*         0x000000000800d4c6        0x2 
 .text.lv_chart_refresh
                0x000000000800d4c8       0x24 build/lv_chart.o
                0x000000000800d4c8                lv_chart_refresh
 .text.lv_chart_set_type
                0x000000000800d4ec       0x38 build/lv_chart.o
                0x000000000800d4ec                lv_chart_set_type
 .text.lv_chart_set_point_count
                0x000000000800d524      0x130 build/lv_chart.o
                0x000000000800d524                lv_chart_set_point_count
 .text.lv_chart_set_next
                0x000000000800d654       0xa8 build/lv_chart.o
                0x000000000800d654                lv_chart_set_next
 .text.lv_checkbox_get_style
                0x000000000800d6fc       0x24 build/lv_checkbox.o
 .text.lv_checkbox_signal
                0x000000000800d720      0x11c build/lv_checkbox.o
 .text.lv_checkbox_set_text
                0x000000000800d83c       0x2c build/lv_checkbox.o
                0x000000000800d83c                lv_checkbox_set_text
 .text.lv_checkbox_create
                0x000000000800d868       0xf0 build/lv_checkbox.o
                0x000000000800d868                lv_checkbox_create
 .text.lv_cont_get_style
                0x000000000800d958        0xa build/lv_cont.o
 .text.lv_cont_layout_center
                0x000000000800d962       0xde build/lv_cont.o
 .text.lv_cont_layout_grid
                0x000000000800da40       0xc2 build/lv_cont.o
 *fill*         0x000000000800db02        0x2 
 .text.lv_cont_refr_autofit
                0x000000000800db04      0x3dc build/lv_cont.o
 .text.lv_cont_create
                0x000000000800dee0      0x104 build/lv_cont.o
                0x000000000800dee0                lv_cont_create
 .text.lv_cont_set_layout
                0x000000000800dfe4       0x40 build/lv_cont.o
                0x000000000800dfe4                lv_cont_set_layout
 .text.lv_cont_set_fit4
                0x000000000800e024       0x80 build/lv_cont.o
                0x000000000800e024                lv_cont_set_fit4
 .text.lv_cont_get_layout
                0x000000000800e0a4       0x28 build/lv_cont.o
                0x000000000800e0a4                lv_cont_get_layout
 .text.lv_cont_layout_col
                0x000000000800e0cc      0x100 build/lv_cont.o
 .text.lv_cont_layout_row
                0x000000000800e1cc      0x138 build/lv_cont.o
 .text.lv_cont_layout_pretty
                0x000000000800e304      0x320 build/lv_cont.o
 .text.lv_cont_refr_layout
                0x000000000800e624       0x70 build/lv_cont.o
 .text.lv_cont_signal
                0x000000000800e694       0xc0 build/lv_cont.o
 .text.lv_cont_get_fit_left
                0x000000000800e754       0x28 build/lv_cont.o
                0x000000000800e754                lv_cont_get_fit_left
 .text.lv_cont_get_fit_right
                0x000000000800e77c       0x28 build/lv_cont.o
                0x000000000800e77c                lv_cont_get_fit_right
 .text.lv_cont_get_fit_top
                0x000000000800e7a4       0x28 build/lv_cont.o
                0x000000000800e7a4                lv_cont_get_fit_top
 .text.lv_dropdown_get_style
                0x000000000800e7cc       0x4c build/lv_dropdown.o
 .text.get_label
                0x000000000800e818       0x16 build/lv_dropdown.o
 .text.position_to_selected
                0x000000000800e82e       0x70 build/lv_dropdown.o
 .text.get_id_on_point
                0x000000000800e89e       0x5a build/lv_dropdown.o
 .text.page_press_handler
                0x000000000800e8f8       0x4c build/lv_dropdown.o
 .text.draw_box
                0x000000000800e944       0xbc build/lv_dropdown.o
 .text.draw_box_label
                0x000000000800ea00       0xfa build/lv_dropdown.o
 *fill*         0x000000000800eafa        0x2 
 .text.lv_dropdown_page_design
                0x000000000800eafc       0xc8 build/lv_dropdown.o
 .text.lv_dropdown_set_options
                0x000000000800ebc4       0xb4 build/lv_dropdown.o
                0x000000000800ebc4                lv_dropdown_set_options
 .text.lv_dropdown_set_options_static
                0x000000000800ec78       0x80 build/lv_dropdown.o
                0x000000000800ec78                lv_dropdown_set_options_static
 .text.lv_dropdown_get_options
                0x000000000800ecf8       0x24 build/lv_dropdown.o
                0x000000000800ecf8                lv_dropdown_get_options
 .text.lv_dropdown_create
                0x000000000800ed1c      0x1f4 build/lv_dropdown.o
                0x000000000800ed1c                lv_dropdown_create
 .text.lv_dropdown_get_selected_str
                0x000000000800ef10       0x74 build/lv_dropdown.o
                0x000000000800ef10                lv_dropdown_get_selected_str
 .text.lv_dropdown_design
                0x000000000800ef84      0x20c build/lv_dropdown.o
 .text.lv_dropdown_open
                0x000000000800f190      0x33c build/lv_dropdown.o
                0x000000000800f190                lv_dropdown_open
 .text.lv_dropdown_close
                0x000000000800f4cc       0x1c build/lv_dropdown.o
                0x000000000800f4cc                lv_dropdown_close
 .text.lv_dropdown_signal
                0x000000000800f4e8      0x240 build/lv_dropdown.o
 .text.page_release_handler
                0x000000000800f728       0x9e build/lv_dropdown.o
 *fill*         0x000000000800f7c6        0x2 
 .text.lv_dropdown_page_scrl_signal
                0x000000000800f7c8       0xb0 build/lv_dropdown.o
 .text.lv_dropdown_page_signal
                0x000000000800f878       0xa8 build/lv_dropdown.o
 .text.lv_gauge_get_style
                0x000000000800f920       0x40 build/lv_gauge.o
 .text.lv_gauge_draw_labels
                0x000000000800f960      0x1dc build/lv_gauge.o
 .text.lv_gauge_draw_needle
                0x000000000800fb3c      0x27c build/lv_gauge.o
 .text.lv_gauge_design
                0x000000000800fdb8       0x5c build/lv_gauge.o
 .text.lv_gauge_signal
                0x000000000800fe14       0x78 build/lv_gauge.o
 .text.lv_gauge_set_needle_count
                0x000000000800fe8c       0x88 build/lv_gauge.o
                0x000000000800fe8c                lv_gauge_set_needle_count
 .text.lv_gauge_set_value
                0x000000000800ff14      0x23c build/lv_gauge.o
                0x000000000800ff14                lv_gauge_set_value
 .text.lv_gauge_set_scale
                0x0000000008010150       0x3c build/lv_gauge.o
                0x0000000008010150                lv_gauge_set_scale
 .text.lv_gauge_create
                0x000000000801018c      0x158 build/lv_gauge.o
                0x000000000801018c                lv_gauge_create
 .text.lv_img_get_style
                0x00000000080102e4        0xa build/lv_img.o
 .text.lv_img_design
                0x00000000080102ee      0x5e2 build/lv_img.o
 .text.lv_img_get_src
                0x00000000080108d0       0x24 build/lv_img.o
                0x00000000080108d0                lv_img_get_src
 .text.lv_img_get_auto_size
                0x00000000080108f4       0x28 build/lv_img.o
                0x00000000080108f4                lv_img_get_auto_size
 .text.lv_img_set_src
                0x000000000801091c      0x1a8 build/lv_img.o
                0x000000000801091c                lv_img_set_src
 .text.lv_img_create
                0x0000000008010ac4      0x154 build/lv_img.o
                0x0000000008010ac4                lv_img_create
 .text.lv_img_signal
                0x0000000008010c18      0x284 build/lv_img.o
 .text.lv_keyboard_signal
                0x0000000008010e9c       0x7c build/lv_keyboard.o
 .text.lv_keyboard_create
                0x0000000008010f18      0x158 build/lv_keyboard.o
                0x0000000008010f18                lv_keyboard_create
 .text.lv_keyboard_set_textarea
                0x0000000008011070       0x6c build/lv_keyboard.o
                0x0000000008011070                lv_keyboard_set_textarea
 .text.lv_keyboard_def_event_cb
                0x00000000080110dc      0x24c build/lv_keyboard.o
                0x00000000080110dc                lv_keyboard_def_event_cb
 .text.lv_label_get_dot_tmp
                0x0000000008011328       0x16 build/lv_label.o
 .text.lv_label_dot_tmp_free
                0x000000000801133e       0x26 build/lv_label.o
 .text.lv_label_revert_dots
                0x0000000008011364       0x60 build/lv_label.o
 .text.get_txt_coords
                0x00000000080113c4       0x58 build/lv_label.o
 .text.lv_label_set_dot_tmp
                0x000000000801141c       0x56 build/lv_label.o
 .text.lv_label_set_offset_y
                0x0000000008011472       0x14 build/lv_label.o
 .text.lv_label_set_offset_x
                0x0000000008011486       0x14 build/lv_label.o
 *fill*         0x000000000801149a        0x2 
 .text.lv_label_set_align
                0x000000000801149c       0x3c build/lv_label.o
                0x000000000801149c                lv_label_set_align
 .text.lv_label_get_text
                0x00000000080114d8       0x24 build/lv_label.o
                0x00000000080114d8                lv_label_get_text
 .text.lv_label_get_long_mode
                0x00000000080114fc       0x28 build/lv_label.o
                0x00000000080114fc                lv_label_get_long_mode
 .text.lv_label_get_align
                0x0000000008011524       0x30 build/lv_label.o
                0x0000000008011524                lv_label_get_align
 .text.lv_label_get_recolor
                0x0000000008011554       0x28 build/lv_label.o
                0x0000000008011554                lv_label_get_recolor
 .text.lv_label_get_letter_pos
                0x000000000801157c      0x22c build/lv_label.o
                0x000000000801157c                lv_label_get_letter_pos
 .text.lv_label_get_letter_on
                0x00000000080117a8      0x260 build/lv_label.o
                0x00000000080117a8                lv_label_get_letter_on
 .text.lv_label_get_text_sel_start
                0x0000000008011a08       0x20 build/lv_label.o
                0x0000000008011a08                lv_label_get_text_sel_start
 .text.lv_label_get_text_sel_end
                0x0000000008011a28       0x20 build/lv_label.o
                0x0000000008011a28                lv_label_get_text_sel_end
 .text.lv_label_design
                0x0000000008011a48      0x262 build/lv_label.o
 .text.lv_label_get_style
                0x0000000008011caa        0xa build/lv_label.o
                0x0000000008011caa                lv_label_get_style
 .text.lv_label_refr_text
                0x0000000008011cb4      0x4e8 build/lv_label.o
                0x0000000008011cb4                lv_label_refr_text
 .text.lv_label_signal
                0x000000000801219c       0xc8 build/lv_label.o
 .text.lv_label_set_text
                0x0000000008012264       0xd0 build/lv_label.o
                0x0000000008012264                lv_label_set_text
 .text.lv_label_ins_text
                0x0000000008012334       0xb4 build/lv_label.o
                0x0000000008012334                lv_label_ins_text
 .text.lv_label_set_text_fmt
                0x00000000080123e8       0x88 build/lv_label.o
                0x00000000080123e8                lv_label_set_text_fmt
 .text.lv_label_set_text_static
                0x0000000008012470       0x4c build/lv_label.o
                0x0000000008012470                lv_label_set_text_static
 .text.lv_label_set_long_mode
                0x00000000080124bc       0xa0 build/lv_label.o
                0x00000000080124bc                lv_label_set_long_mode
 .text.lv_label_set_recolor
                0x000000000801255c       0x44 build/lv_label.o
                0x000000000801255c                lv_label_set_recolor
 .text.lv_label_create
                0x00000000080125a0      0x1cc build/lv_label.o
                0x00000000080125a0                lv_label_create
 .text.lv_led_signal
                0x000000000801276c       0x38 build/lv_led.o
 .text.lv_led_design
                0x00000000080127a4      0x1f0 build/lv_led.o
 .text.lv_led_create
                0x0000000008012994       0xc0 build/lv_led.o
                0x0000000008012994                lv_led_create
 .text.lv_led_set_bright
                0x0000000008012a54       0x38 build/lv_led.o
                0x0000000008012a54                lv_led_set_bright
 .text.lv_led_on
                0x0000000008012a8c       0x24 build/lv_led.o
                0x0000000008012a8c                lv_led_on
 .text.lv_led_off
                0x0000000008012ab0       0x24 build/lv_led.o
                0x0000000008012ab0                lv_led_off
 .text.lv_linemeter_signal
                0x0000000008012ad4       0x44 build/lv_linemeter.o
 .text.lv_linemeter_create
                0x0000000008012b18       0xdc build/lv_linemeter.o
                0x0000000008012b18                lv_linemeter_create
 .text.lv_linemeter_set_value
                0x0000000008012bf4       0x68 build/lv_linemeter.o
                0x0000000008012bf4                lv_linemeter_set_value
 .text.lv_linemeter_set_scale
                0x0000000008012c5c       0x3c build/lv_linemeter.o
                0x0000000008012c5c                lv_linemeter_set_scale
 .text.lv_linemeter_get_min_value
                0x0000000008012c98       0x24 build/lv_linemeter.o
                0x0000000008012c98                lv_linemeter_get_min_value
 .text.lv_linemeter_get_max_value
                0x0000000008012cbc       0x24 build/lv_linemeter.o
                0x0000000008012cbc                lv_linemeter_get_max_value
 .text.lv_linemeter_get_scale_angle
                0x0000000008012ce0       0x24 build/lv_linemeter.o
                0x0000000008012ce0                lv_linemeter_get_scale_angle
 .text.lv_linemeter_get_angle_offset
                0x0000000008012d04        0xa build/lv_linemeter.o
                0x0000000008012d04                lv_linemeter_get_angle_offset
 *fill*         0x0000000008012d0e        0x2 
 .text.lv_linemeter_draw_scale
                0x0000000008012d10      0x480 build/lv_linemeter.o
                0x0000000008012d10                lv_linemeter_draw_scale
 .text.lv_linemeter_design
                0x0000000008013190       0x42 build/lv_linemeter.o
 *fill*         0x00000000080131d2        0x2 
 .text.lv_list_get_style
                0x00000000080131d4       0x4c build/lv_list.o
 .text.lv_list_is_list_label
                0x0000000008013220       0x40 build/lv_list.o
 .text.lv_list_is_list_img
                0x0000000008013260       0x40 build/lv_list.o
 .text.lv_list_is_list_btn
                0x00000000080132a0       0x40 build/lv_list.o
 .text.lv_list_focus_btn
                0x00000000080132e0       0x60 build/lv_list.o
                0x00000000080132e0                lv_list_focus_btn
 .text.lv_list_get_btn_label
                0x0000000008013340       0x40 build/lv_list.o
                0x0000000008013340                lv_list_get_btn_label
 .text.lv_list_get_btn_text
                0x0000000008013380       0x30 build/lv_list.o
                0x0000000008013380                lv_list_get_btn_text
 .text.lv_list_get_btn_img
                0x00000000080133b0       0x40 build/lv_list.o
                0x00000000080133b0                lv_list_get_btn_img
 .text.lv_list_get_prev_btn
                0x00000000080133f0       0x48 build/lv_list.o
                0x00000000080133f0                lv_list_get_prev_btn
 .text.lv_list_get_next_btn
                0x0000000008013438       0x48 build/lv_list.o
                0x0000000008013438                lv_list_get_next_btn
 .text.lv_list_signal
                0x0000000008013480      0x278 build/lv_list.o
 .text.lv_list_get_btn_selected
                0x00000000080136f8       0x24 build/lv_list.o
                0x00000000080136f8                lv_list_get_btn_selected
 .text.lv_list_btn_signal
                0x000000000801371c      0x140 build/lv_list.o
 .text.lv_list_get_layout
                0x000000000801385c       0x28 build/lv_list.o
                0x000000000801385c                lv_list_get_layout
 .text.lv_list_add_btn
                0x0000000008013884      0x1f0 build/lv_list.o
                0x0000000008013884                lv_list_add_btn
 .text.lv_list_create
                0x0000000008013a74      0x108 build/lv_list.o
                0x0000000008013a74                lv_list_create
 .text.lv_msgbox_close_ready_cb
                0x0000000008013b7c        0xa build/lv_msgbox.o
 *fill*         0x0000000008013b86        0x2 
 .text.lv_msgbox_get_style
                0x0000000008013b88       0x58 build/lv_msgbox.o
 .text.mbox_realign
                0x0000000008013be0       0xba build/lv_msgbox.o
 *fill*         0x0000000008013c9a        0x2 
 .text.lv_msgbox_signal
                0x0000000008013c9c      0x1d8 build/lv_msgbox.o
 .text.lv_msgbox_btnm_event_cb
                0x0000000008013e74       0x36 build/lv_msgbox.o
 *fill*         0x0000000008013eaa        0x2 
 .text.lv_msgbox_create
                0x0000000008013eac      0x19c build/lv_msgbox.o
                0x0000000008013eac                lv_msgbox_create
 .text.lv_msgbox_add_btns
                0x0000000008014048       0xa8 build/lv_msgbox.o
                0x0000000008014048                lv_msgbox_add_btns
 .text.lv_msgbox_get_active_btn
                0x00000000080140f0       0x44 build/lv_msgbox.o
                0x00000000080140f0                lv_msgbox_get_active_btn
 .text.lv_msgbox_get_anim_time
                0x0000000008014134       0x24 build/lv_msgbox.o
                0x0000000008014134                lv_msgbox_get_anim_time
 .text.lv_msgbox_start_auto_close
                0x0000000008014158       0xb8 build/lv_msgbox.o
                0x0000000008014158                lv_msgbox_start_auto_close
 .text.lv_msgbox_default_event_cb
                0x0000000008014210       0x20 build/lv_msgbox.o
 .text.lv_msgbox_get_btnmatrix
                0x0000000008014230       0x24 build/lv_msgbox.o
                0x0000000008014230                lv_msgbox_get_btnmatrix
 .text.get_edge_flash_area
                0x0000000008014254       0xfe build/lv_page.o
 *fill*         0x0000000008014352        0x2 
 .text.lv_page_design
                0x0000000008014354      0x194 build/lv_page.o
 .text.lv_page_get_style
                0x00000000080144e8       0x50 build/lv_page.o
 .text.refr_ext_draw_pad
                0x0000000008014538       0x32 build/lv_page.o
 .text.edge_flash_anim_end
                0x000000000801456a       0x32 build/lv_page.o
 .text.edge_flash_anim
                0x000000000801459c       0x24 build/lv_page.o
 .text.scrl_def_event_cb
                0x00000000080145c0       0x3e build/lv_page.o
 .text.scrlbar_refresh
                0x00000000080145fe      0x488 build/lv_page.o
 *fill*         0x0000000008014a86        0x2 
 .text.lv_page_set_scrollbar_mode
                0x0000000008014a88       0x90 build/lv_page.o
                0x0000000008014a88                lv_page_set_scrollbar_mode
 .text.lv_page_create
                0x0000000008014b18      0x1b4 build/lv_page.o
                0x0000000008014b18                lv_page_create
 .text.lv_page_set_anim_time
                0x0000000008014ccc       0x28 build/lv_page.o
                0x0000000008014ccc                lv_page_set_anim_time
 .text.lv_page_set_scroll_propagation
                0x0000000008014cf4       0x48 build/lv_page.o
                0x0000000008014cf4                lv_page_set_scroll_propagation
 .text.lv_page_set_edge_flash
                0x0000000008014d3c       0x30 build/lv_page.o
                0x0000000008014d3c                lv_page_set_edge_flash
 .text.lv_page_get_scrollable
                0x0000000008014d6c       0x24 build/lv_page.o
                0x0000000008014d6c                lv_page_get_scrollable
 .text.lv_page_get_anim_time
                0x0000000008014d90       0x24 build/lv_page.o
                0x0000000008014d90                lv_page_get_anim_time
 .text.lv_page_get_edge_flash
                0x0000000008014db4       0x2c build/lv_page.o
                0x0000000008014db4                lv_page_get_edge_flash
 .text.lv_page_get_width_fit
                0x0000000008014de0       0x74 build/lv_page.o
                0x0000000008014de0                lv_page_get_width_fit
 .text.lv_page_get_height_fit
                0x0000000008014e54       0x74 build/lv_page.o
                0x0000000008014e54                lv_page_get_height_fit
 .text.lv_page_get_width_grid
                0x0000000008014ec8       0x32 build/lv_page.o
                0x0000000008014ec8                lv_page_get_width_grid
 .text.lv_page_get_height_grid
                0x0000000008014efa       0x32 build/lv_page.o
                0x0000000008014efa                lv_page_get_height_grid
 .text.lv_page_on_edge
                0x0000000008014f2c       0xb8 build/lv_page.o
                0x0000000008014f2c                lv_page_on_edge
 .text.lv_page_glue_obj
                0x0000000008014fe4       0x14 build/lv_page.o
                0x0000000008014fe4                lv_page_glue_obj
 .text.lv_page_focus
                0x0000000008014ff8      0x274 build/lv_page.o
                0x0000000008014ff8                lv_page_focus
 .text.lv_page_scroll_hor
                0x000000000801526c       0x4c build/lv_page.o
                0x000000000801526c                lv_page_scroll_hor
 .text.lv_page_scroll_ver
                0x00000000080152b8       0x4c build/lv_page.o
                0x00000000080152b8                lv_page_scroll_ver
 .text.lv_page_signal
                0x0000000008015304      0x390 build/lv_page.o
 .text.lv_page_start_edge_flash
                0x0000000008015694       0xc4 build/lv_page.o
                0x0000000008015694                lv_page_start_edge_flash
 .text.scrl_reposition
                0x0000000008015758      0x186 build/lv_page.o
 *fill*         0x00000000080158de        0x2 
 .text.lv_page_scrollable_signal
                0x00000000080158e0      0x3c4 build/lv_page.o
 .text.lv_roller_get_style
                0x0000000008015ca4       0x38 build/lv_roller.o
 .text.lv_roller_label_design
                0x0000000008015cdc      0x11c build/lv_roller.o
 .text.draw_bg  0x0000000008015df8      0x134 build/lv_roller.o
 .text.get_label
                0x0000000008015f2c       0x16 build/lv_roller.o
 *fill*         0x0000000008015f42        0x2 
 .text.inf_normalize
                0x0000000008015f44       0xbc build/lv_roller.o
 .text.scroll_anim_ready_cb
                0x0000000008016000        0xa build/lv_roller.o
 *fill*         0x000000000801600a        0x2 
 .text.refr_position
                0x000000000801600c       0xc8 build/lv_roller.o
 .text.refr_height
                0x00000000080160d4       0x48 build/lv_roller.o
 .text.lv_roller_set_selected
                0x000000000801611c       0x7c build/lv_roller.o
                0x000000000801611c                lv_roller_set_selected
 .text.release_handler
                0x0000000008016198       0xfc build/lv_roller.o
 .text.lv_roller_set_visible_row_count
                0x0000000008016294       0x58 build/lv_roller.o
                0x0000000008016294                lv_roller_set_visible_row_count
 .text.lv_roller_get_align
                0x00000000080162ec       0x28 build/lv_roller.o
                0x00000000080162ec                lv_roller_get_align
 .text.lv_roller_design
                0x0000000008016314      0x270 build/lv_roller.o
 .text.lv_roller_get_auto_fit
                0x0000000008016584       0x2c build/lv_roller.o
                0x0000000008016584                lv_roller_get_auto_fit
 .text.refr_width
                0x00000000080165b0       0xf6 build/lv_roller.o
 *fill*         0x00000000080166a6        0x2 
 .text.lv_roller_scrl_signal
                0x00000000080166a8      0x138 build/lv_roller.o
 .text.lv_roller_signal
                0x00000000080167e0      0x1c8 build/lv_roller.o
 .text.lv_roller_set_options
                0x00000000080169a8      0x114 build/lv_roller.o
                0x00000000080169a8                lv_roller_set_options
 .text.lv_roller_create
                0x0000000008016abc      0x1d8 build/lv_roller.o
                0x0000000008016abc                lv_roller_create
 .text.lv_roller_set_align
                0x0000000008016c94       0x34 build/lv_roller.o
                0x0000000008016c94                lv_roller_set_align
 .text.lv_roller_set_auto_fit
                0x0000000008016cc8       0x38 build/lv_roller.o
                0x0000000008016cc8                lv_roller_set_auto_fit
 .text.lv_slider_get_style
                0x0000000008016d00       0x40 build/lv_slider.o
 .text.lv_slider_position_knob
                0x0000000008016d40       0x96 build/lv_slider.o
 .text.lv_slider_draw_knob
                0x0000000008016dd6       0x28 build/lv_slider.o
 *fill*         0x0000000008016dfe        0x2 
 .text.lv_slider_design
                0x0000000008016e00      0x19c build/lv_slider.o
 .text.lv_slider_create
                0x0000000008016f9c      0x140 build/lv_slider.o
                0x0000000008016f9c                lv_slider_create
 .text.lv_slider_get_value
                0x00000000080170dc       0x24 build/lv_slider.o
                0x00000000080170dc                lv_slider_get_value
 .text.lv_slider_signal
                0x0000000008017100      0x554 build/lv_slider.o
 .text.lv_switch_get_style
                0x0000000008017654       0x40 build/lv_switch.o
 .text.lv_switch_design
                0x0000000008017694      0x14c build/lv_switch.o
 .text.lv_switch_create
                0x00000000080177e0      0x14c build/lv_switch.o
                0x00000000080177e0                lv_switch_create
 .text.lv_switch_on
                0x000000000801792c       0x3c build/lv_switch.o
                0x000000000801792c                lv_switch_on
 .text.lv_switch_off
                0x0000000008017968       0x3c build/lv_switch.o
                0x0000000008017968                lv_switch_off
 .text.lv_switch_signal
                0x00000000080179a4      0x174 build/lv_switch.o
 .text.lv_table_get_style
                0x0000000008017b18       0x40 build/lv_table.o
 .text.get_row_height
                0x0000000008017b58      0x142 build/lv_table.o
 *fill*         0x0000000008017c9a        0x2 
 .text.lv_table_design
                0x0000000008017c9c      0x5d8 build/lv_table.o
 .text.refr_size
                0x0000000008018274      0x176 build/lv_table.o
 *fill*         0x00000000080183ea        0x2 
 .text.lv_table_signal
                0x00000000080183ec       0xbc build/lv_table.o
 .text.lv_table_set_row_cnt
                0x00000000080184a8       0xbc build/lv_table.o
                0x00000000080184a8                lv_table_set_row_cnt
 .text.lv_table_set_cell_value
                0x0000000008018564       0xf4 build/lv_table.o
                0x0000000008018564                lv_table_set_cell_value
 .text.lv_table_set_col_cnt
                0x0000000008018658       0x90 build/lv_table.o
                0x0000000008018658                lv_table_set_col_cnt
 .text.lv_table_create
                0x00000000080186e8      0x120 build/lv_table.o
                0x00000000080186e8                lv_table_create
 .text.lv_table_set_col_width
                0x0000000008018808       0x3c build/lv_table.o
                0x0000000008018808                lv_table_set_col_width
 .text.lv_table_set_cell_type
                0x0000000008018844       0xd0 build/lv_table.o
                0x0000000008018844                lv_table_set_cell_type
 .text.lv_table_get_cell_type
                0x0000000008018914       0x54 build/lv_table.o
                0x0000000008018914                lv_table_get_cell_type
 .text.lv_table_get_pressed_cell
                0x0000000008018968       0xd2 build/lv_table.o
                0x0000000008018968                lv_table_get_pressed_cell
 *fill*         0x0000000008018a3a        0x2 
 .text.lv_tabview_get_style
                0x0000000008018a3c       0x6c build/lv_tabview.o
 .text.refr_btns_size
                0x0000000008018aa8      0x10a build/lv_tabview.o
 *fill*         0x0000000008018bb2        0x2 
 .text.refr_content_size
                0x0000000008018bb4       0xd4 build/lv_tabview.o
 .text.refr_indic_size
                0x0000000008018c88       0x96 build/lv_tabview.o
 .text.refr_align
                0x0000000008018d1e       0xf2 build/lv_tabview.o
 .text.lv_tabview_get_tab_act
                0x0000000008018e10       0x24 build/lv_tabview.o
                0x0000000008018e10                lv_tabview_get_tab_act
 .text.lv_tabview_get_tab
                0x0000000008018e34       0x68 build/lv_tabview.o
                0x0000000008018e34                lv_tabview_get_tab
 .text.lv_tabview_get_anim_time
                0x0000000008018e9c       0x24 build/lv_tabview.o
                0x0000000008018e9c                lv_tabview_get_anim_time
 .text.lv_tabview_set_tab_act
                0x0000000008018ec0      0x1fc build/lv_tabview.o
                0x0000000008018ec0                lv_tabview_set_tab_act
 .text.tab_btnm_event_cb
                0x00000000080190bc       0x86 build/lv_tabview.o
 *fill*         0x0000000008019142        0x2 
 .text.tabview_scrl_signal
                0x0000000008019144      0x150 build/lv_tabview.o
 .text.tabview_realign
                0x0000000008019294       0x2e build/lv_tabview.o
 *fill*         0x00000000080192c2        0x2 
 .text.lv_tabview_signal
                0x00000000080192c4      0x218 build/lv_tabview.o
 .text.lv_tabview_add_tab
                0x00000000080194dc      0x1cc build/lv_tabview.o
                0x00000000080194dc                lv_tabview_add_tab
 .text.lv_tabview_create
                0x00000000080196a8      0x2e0 build/lv_tabview.o
                0x00000000080196a8                lv_tabview_create
 .text.lv_textarea_design
                0x0000000008019988       0x30 build/lv_textarea.o
 .text.pwd_char_hider_anim
                0x00000000080199b8        0x2 build/lv_textarea.o
 *fill*         0x00000000080199ba        0x2 
 .text.lv_textarea_get_style
                0x00000000080199bc       0x4c build/lv_textarea.o
 .text.cursor_blink_anim
                0x0000000008019a08       0x80 build/lv_textarea.o
 .text.lv_textarea_scrollable_design
                0x0000000008019a88      0x1a8 build/lv_textarea.o
 .text.lv_textarea_set_placeholder_text
                0x0000000008019c30       0x94 build/lv_textarea.o
                0x0000000008019c30                lv_textarea_set_placeholder_text
 .text.lv_textarea_get_text
                0x0000000008019cc4       0x38 build/lv_textarea.o
                0x0000000008019cc4                lv_textarea_get_text
 .text.char_is_accepted
                0x0000000008019cfc       0x68 build/lv_textarea.o
 .text.lv_textarea_get_label
                0x0000000008019d64       0x24 build/lv_textarea.o
                0x0000000008019d64                lv_textarea_get_label
 .text.lv_textarea_get_cursor_pos
                0x0000000008019d88       0x24 build/lv_textarea.o
                0x0000000008019d88                lv_textarea_get_cursor_pos
 .text.refr_cursor_area
                0x0000000008019dac      0x234 build/lv_textarea.o
 .text.pwd_char_hider
                0x0000000008019fe0       0xac build/lv_textarea.o
 .text.pwd_char_hider_anim_ready
                0x000000000801a08c        0xa build/lv_textarea.o
 *fill*         0x000000000801a096        0x2 
 .text.lv_textarea_set_cursor_pos
                0x000000000801a098      0x1f0 build/lv_textarea.o
                0x000000000801a098                lv_textarea_set_cursor_pos
 .text.update_cursor_position_on_click
                0x000000000801a288       0xb0 build/lv_textarea.o
 .text.lv_textarea_scrollable_signal
                0x000000000801a338       0xf4 build/lv_textarea.o
 .text.lv_textarea_set_cursor_hidden
                0x000000000801a42c       0x38 build/lv_textarea.o
                0x000000000801a42c                lv_textarea_set_cursor_hidden
 .text.lv_textarea_set_text_align
                0x000000000801a464       0x9c build/lv_textarea.o
                0x000000000801a464                lv_textarea_set_text_align
 .text.lv_textarea_set_one_line
                0x000000000801a500      0x11c build/lv_textarea.o
                0x000000000801a500                lv_textarea_set_one_line
 .text.lv_textarea_create
                0x000000000801a61c      0x304 build/lv_textarea.o
                0x000000000801a61c                lv_textarea_create
 .text.lv_textarea_get_one_line
                0x000000000801a920       0x2c build/lv_textarea.o
                0x000000000801a920                lv_textarea_get_one_line
 .text.lv_textarea_get_accepted_chars
                0x000000000801a94c       0x24 build/lv_textarea.o
                0x000000000801a94c                lv_textarea_get_accepted_chars
 .text.lv_textarea_get_max_length
                0x000000000801a970       0x24 build/lv_textarea.o
                0x000000000801a970                lv_textarea_get_max_length
 .text.lv_textarea_clear_selection
                0x000000000801a994       0x1c build/lv_textarea.o
                0x000000000801a994                lv_textarea_clear_selection
 .text.lv_textarea_add_text
                0x000000000801a9b0      0x1b4 build/lv_textarea.o
                0x000000000801a9b0                lv_textarea_add_text
 .text.insert_handler
                0x000000000801ab64       0x44 build/lv_textarea.o
 .text.lv_textarea_add_char
                0x000000000801aba8      0x188 build/lv_textarea.o
                0x000000000801aba8                lv_textarea_add_char
 .text.lv_textarea_del_char
                0x000000000801ad30      0x118 build/lv_textarea.o
                0x000000000801ad30                lv_textarea_del_char
 .text.lv_textarea_del_char_forward
                0x000000000801ae48       0x40 build/lv_textarea.o
                0x000000000801ae48                lv_textarea_del_char_forward
 .text.lv_textarea_set_text
                0x000000000801ae88      0x19c build/lv_textarea.o
                0x000000000801ae88                lv_textarea_set_text
 .text.lv_textarea_set_pwd_mode
                0x000000000801b024       0xa8 build/lv_textarea.o
                0x000000000801b024                lv_textarea_set_pwd_mode
 .text.lv_textarea_cursor_right
                0x000000000801b0cc       0x2c build/lv_textarea.o
                0x000000000801b0cc                lv_textarea_cursor_right
 .text.lv_textarea_cursor_left
                0x000000000801b0f8       0x30 build/lv_textarea.o
                0x000000000801b0f8                lv_textarea_cursor_left
 .text.lv_textarea_cursor_down
                0x000000000801b128       0x98 build/lv_textarea.o
                0x000000000801b128                lv_textarea_cursor_down
 .text.lv_textarea_cursor_up
                0x000000000801b1c0       0x88 build/lv_textarea.o
                0x000000000801b1c0                lv_textarea_cursor_up
 .text.lv_textarea_signal
                0x000000000801b248      0x238 build/lv_textarea.o
 .text.obj_to_foreground
                0x000000000801b480       0x24 build/lv_group.o
 .text.focus_next_core
                0x000000000801b4a4       0xd4 build/lv_group.o
 .text._lv_group_init
                0x000000000801b578       0x10 build/lv_group.o
                0x000000000801b578                _lv_group_init
 .text.lv_group_focus_next
                0x000000000801b588       0x14 build/lv_group.o
                0x000000000801b588                lv_group_focus_next
 .text.lv_group_focus_prev
                0x000000000801b59c       0x14 build/lv_group.o
                0x000000000801b59c                lv_group_focus_prev
 .text.lv_group_refocus
                0x000000000801b5b0       0x2a build/lv_group.o
 *fill*         0x000000000801b5da        0x2 
 .text.lv_group_add_obj
                0x000000000801b5dc       0x70 build/lv_group.o
                0x000000000801b5dc                lv_group_add_obj
 .text.lv_group_remove_obj
                0x000000000801b64c       0x8e build/lv_group.o
                0x000000000801b64c                lv_group_remove_obj
 .text.lv_group_get_focused
                0x000000000801b6da       0x12 build/lv_group.o
                0x000000000801b6da                lv_group_get_focused
 .text.lv_group_set_editing
                0x000000000801b6ec       0x44 build/lv_group.o
                0x000000000801b6ec                lv_group_set_editing
 .text.lv_group_focus_obj
                0x000000000801b730       0xa4 build/lv_group.o
                0x000000000801b730                lv_group_focus_obj
 .text.lv_group_get_editing
                0x000000000801b7d4        0xe build/lv_group.o
                0x000000000801b7d4                lv_group_get_editing
 *fill*         0x000000000801b7e2        0x2 
 .text.lv_event_mark_deleted
                0x000000000801b7e4       0x1c build/lv_obj.o
 .text.style_prop_is_cacheble
                0x000000000801b800      0x114 build/lv_obj.o
 .text.refresh_children_position
                0x000000000801b914       0x46 build/lv_obj.o
 .text.style_snapshot_compare
                0x000000000801b95a      0x15c build/lv_obj.o
 *fill*         0x000000000801bab6        0x2 
 .text.lv_init  0x000000000801bab8       0xb4 build/lv_obj.o
                0x000000000801bab8                lv_init
 .text.lv_obj_set_ext_click_area
                0x000000000801bb6c       0x3c build/lv_obj.o
                0x000000000801bb6c                lv_obj_set_ext_click_area
 .text.lv_obj_set_adv_hittest
                0x000000000801bba8       0x34 build/lv_obj.o
                0x000000000801bba8                lv_obj_set_adv_hittest
 .text.lv_obj_set_click
                0x000000000801bbdc       0x2c build/lv_obj.o
                0x000000000801bbdc                lv_obj_set_click
 .text.lv_obj_set_drag
                0x000000000801bc08       0x38 build/lv_obj.o
                0x000000000801bc08                lv_obj_set_drag
 .text.lv_obj_set_drag_dir
                0x000000000801bc40       0x3c build/lv_obj.o
                0x000000000801bc40                lv_obj_set_drag_dir
 .text.lv_obj_set_drag_throw
                0x000000000801bc7c       0x2c build/lv_obj.o
                0x000000000801bc7c                lv_obj_set_drag_throw
 .text.lv_obj_set_drag_parent
                0x000000000801bca8       0x2c build/lv_obj.o
                0x000000000801bca8                lv_obj_set_drag_parent
 .text.lv_obj_add_protect
                0x000000000801bcd4       0x28 build/lv_obj.o
                0x000000000801bcd4                lv_obj_add_protect
 .text.lv_obj_clear_protect
                0x000000000801bcfc       0x2c build/lv_obj.o
                0x000000000801bcfc                lv_obj_clear_protect
 .text.lv_obj_set_event_cb
                0x000000000801bd28       0x20 build/lv_obj.o
                0x000000000801bd28                lv_obj_set_event_cb
 .text.lv_event_send_func
                0x000000000801bd48       0xb0 build/lv_obj.o
                0x000000000801bd48                lv_event_send_func
 .text.lv_event_send
                0x000000000801bdf8       0x34 build/lv_obj.o
                0x000000000801bdf8                lv_event_send
 .text.lv_event_get_data
                0x000000000801be2c        0xc build/lv_obj.o
                0x000000000801be2c                lv_event_get_data
 .text.lv_obj_set_signal_cb
                0x000000000801be38       0x20 build/lv_obj.o
                0x000000000801be38                lv_obj_set_signal_cb
 .text.lv_signal_send
                0x000000000801be58       0x14 build/lv_obj.o
                0x000000000801be58                lv_signal_send
 .text.lv_obj_set_design_cb
                0x000000000801be6c       0x20 build/lv_obj.o
                0x000000000801be6c                lv_obj_set_design_cb
 .text.lv_obj_allocate_ext_attr
                0x000000000801be8c       0x30 build/lv_obj.o
                0x000000000801be8c                lv_obj_allocate_ext_attr
 .text.lv_obj_refresh_ext_draw_pad
                0x000000000801bebc       0x28 build/lv_obj.o
                0x000000000801bebc                lv_obj_refresh_ext_draw_pad
 .text.lv_obj_get_parent
                0x000000000801bee4       0x20 build/lv_obj.o
                0x000000000801bee4                lv_obj_get_parent
 .text.lv_obj_get_screen
                0x000000000801bf04       0x2c build/lv_obj.o
                0x000000000801bf04                lv_obj_get_screen
 .text.lv_obj_get_disp
                0x000000000801bf30       0x60 build/lv_obj.o
                0x000000000801bf30                lv_obj_get_disp
 .text.lv_obj_get_child
                0x000000000801bf90       0x30 build/lv_obj.o
                0x000000000801bf90                lv_obj_get_child
 .text.base_dir_refr_children
                0x000000000801bfc0       0x3a build/lv_obj.o
 .text.lv_obj_set_base_dir
                0x000000000801bffa       0x26 build/lv_obj.o
                0x000000000801bffa                lv_obj_set_base_dir
 .text.lv_obj_get_child_back
                0x000000000801c020       0x30 build/lv_obj.o
                0x000000000801c020                lv_obj_get_child_back
 .text.lv_obj_get_coords
                0x000000000801c050       0x34 build/lv_obj.o
                0x000000000801c050                lv_obj_get_coords
 .text.lv_obj_get_x
                0x000000000801c084       0x34 build/lv_obj.o
                0x000000000801c084                lv_obj_get_x
 .text.lv_obj_get_y
                0x000000000801c0b8       0x34 build/lv_obj.o
                0x000000000801c0b8                lv_obj_get_y
 .text.lv_obj_get_width
                0x000000000801c0ec       0x28 build/lv_obj.o
                0x000000000801c0ec                lv_obj_get_width
 .text.lv_obj_get_height
                0x000000000801c114       0x28 build/lv_obj.o
                0x000000000801c114                lv_obj_get_height
 .text.lv_obj_get_auto_realign
                0x000000000801c13c       0x24 build/lv_obj.o
                0x000000000801c13c                lv_obj_get_auto_realign
 .text.lv_obj_get_style_list
                0x000000000801c160       0x2a build/lv_obj.o
                0x000000000801c160                lv_obj_get_style_list
 *fill*         0x000000000801c18a        0x2 
 .text.trans_del
                0x000000000801c18c       0x78 build/lv_obj.o
 .text.lv_obj_clean_style_list
                0x000000000801c204       0x1e build/lv_obj.o
                0x000000000801c204                lv_obj_clean_style_list
 .text._lv_obj_disable_style_caching
                0x000000000801c222       0x44 build/lv_obj.o
                0x000000000801c222                _lv_obj_disable_style_caching
 *fill*         0x000000000801c266        0x2 
 .text.trans_anim_ready_cb
                0x000000000801c268       0x64 build/lv_obj.o
 .text.lv_obj_get_hidden
                0x000000000801c2cc       0x24 build/lv_obj.o
                0x000000000801c2cc                lv_obj_get_hidden
 .text.lv_obj_area_is_visible
                0x000000000801c2f0       0xdc build/lv_obj.o
                0x000000000801c2f0                lv_obj_area_is_visible
 .text.lv_obj_invalidate_area
                0x000000000801c3cc       0x50 build/lv_obj.o
                0x000000000801c3cc                lv_obj_invalidate_area
 .text.lv_obj_invalidate
                0x000000000801c41c       0x70 build/lv_obj.o
                0x000000000801c41c                lv_obj_invalidate
 .text.lv_obj_move_foreground
                0x000000000801c48c       0x54 build/lv_obj.o
                0x000000000801c48c                lv_obj_move_foreground
 .text.lv_obj_set_pos
                0x000000000801c4e0       0xa8 build/lv_obj.o
                0x000000000801c4e0                lv_obj_set_pos
 .text.lv_obj_set_x
                0x000000000801c588       0x30 build/lv_obj.o
                0x000000000801c588                lv_obj_set_x
 .text.lv_obj_set_y
                0x000000000801c5b8       0x30 build/lv_obj.o
                0x000000000801c5b8                lv_obj_set_y
 .text.obj_align_core
                0x000000000801c5e8       0x76 build/lv_obj.o
 *fill*         0x000000000801c65e        0x2 
 .text.lv_obj_align
                0x000000000801c660       0x7c build/lv_obj.o
                0x000000000801c660                lv_obj_align
 .text.obj_align_mid_core
                0x000000000801c6dc      0x2ec build/lv_obj.o
 .text.lv_obj_align_mid
                0x000000000801c9c8       0x7c build/lv_obj.o
                0x000000000801c9c8                lv_obj_align_mid
 .text.lv_obj_realign
                0x000000000801ca44       0x58 build/lv_obj.o
                0x000000000801ca44                lv_obj_realign
 .text.refresh_children_style
                0x000000000801ca9c       0x38 build/lv_obj.o
 .text.lv_obj_set_hidden
                0x000000000801cad4       0x64 build/lv_obj.o
                0x000000000801cad4                lv_obj_set_hidden
 .text.lv_obj_is_visible
                0x000000000801cb38       0x70 build/lv_obj.o
                0x000000000801cb38                lv_obj_is_visible
 .text.lv_obj_get_drag_parent
                0x000000000801cba8        0xa build/lv_obj.o
                0x000000000801cba8                lv_obj_get_drag_parent
 .text.lv_obj_get_focus_parent
                0x000000000801cbb2        0xa build/lv_obj.o
                0x000000000801cbb2                lv_obj_get_focus_parent
 .text.lv_obj_get_base_dir
                0x000000000801cbbc       0x20 build/lv_obj.o
                0x000000000801cbbc                lv_obj_get_base_dir
 .text.lv_obj_create
                0x000000000801cbdc      0x3d0 build/lv_obj.o
                0x000000000801cbdc                lv_obj_create
 .text.lv_obj_set_parent
                0x000000000801cfac       0xd4 build/lv_obj.o
                0x000000000801cfac                lv_obj_set_parent
 .text.lv_obj_set_size
                0x000000000801d080       0xc8 build/lv_obj.o
                0x000000000801d080                lv_obj_set_size
 .text.lv_obj_set_width
                0x000000000801d148       0x30 build/lv_obj.o
                0x000000000801d148                lv_obj_set_width
 .text.lv_obj_set_height
                0x000000000801d178       0x30 build/lv_obj.o
                0x000000000801d178                lv_obj_set_height
 .text.lv_obj_is_protected
                0x000000000801d1a8       0x2c build/lv_obj.o
                0x000000000801d1a8                lv_obj_is_protected
 .text.lv_obj_get_state
                0x000000000801d1d4       0x44 build/lv_obj.o
                0x000000000801d1d4                lv_obj_get_state
 .text._lv_obj_get_style_color
                0x000000000801d218       0x78 build/lv_obj.o
                0x000000000801d218                _lv_obj_get_style_color
 .text._lv_obj_get_style_int
                0x000000000801d290      0x1c0 build/lv_obj.o
                0x000000000801d290                _lv_obj_get_style_int
 .text.lv_obj_get_width_fit
                0x000000000801d450       0x44 build/lv_obj.o
                0x000000000801d450                lv_obj_get_width_fit
 .text.lv_obj_get_height_fit
                0x000000000801d494       0x44 build/lv_obj.o
                0x000000000801d494                lv_obj_get_height_fit
 .text.lv_obj_set_width_margin
                0x000000000801d4d8       0x2a build/lv_obj.o
                0x000000000801d4d8                lv_obj_set_width_margin
 .text.lv_obj_set_height_margin
                0x000000000801d502       0x2a build/lv_obj.o
                0x000000000801d502                lv_obj_set_height_margin
 .text.lv_obj_get_width_grid
                0x000000000801d52c       0x32 build/lv_obj.o
                0x000000000801d52c                lv_obj_get_width_grid
 *fill*         0x000000000801d55e        0x2 
 .text.lv_obj_get_inner_coords
                0x000000000801d560       0x64 build/lv_obj.o
                0x000000000801d560                lv_obj_get_inner_coords
 .text.update_style_cache
                0x000000000801d5c4      0x36c build/lv_obj.o
 .text._lv_obj_get_style_opa
                0x000000000801d930       0xea build/lv_obj.o
                0x000000000801d930                _lv_obj_get_style_opa
 *fill*         0x000000000801da1a        0x2 
 .text._lv_obj_get_style_ptr
                0x000000000801da1c       0xd4 build/lv_obj.o
                0x000000000801da1c                _lv_obj_get_style_ptr
 .text.update_style_cache_children
                0x000000000801daf0       0xfc build/lv_obj.o
 .text.invalidate_style_cache
                0x000000000801dbec       0x68 build/lv_obj.o
 .text.lv_obj_refresh_style
                0x000000000801dc54       0xe4 build/lv_obj.o
                0x000000000801dc54                lv_obj_refresh_style
 .text.lv_obj_add_style
                0x000000000801dd38       0x30 build/lv_obj.o
                0x000000000801dd38                lv_obj_add_style
 .text.lv_obj_reset_style_list
                0x000000000801dd68       0x16 build/lv_obj.o
                0x000000000801dd68                lv_obj_reset_style_list
 .text._lv_obj_set_style_local_int
                0x000000000801dd7e       0x30 build/lv_obj.o
                0x000000000801dd7e                _lv_obj_set_style_local_int
 .text._lv_obj_set_style_local_color
                0x000000000801ddae       0x30 build/lv_obj.o
                0x000000000801ddae                _lv_obj_set_style_local_color
 .text._lv_obj_set_style_local_opa
                0x000000000801ddde       0x30 build/lv_obj.o
                0x000000000801ddde                _lv_obj_set_style_local_opa
 .text._lv_obj_set_style_local_ptr
                0x000000000801de0e       0x30 build/lv_obj.o
                0x000000000801de0e                _lv_obj_set_style_local_ptr
 .text.report_style_mod_core
                0x000000000801de3e       0x92 build/lv_obj.o
 .text.lv_obj_report_style_mod
                0x000000000801ded0       0x3e build/lv_obj.o
                0x000000000801ded0                lv_obj_report_style_mod
 .text.trans_anim_cb
                0x000000000801df0e      0x11a build/lv_obj.o
 .text.trans_anim_start_cb
                0x000000000801e028       0x60 build/lv_obj.o
 .text.trans_create
                0x000000000801e088      0x2c8 build/lv_obj.o
 .text.lv_obj_get_signal_cb
                0x000000000801e350       0x20 build/lv_obj.o
                0x000000000801e350                lv_obj_get_signal_cb
 .text.lv_obj_get_design_cb
                0x000000000801e370       0x20 build/lv_obj.o
                0x000000000801e370                lv_obj_get_design_cb
 .text.lv_obj_get_ext_attr
                0x000000000801e390       0x20 build/lv_obj.o
                0x000000000801e390                lv_obj_get_ext_attr
 .text.lv_obj_get_type
                0x000000000801e3b0       0x90 build/lv_obj.o
                0x000000000801e3b0                lv_obj_get_type
 .text.lv_obj_get_group
                0x000000000801e440       0x20 build/lv_obj.o
                0x000000000801e440                lv_obj_get_group
 .text.obj_del_core
                0x000000000801e460       0xd4 build/lv_obj.o
 .text.lv_obj_del
                0x000000000801e534       0x64 build/lv_obj.o
                0x000000000801e534                lv_obj_del
 .text.lv_obj_is_focused
                0x000000000801e598       0x34 build/lv_obj.o
                0x000000000801e598                lv_obj_is_focused
 .text.lv_obj_is_point_on_coords
                0x000000000801e5cc       0x3a build/lv_obj.o
                0x000000000801e5cc                lv_obj_is_point_on_coords
 .text.lv_obj_handle_get_type_signal
                0x000000000801e606       0x1a build/lv_obj.o
                0x000000000801e606                lv_obj_handle_get_type_signal
 .text.lv_obj_init_draw_rect_dsc
                0x000000000801e620      0x334 build/lv_obj.o
                0x000000000801e620                lv_obj_init_draw_rect_dsc
 .text.lv_obj_design
                0x000000000801e954      0x2b4 build/lv_obj.o
 .text.lv_obj_init_draw_label_dsc
                0x000000000801ec08       0xc0 build/lv_obj.o
                0x000000000801ec08                lv_obj_init_draw_label_dsc
 .text.lv_obj_init_draw_img_dsc
                0x000000000801ecc8       0x9c build/lv_obj.o
                0x000000000801ecc8                lv_obj_init_draw_img_dsc
 .text.lv_obj_init_draw_line_dsc
                0x000000000801ed64       0x9e build/lv_obj.o
                0x000000000801ed64                lv_obj_init_draw_line_dsc
 .text.style_snapshot
                0x000000000801ee02      0x1ee build/lv_obj.o
 .text.lv_obj_set_state
                0x000000000801eff0      0x1f0 build/lv_obj.o
                0x000000000801eff0                lv_obj_set_state
 .text.lv_obj_add_state
                0x000000000801f1e0       0x34 build/lv_obj.o
                0x000000000801f1e0                lv_obj_add_state
 .text.lv_obj_clear_state
                0x000000000801f214       0x38 build/lv_obj.o
                0x000000000801f214                lv_obj_clear_state
 .text.lv_obj_get_draw_rect_ext_pad_size
                0x000000000801f24c      0x1f0 build/lv_obj.o
                0x000000000801f24c                lv_obj_get_draw_rect_ext_pad_size
 .text.lv_obj_get_focused_obj
                0x000000000801f43c       0x20 build/lv_obj.o
                0x000000000801f43c                lv_obj_get_focused_obj
 .text.lv_obj_signal
                0x000000000801f45c       0xfc build/lv_obj.o
 .text.lv_obj_set_focus_parent
                0x000000000801f558       0x60 build/lv_obj.o
                0x000000000801f558                lv_obj_set_focus_parent
 .text.lv_refr_join_area
                0x000000000801f5b8       0xe4 build/lv_refr.o
 .text.lv_refr_get_top_obj
                0x000000000801f69c       0x8c build/lv_refr.o
 .text.lv_refr_obj
                0x000000000801f728       0xec build/lv_refr.o
 .text.lv_refr_obj_and_children
                0x000000000801f814       0x6c build/lv_refr.o
 .text._lv_refr_init
                0x000000000801f880        0x2 build/lv_refr.o
                0x000000000801f880                _lv_refr_init
 .text._lv_inv_area
                0x000000000801f882       0xee build/lv_refr.o
                0x000000000801f882                _lv_inv_area
 .text._lv_refr_get_disp_refreshing
                0x000000000801f970        0xc build/lv_refr.o
                0x000000000801f970                _lv_refr_get_disp_refreshing
 .text.lv_refr_vdb_flush
                0x000000000801f97c       0x80 build/lv_refr.o
 .text.lv_refr_area_part
                0x000000000801f9fc      0x138 build/lv_refr.o
 .text.lv_refr_area
                0x000000000801fb34      0x198 build/lv_refr.o
 .text.lv_refr_areas
                0x000000000801fccc       0xb8 build/lv_refr.o
 .text._lv_disp_refr_task
                0x000000000801fd84      0x2d8 build/lv_refr.o
                0x000000000801fd84                _lv_disp_refr_task
 .text.lv_style_init
                0x000000000802005c        0xa build/lv_style.o
                0x000000000802005c                lv_style_init
 .text.lv_style_list_init
                0x0000000008020066        0xa build/lv_style.o
                0x0000000008020066                lv_style_list_init
 .text._lv_style_list_remove_style
                0x0000000008020070       0xb4 build/lv_style.o
                0x0000000008020070                _lv_style_list_remove_style
 .text._lv_style_list_add_style
                0x0000000008020124       0x9c build/lv_style.o
                0x0000000008020124                _lv_style_list_add_style
 .text.get_alloc_local_style
                0x00000000080201c0       0x7c build/lv_style.o
 .text.lv_style_reset
                0x000000000802023c       0x10 build/lv_style.o
                0x000000000802023c                lv_style_reset
 .text._lv_style_get_mem_size
                0x000000000802024c       0x4c build/lv_style.o
                0x000000000802024c                _lv_style_get_mem_size
 .text.lv_style_copy
                0x0000000008020298       0x26 build/lv_style.o
                0x0000000008020298                lv_style_copy
 .text.lv_style_remove_prop
                0x00000000080202be      0x124 build/lv_style.o
                0x00000000080202be                lv_style_remove_prop
 *fill*         0x00000000080203e2        0x2 
 .text._lv_style_set_int
                0x00000000080203e4      0x17c build/lv_style.o
                0x00000000080203e4                _lv_style_set_int
 .text._lv_style_set_color
                0x0000000008020560      0x17c build/lv_style.o
                0x0000000008020560                _lv_style_set_color
 .text._lv_style_set_opa
                0x00000000080206dc      0x180 build/lv_style.o
                0x00000000080206dc                _lv_style_set_opa
 .text._lv_style_set_ptr
                0x000000000802085c      0x17c build/lv_style.o
                0x000000000802085c                _lv_style_set_ptr
 .text._lv_style_get_int
                0x00000000080209d8       0xfe build/lv_style.o
                0x00000000080209d8                _lv_style_get_int
 .text._lv_style_get_opa
                0x0000000008020ad6       0xfe build/lv_style.o
                0x0000000008020ad6                _lv_style_get_opa
 .text._lv_style_get_color
                0x0000000008020bd4       0xfe build/lv_style.o
                0x0000000008020bd4                _lv_style_get_color
 .text._lv_style_get_ptr
                0x0000000008020cd2       0xfe build/lv_style.o
                0x0000000008020cd2                _lv_style_get_ptr
 .text.lv_style_list_get_local_style
                0x0000000008020dd0       0x1e build/lv_style.o
                0x0000000008020dd0                lv_style_list_get_local_style
 .text._lv_style_list_get_transition_style
                0x0000000008020dee       0x12 build/lv_style.o
                0x0000000008020dee                _lv_style_list_get_transition_style
 .text._lv_style_list_reset
                0x0000000008020e00       0x6c build/lv_style.o
                0x0000000008020e00                _lv_style_list_reset
 .text.lv_style_list_copy
                0x0000000008020e6c       0xfc build/lv_style.o
                0x0000000008020e6c                lv_style_list_copy
 .text._lv_style_list_add_trans_style
                0x0000000008020f68       0x60 build/lv_style.o
                0x0000000008020f68                _lv_style_list_add_trans_style
 .text._lv_style_list_set_local_int
                0x0000000008020fc8       0x14 build/lv_style.o
                0x0000000008020fc8                _lv_style_list_set_local_int
 .text._lv_style_list_set_local_opa
                0x0000000008020fdc       0x14 build/lv_style.o
                0x0000000008020fdc                _lv_style_list_set_local_opa
 .text._lv_style_list_set_local_color
                0x0000000008020ff0       0x14 build/lv_style.o
                0x0000000008020ff0                _lv_style_list_set_local_color
 .text._lv_style_list_set_local_ptr
                0x0000000008021004       0x14 build/lv_style.o
                0x0000000008021004                _lv_style_list_set_local_ptr
 .text._lv_style_list_get_int
                0x0000000008021018       0xc6 build/lv_style.o
                0x0000000008021018                _lv_style_list_get_int
 .text._lv_style_list_get_color
                0x00000000080210de       0xc4 build/lv_style.o
                0x00000000080210de                _lv_style_list_get_color
 .text._lv_style_list_get_opa
                0x00000000080211a2       0xc6 build/lv_style.o
                0x00000000080211a2                _lv_style_list_get_opa
 .text._lv_style_list_get_ptr
                0x0000000008021268       0xba build/lv_style.o
                0x0000000008021268                _lv_style_list_get_ptr
 .text.lv_disp_get_scr_act
                0x0000000008021322       0x18 build/lv_disp.o
                0x0000000008021322                lv_disp_get_scr_act
 .text.lv_disp_get_scr_prev
                0x000000000802133a       0x18 build/lv_disp.o
                0x000000000802133a                lv_disp_get_scr_prev
 .text.lv_disp_get_layer_top
                0x0000000008021352       0x18 build/lv_disp.o
                0x0000000008021352                lv_disp_get_layer_top
 .text.lv_disp_get_layer_sys
                0x000000000802136a       0x18 build/lv_disp.o
                0x000000000802136a                lv_disp_get_layer_sys
 *fill*         0x0000000008021382        0x2 
 .text.lv_tick_inc
                0x0000000008021384       0x18 build/lv_hal_tick.o
                0x0000000008021384                lv_tick_inc
 .text.lv_tick_get
                0x000000000802139c       0x1c build/lv_hal_tick.o
                0x000000000802139c                lv_tick_get
 .text.lv_tick_elaps
                0x00000000080213b8       0x14 build/lv_hal_tick.o
                0x00000000080213b8                lv_tick_elaps
 .text.lv_disp_drv_init
                0x00000000080213cc       0x5c build/lv_hal_disp.o
                0x00000000080213cc                lv_disp_drv_init
 .text.lv_disp_buf_init
                0x0000000008021428       0x1a build/lv_hal_disp.o
                0x0000000008021428                lv_disp_buf_init
 *fill*         0x0000000008021442        0x2 
 .text.lv_disp_get_default
                0x0000000008021444        0xc build/lv_hal_disp.o
                0x0000000008021444                lv_disp_get_default
 .text.lv_disp_get_hor_res
                0x0000000008021450       0x2a build/lv_hal_disp.o
                0x0000000008021450                lv_disp_get_hor_res
 .text.lv_disp_get_ver_res
                0x000000000802147a       0x28 build/lv_hal_disp.o
                0x000000000802147a                lv_disp_get_ver_res
 .text.lv_disp_get_dpi
                0x00000000080214a2       0x1c build/lv_hal_disp.o
                0x00000000080214a2                lv_disp_get_dpi
 .text.lv_disp_get_size_category
                0x00000000080214be       0x4a build/lv_hal_disp.o
                0x00000000080214be                lv_disp_get_size_category
 .text.lv_disp_flush_ready
                0x0000000008021508        0xc build/lv_hal_disp.o